
**************************************************************
 Geant4 version Name: geant4-11-04 [MT]   (5-December-2025)
  << in Multi-threaded mode >> 
                       Copyright : Geant4 Collaboration
                      References : NIM A 506 (2003), 250-303
                                 : IEEE-TNS 53 (2006), 270-278
                                 : NIM A 835 (2016), 186-225
                             WWW : http://geant4.org/
**************************************************************

[threads] source=cli count=16
Accumulable registered as "NEndLeft"
Accumulable registered as "NEndRight"
Accumulable registered as "NTop"
Accumulable registered as "NEventsWithHits"
Accumulable registered as "NScintPhotons"

-------- WWWW ------- G4Exception-START -------- WWWW -------
*** G4Exception : mat031
      issued by : G4Material::FillVectors()
For material opsc-101 sum of fractional masses 0.996667 is not 1 - results may be wrong

*** This is just a warning message. ***
-------- WWWW -------- G4Exception-END --------- WWWW -------

Checking overlaps for volume BarPV:0 (G4Box) ... OK! 
Checking overlaps for volume EndSiPMLeft_PV:0 (G4Box) ... OK! 
Checking overlaps for volume EndSiPMRight_PV:8 (G4Box) ... OK! 
Checking overlaps for volume EndSiPMLeft_PV:1 (G4Box) ... OK! 
Checking overlaps for volume EndSiPMRight_PV:9 (G4Box) ... OK! 
Checking overlaps for volume EndSiPMLeft_PV:2 (G4Box) ... OK! 
Checking overlaps for volume EndSiPMRight_PV:10 (G4Box) ... OK! 
Checking overlaps for volume EndSiPMLeft_PV:3 (G4Box) ... OK! 
Checking overlaps for volume EndSiPMRight_PV:11 (G4Box) ... OK! 
Checking overlaps for volume EndSiPMLeft_PV:4 (G4Box) ... OK! 
Checking overlaps for volume EndSiPMRight_PV:12 (G4Box) ... OK! 
Checking overlaps for volume EndSiPMLeft_PV:5 (G4Box) ... OK! 
Checking overlaps for volume EndSiPMRight_PV:13 (G4Box) ... OK! 
Checking overlaps for volume EndSiPMLeft_PV:6 (G4Box) ... OK! 
Checking overlaps for volume EndSiPMRight_PV:14 (G4Box) ... OK! 
Checking overlaps for volume EndSiPMLeft_PV:7 (G4Box) ... OK! 
Checking overlaps for volume EndSiPMRight_PV:15 (G4Box) ... OK! 
### Birks coefficients used in run time
G4WT5 > Accumulable registered as "NEndLeft"
G4WT5 > Accumulable registered as "NEndRight"
G4WT5 > Accumulable registered as "NTop"
G4WT8 > Accumulable registered as "NEndLeft"
G4WT8 > Accumulable registered as "NEndRight"
G4WT5 > Accumulable registered as "NEventsWithHits"
G4WT5 > Accumulable registered as "NScintPhotons"
G4WT2 > Accumulable registered as "NEndLeft"
G4WT2 > Accumulable registered as "NEndRight"
G4WT2 > Accumulable registered as "NTop"
G4WT6 > Accumulable registered as "NEndLeft"
G4WT6 > Accumulable registered as "NEndRight"
G4WT6 > Accumulable registered as "NTop"
G4WT6 > Accumulable registered as "NEventsWithHits"
G4WT6 > Accumulable registered as "NScintPhotons"
G4WT11 > Accumulable registered as "NEndLeft"
G4WT0 > Accumulable registered as "NEndLeft"
G4WT0 > Accumulable registered as "NEndRight"
G4WT4 > Accumulable registered as "NEndLeft"
G4WT13 > Accumulable registered as "NEndLeft"
G4WT13 > Accumulable registered as "NEndRight"
G4WT15 > Accumulable registered as "NEndLeft"
G4WT3 > Accumulable registered as "NEndLeft"
G4WT1 > Accumulable registered as "NEndLeft"
G4WT2 > Accumulable registered as "NEventsWithHits"
G4WT8 > Accumulable registered as "NTop"
G4WT8 > Accumulable registered as "NEventsWithHits"
G4WT8 > Accumulable registered as "NScintPhotons"
G4WT7 > Accumulable registered as "NEndLeft"
G4WT7 > Accumulable registered as "NEndRight"
G4WT7 > Accumulable registered as "NTop"
G4WT0 > Accumulable registered as "NTop"
G4WT4 > Accumulable registered as "NEndRight"
G4WT4 > Accumulable registered as "NTop"
G4WT13 > Accumulable registered as "NTop"
G4WT15 > Accumulable registered as "NEndRight"
G4WT3 > Accumulable registered as "NEndRight"
G4WT1 > Accumulable registered as "NEndRight"
G4WT2 > Accumulable registered as "NScintPhotons"
G4WT14 > Accumulable registered as "NEndLeft"
G4WT10 > Accumulable registered as "NEndLeft"
G4WT11 > Accumulable registered as "NEndRight"
G4WT9 > Accumulable registered as "NEndLeft"
G4WT7 > Accumulable registered as "NEventsWithHits"
G4WT0 > Accumulable registered as "NEventsWithHits"
G4WT12 > Accumulable registered as "NEndLeft"
G4WT4 > Accumulable registered as "NEventsWithHits"
G4WT13 > Accumulable registered as "NEventsWithHits"
G4WT15 > Accumulable registered as "NTop"
G4WT3 > Accumulable registered as "NTop"
G4WT1 > Accumulable registered as "NTop"
G4WT14 > Accumulable registered as "NEndRight"
G4WT14 > Accumulable registered as "NTop"
G4WT11 > Accumulable registered as "NTop"
G4WT9 > Accumulable registered as "NEndRight"
G4WT7 > Accumulable registered as "NScintPhotons"
G4WT0 > Accumulable registered as "NScintPhotons"
G4WT12 > Accumulable registered as "NEndRight"
G4WT12 > Accumulable registered as "NTop"
G4WT13 > Accumulable registered as "NScintPhotons"
G4WT15 > Accumulable registered as "NEventsWithHits"
G4WT3 > Accumulable registered as "NEventsWithHits"
G4WT3 > Accumulable registered as "NScintPhotons"
G4WT10 > Accumulable registered as "NEndRight"
G4WT14 > Accumulable registered as "NEventsWithHits"
G4WT11 > Accumulable registered as "NEventsWithHits"
G4WT9 > Accumulable registered as "NTop"
G4WT4 > Accumulable registered as "NScintPhotons"
G4WT12 > Accumulable registered as "NEventsWithHits"
G4WT12 > Accumulable registered as "NScintPhotons"
G4WT1 > Accumulable registered as "NEventsWithHits"
G4WT1 > Accumulable registered as "NScintPhotons"
G4WT14 > Accumulable registered as "NScintPhotons"
G4WT11 > Accumulable registered as "NScintPhotons"
G4WT9 > Accumulable registered as "NEventsWithHits"
G4WT9 > Accumulable registered as "NScintPhotons"
G4WT10 > Accumulable registered as "NTop"
G4WT15 > Accumulable registered as "NScintPhotons"
G4WT10 > Accumulable registered as "NEventsWithHits"
G4WT10 > Accumulable registered as "NScintPhotons"

=== Active Scintillator Baseline ===
  SSLG4 code            : OPSC-101
  Yield                 : 10400 ph/MeV
  Rise time tau_r       : 0.7 ns
  Decay time tau_d      : 1.8 ns
  Attenuation length    : 160 cm
  Emission peak lambda  : 408.8 nm
  Finite rise time      : enabled
=====================================

=== Active Readout / Wrapping Configuration ===
  Readout configuration : EndTop
  Top surface mode      : mylar
  SiPM model            : AFBR-S4N66P024M
  SiPM PDE file         : /mnt/d/SHiP/ej200_endonly/data/sipm/AFBR-S4N66P024M_pde.txt
  -X face               : instrumented
  +X face               : instrumented
  -Y face               : OPEN/UNDEFINED
  +Y face               : OPEN/UNDEFINED
  -Z face               : OPEN/UNDEFINED
  +Z face               : OPEN/UNDEFINED
  Reflector R           : 0
  Mylar specular lobe   : 1
  Mylar sigma alpha     : 0.1 deg
  Active End SiPMs      : 16 (L=8, R=8)
  Active Top SiPMs      : 0
==============================================
G4WT3 > 
=== EJ Scintillator Bar Run Summary ===
  Run ID                : 0
  Events run            : 44
  Events with ≥1 hit    : 44
  End-left  photons     : 39245
  End-right photons     : 3
  Top SiPM  photons     : 0
  Scint photons generated: 859789
  Total photons detected : 39248
  Detection efficiency   : 4.5648 %
  ROOT output           : photon_hits_run000.root
==============================

G4WT14 > 
=== EJ Scintillator Bar Run Summary ===
  Run ID                : 0
  Events run            : 22
  Events with ≥1 hit    : 22
  End-left  photons     : 20562
  End-right photons     : 1
  Top SiPM  photons     : 0
  Scint photons generated: 443759
  Total photons detected : 20563
  Detection efficiency   : 4.6338 %
  ROOT output           : photon_hits_run000.root
==============================

G4WT5 > 
=== EJ Scintillator Bar Run Summary ===
  Run ID                : 0
  Events run            : 44
  Events with ≥1 hit    : 44
  End-left  photons     : 38856
  End-right photons     : 1
  Top SiPM  photons     : 0
  Scint photons generated: 858090
  Total photons detected : 38857
  Detection efficiency   : 4.5283 %
  ROOT output           : photon_hits_run000.root
==============================

G4WT9 > 
=== EJ Scintillator Bar Run Summary ===
  Run ID                : 0
  Events run            : 22
  Events with ≥1 hit    : 22
  End-left  photons     : 21414
  End-right photons     : 1
  Top SiPM  photons     : 0
  Scint photons generated: 470407
  Total photons detected : 21415
  Detection efficiency   : 4.5524 %
  ROOT output           : photon_hits_run000.root
==============================

G4WT12 > 
=== EJ Scintillator Bar Run Summary ===
  Run ID                : 0
  Events run            : 44
  Events with ≥1 hit    : 44
  End-left  photons     : 38307
  End-right photons     : 1
  Top SiPM  photons     : 0
  Scint photons generated: 841322
  Total photons detected : 38308
  Detection efficiency   : 4.5533 %
  ROOT output           : photon_hits_run000.root
==============================

G4WT8 > 
=== EJ Scintillator Bar Run Summary ===
  Run ID                : 0
  Events run            : 44
  Events with ≥1 hit    : 44
  End-left  photons     : 38296
  End-right photons     : 3
  Top SiPM  photons     : 0
  Scint photons generated: 846199
  Total photons detected : 38299
  Detection efficiency   : 4.5260 %
  ROOT output           : photon_hits_run000.root
==============================

G4WT2 > 
=== EJ Scintillator Bar Run Summary ===
  Run ID                : 0
  Events run            : 22
  Events with ≥1 hit    : 22
  End-left  photons     : 20163
  End-right photons     : 1
  Top SiPM  photons     : 0
  Scint photons generated: 441816
  Total photons detected : 20164
  Detection efficiency   : 4.5639 %
  ROOT output           : photon_hits_run000.root
==============================

G4WT13 > 
=== EJ Scintillator Bar Run Summary ===
  Run ID                : 0
  Events run            : 22
  Events with ≥1 hit    : 22
  End-left  photons     : 20451
  End-right photons     : 2
  Top SiPM  photons     : 0
  Scint photons generated: 440179
  Total photons detected : 20453
  Detection efficiency   : 4.6465 %
  ROOT output           : photon_hits_run000.root
==============================

G4WT0 > 
=== EJ Scintillator Bar Run Summary ===
  Run ID                : 0
  Events run            : 22
  Events with ≥1 hit    : 22
  End-left  photons     : 19844
  End-right photons     : 0
  Top SiPM  photons     : 0
  Scint photons generated: 434741
  Total photons detected : 19844
  Detection efficiency   : 4.5646 %
  ROOT output           : photon_hits_run000.root
==============================

G4WT11 > 
=== EJ Scintillator Bar Run Summary ===
  Run ID                : 0
  Events run            : 44
  Events with ≥1 hit    : 44
  End-left  photons     : 41470
  End-right photons     : 3
  Top SiPM  photons     : 0
  Scint photons generated: 885564
  Total photons detected : 41473
  Detection efficiency   : 4.6832 %
  ROOT output           : photon_hits_run000.root
==============================

G4WT7 > 
=== EJ Scintillator Bar Run Summary ===
  Run ID                : 0
  Events run            : 22
  Events with ≥1 hit    : 22
  End-left  photons     : 19085
  End-right photons     : 1
  Top SiPM  photons     : 0
  Scint photons generated: 424202
  Total photons detected : 19086
  Detection efficiency   : 4.4993 %
  ROOT output           : photon_hits_run000.root
==============================

G4WT4 > 
=== EJ Scintillator Bar Run Summary ===
  Run ID                : 0
  Events run            : 38
  Events with ≥1 hit    : 38
  End-left  photons     : 37267
  End-right photons     : 2
  Top SiPM  photons     : 0
  Scint photons generated: 803931
  Total photons detected : 37269
  Detection efficiency   : 4.6358 %
  ROOT output           : photon_hits_run000.root
==============================

G4WT6 > 
=== EJ Scintillator Bar Run Summary ===
  Run ID                : 0
  Events run            : 22
  Events with ≥1 hit    : 22
  End-left  photons     : 19475
  End-right photons     : 2
  Top SiPM  photons     : 0
  Scint photons generated: 434393
  Total photons detected : 19477
  Detection efficiency   : 4.4837 %
  ROOT output           : photon_hits_run000.root
==============================

G4WT1 > 
=== EJ Scintillator Bar Run Summary ===
  Run ID                : 0
  Events run            : 44
  Events with ≥1 hit    : 44
  End-left  photons     : 39051
  End-right photons     : 3
  Top SiPM  photons     : 0
  Scint photons generated: 855462
  Total photons detected : 39054
  Detection efficiency   : 4.5653 %
  ROOT output           : photon_hits_run000.root
==============================

G4WT15 > 
=== EJ Scintillator Bar Run Summary ===
  Run ID                : 0
  Events run            : 22
  Events with ≥1 hit    : 22
  End-left  photons     : 21244
  End-right photons     : 2
  Top SiPM  photons     : 0
  Scint photons generated: 472749
  Total photons detected : 21246
  Detection efficiency   : 4.4941 %
  ROOT output           : photon_hits_run000.root
==============================

G4WT10 > 
=== EJ Scintillator Bar Run Summary ===
  Run ID                : 0
  Events run            : 22
  Events with ≥1 hit    : 22
  End-left  photons     : 19983
  End-right photons     : 0
  Top SiPM  photons     : 0
  Scint photons generated: 443528
  Total photons detected : 19983
  Detection efficiency   : 4.5055 %
  ROOT output           : photon_hits_run000.root
==============================


=== EJ Scintillator Bar Run Summary ===
  Run ID                : 0
  Events run            : 500
  Events with ≥1 hit    : 500
  End-left  photons     : 454713
  End-right photons     : 26
  Top SiPM  photons     : 0
  Scint photons generated: 9956131
  Total photons detected : 454739
  Detection efficiency   : 4.5674 %
  ROOT output           : photon_hits_run000.root
==============================


=== Boundary Census (diagnostic) ===
  Bar -> reflector panel   : 0
  Bar -> World (escaped)   : 9132531
  Bar -> Bar (TIR/refl)    : 0
  Bar -> SiPM (entering)   : 683805
  Killed in WorldLV        : 8911180
====================================

