
**************************************************************
 Geant4 version Name: geant4-11-04 [MT]   (5-December-2025)
  << in Multi-threaded mode >> 
                       Copyright : Geant4 Collaboration
                      References : NIM A 506 (2003), 250-303
                                 : IEEE-TNS 53 (2006), 270-278
                                 : NIM A 835 (2016), 186-225
                             WWW : http://geant4.org/
**************************************************************

[threads] source=cli count=16
Accumulable registered as "NEndLeft"
Accumulable registered as "NEndRight"
Accumulable registered as "NTop"
Accumulable registered as "NEventsWithHits"
Accumulable registered as "NScintPhotons"

-------- WWWW ------- G4Exception-START -------- WWWW -------
*** G4Exception : mat031
      issued by : G4Material::FillVectors()
For material opsc-101 sum of fractional masses 0.996667 is not 1 - results may be wrong

*** This is just a warning message. ***
-------- WWWW -------- G4Exception-END --------- WWWW -------

Checking overlaps for volume BarPV:0 (G4Box) ... OK! 
Checking overlaps for volume EndSiPMLeft_PV:0 (G4Box) ... OK! 
Checking overlaps for volume EndSiPMRight_PV:8 (G4Box) ... OK! 
Checking overlaps for volume EndSiPMLeft_PV:1 (G4Box) ... OK! 
Checking overlaps for volume EndSiPMRight_PV:9 (G4Box) ... OK! 
Checking overlaps for volume EndSiPMLeft_PV:2 (G4Box) ... OK! 
Checking overlaps for volume EndSiPMRight_PV:10 (G4Box) ... OK! 
Checking overlaps for volume EndSiPMLeft_PV:3 (G4Box) ... OK! 
Checking overlaps for volume EndSiPMRight_PV:11 (G4Box) ... OK! 
Checking overlaps for volume EndSiPMLeft_PV:4 (G4Box) ... OK! 
Checking overlaps for volume EndSiPMRight_PV:12 (G4Box) ... OK! 
Checking overlaps for volume EndSiPMLeft_PV:5 (G4Box) ... OK! 
Checking overlaps for volume EndSiPMRight_PV:13 (G4Box) ... OK! 
Checking overlaps for volume EndSiPMLeft_PV:6 (G4Box) ... OK! 
Checking overlaps for volume EndSiPMRight_PV:14 (G4Box) ... OK! 
Checking overlaps for volume EndSiPMLeft_PV:7 (G4Box) ... OK! 
Checking overlaps for volume EndSiPMRight_PV:15 (G4Box) ... OK! 
### Birks coefficients used in run time
G4WT1 > Accumulable registered as "NEndLeft"
G4WT14 > Accumulable registered as "NEndLeft"
G4WT14 > Accumulable registered as "NEndRight"
G4WT14 > Accumulable registered as "NTop"
G4WT14 > Accumulable registered as "NEventsWithHits"
G4WT14 > Accumulable registered as "NScintPhotons"
G4WT2 > Accumulable registered as "NEndLeft"
G4WT2 > Accumulable registered as "NEndRight"
G4WT2 > Accumulable registered as "NTop"
G4WT2 > Accumulable registered as "NEventsWithHits"
G4WT2 > Accumulable registered as "NScintPhotons"
G4WT4 > Accumulable registered as "NEndLeft"
G4WT4 > Accumulable registered as "NEndRight"
G4WT13 > Accumulable registered as "NEndLeft"
G4WT13 > Accumulable registered as "NEndRight"
G4WT13 > Accumulable registered as "NTop"
G4WT13 > Accumulable registered as "NEventsWithHits"
G4WT13 > Accumulable registered as "NScintPhotons"
G4WT1 > Accumulable registered as "NEndRight"
G4WT1 > Accumulable registered as "NTop"
G4WT9 > Accumulable registered as "NEndLeft"
G4WT9 > Accumulable registered as "NEndRight"
G4WT9 > Accumulable registered as "NTop"
G4WT9 > Accumulable registered as "NEventsWithHits"
G4WT9 > Accumulable registered as "NScintPhotons"
G4WT0 > Accumulable registered as "NEndLeft"
G4WT0 > Accumulable registered as "NEndRight"
G4WT7 > Accumulable registered as "NEndLeft"
G4WT12 > Accumulable registered as "NEndLeft"
G4WT12 > Accumulable registered as "NEndRight"
G4WT6 > Accumulable registered as "NEndLeft"
G4WT6 > Accumulable registered as "NEndRight"
G4WT6 > Accumulable registered as "NTop"
G4WT3 > Accumulable registered as "NEndLeft"
G4WT5 > Accumulable registered as "NEndLeft"
G4WT5 > Accumulable registered as "NEndRight"
G4WT5 > Accumulable registered as "NTop"
G4WT4 > Accumulable registered as "NTop"
G4WT0 > Accumulable registered as "NTop"
G4WT7 > Accumulable registered as "NEndRight"
G4WT7 > Accumulable registered as "NTop"
G4WT12 > Accumulable registered as "NTop"
G4WT12 > Accumulable registered as "NEventsWithHits"
G4WT12 > Accumulable registered as "NScintPhotons"
G4WT6 > Accumulable registered as "NEventsWithHits"
G4WT3 > Accumulable registered as "NEndRight"
G4WT3 > Accumulable registered as "NTop"
G4WT15 > Accumulable registered as "NEndLeft"
G4WT5 > Accumulable registered as "NEventsWithHits"
G4WT4 > Accumulable registered as "NEventsWithHits"
G4WT0 > Accumulable registered as "NEventsWithHits"
G4WT0 > Accumulable registered as "NScintPhotons"
G4WT7 > Accumulable registered as "NEventsWithHits"
G4WT7 > Accumulable registered as "NScintPhotons"
G4WT1 > Accumulable registered as "NEventsWithHits"
G4WT6 > Accumulable registered as "NScintPhotons"
G4WT10 > Accumulable registered as "NEndLeft"
G4WT3 > Accumulable registered as "NEventsWithHits"
G4WT15 > Accumulable registered as "NEndRight"
G4WT15 > Accumulable registered as "NTop"
G4WT4 > Accumulable registered as "NScintPhotons"
G4WT8 > Accumulable registered as "NEndLeft"
G4WT8 > Accumulable registered as "NEndRight"
G4WT1 > Accumulable registered as "NScintPhotons"
G4WT10 > Accumulable registered as "NEndRight"
G4WT3 > Accumulable registered as "NScintPhotons"
G4WT5 > Accumulable registered as "NScintPhotons"
G4WT15 > Accumulable registered as "NEventsWithHits"
G4WT15 > Accumulable registered as "NScintPhotons"
G4WT8 > Accumulable registered as "NTop"
G4WT10 > Accumulable registered as "NTop"
G4WT11 > Accumulable registered as "NEndLeft"
G4WT8 > Accumulable registered as "NEventsWithHits"
G4WT10 > Accumulable registered as "NEventsWithHits"
G4WT11 > Accumulable registered as "NEndRight"
G4WT8 > Accumulable registered as "NScintPhotons"
G4WT10 > Accumulable registered as "NScintPhotons"
G4WT11 > Accumulable registered as "NTop"
G4WT11 > Accumulable registered as "NEventsWithHits"
G4WT11 > Accumulable registered as "NScintPhotons"

=== Active Scintillator Baseline ===
  SSLG4 code            : OPSC-101
  Yield                 : 10400 ph/MeV
  Rise time tau_r       : 0.7 ns
  Decay time tau_d      : 1.8 ns
  Attenuation length    : 160 cm
  Emission peak lambda  : 408.8 nm
  Finite rise time      : enabled
=====================================

=== Active Readout / Wrapping Configuration ===
  Readout configuration : EndTop
  Top surface mode      : mylar
  SiPM model            : AFBR-S4N66P024M
  SiPM PDE file         : /mnt/d/SHiP/ej200_endonly/data/sipm/AFBR-S4N66P024M_pde.txt
  -X face               : instrumented
  +X face               : instrumented
  -Y face               : OPEN/UNDEFINED
  +Y face               : OPEN/UNDEFINED
  -Z face               : OPEN/UNDEFINED
  +Z face               : OPEN/UNDEFINED
  Reflector R           : 0
  Mylar specular lobe   : 1
  Mylar sigma alpha     : 0.1 deg
  Active End SiPMs      : 16 (L=8, R=8)
  Active Top SiPMs      : 0
==============================================
G4WT1 > 
=== EJ Scintillator Bar Run Summary ===
  Run ID                : 0
  Events run            : 22
  Events with ≥1 hit    : 9
  End-left  photons     : 2
  End-right photons     : 10
  Top SiPM  photons     : 0
  Scint photons generated: 452596
  Total photons detected : 12
  Detection efficiency   : 0.0027 %
  ROOT output           : photon_hits_run000.root
==============================

G4WT5 > 
=== EJ Scintillator Bar Run Summary ===
  Run ID                : 0
  Events run            : 22
  Events with ≥1 hit    : 14
  End-left  photons     : 6
  End-right photons     : 18
  Top SiPM  photons     : 0
  Scint photons generated: 430773
  Total photons detected : 24
  Detection efficiency   : 0.0056 %
  ROOT output           : photon_hits_run000.root
==============================

G4WT3 > 
=== EJ Scintillator Bar Run Summary ===
  Run ID                : 0
  Events run            : 22
  Events with ≥1 hit    : 10
  End-left  photons     : 7
  End-right photons     : 11
  Top SiPM  photons     : 0
  Scint photons generated: 415999
  Total photons detected : 18
  Detection efficiency   : 0.0043 %
  ROOT output           : photon_hits_run000.root
==============================

G4WT2 > 
=== EJ Scintillator Bar Run Summary ===
  Run ID                : 0
  Events run            : 22
  Events with ≥1 hit    : 13
  End-left  photons     : 5
  End-right photons     : 14
  Top SiPM  photons     : 0
  Scint photons generated: 455481
  Total photons detected : 19
  Detection efficiency   : 0.0042 %
  ROOT output           : photon_hits_run000.root
==============================

G4WT11 > 
=== EJ Scintillator Bar Run Summary ===
  Run ID                : 0
  Events run            : 22
  Events with ≥1 hit    : 14
  End-left  photons     : 4
  End-right photons     : 16
  Top SiPM  photons     : 0
  Scint photons generated: 432208
  Total photons detected : 20
  Detection efficiency   : 0.0046 %
  ROOT output           : photon_hits_run000.root
==============================

G4WT8 > 
=== EJ Scintillator Bar Run Summary ===
  Run ID                : 0
  Events run            : 22
  Events with ≥1 hit    : 14
  End-left  photons     : 5
  End-right photons     : 17
  Top SiPM  photons     : 0
  Scint photons generated: 457790
  Total photons detected : 22
  Detection efficiency   : 0.0048 %
  ROOT output           : photon_hits_run000.root
==============================

G4WT4 > 
=== EJ Scintillator Bar Run Summary ===
  Run ID                : 0
  Events run            : 22
  Events with ≥1 hit    : 14
  End-left  photons     : 5
  End-right photons     : 12
  Top SiPM  photons     : 0
  Scint photons generated: 425154
  Total photons detected : 17
  Detection efficiency   : 0.0040 %
  ROOT output           : photon_hits_run000.root
==============================

G4WT12 > 
=== EJ Scintillator Bar Run Summary ===
  Run ID                : 0
  Events run            : 38
  Events with ≥1 hit    : 19
  End-left  photons     : 9
  End-right photons     : 22
  Top SiPM  photons     : 0
  Scint photons generated: 737059
  Total photons detected : 31
  Detection efficiency   : 0.0042 %
  ROOT output           : photon_hits_run000.root
==============================

G4WT9 > 
=== EJ Scintillator Bar Run Summary ===
  Run ID                : 0
  Events run            : 44
  Events with ≥1 hit    : 25
  End-left  photons     : 21
  End-right photons     : 21
  Top SiPM  photons     : 0
  Scint photons generated: 897506
  Total photons detected : 42
  Detection efficiency   : 0.0047 %
  ROOT output           : photon_hits_run000.root
==============================

G4WT14 > 
=== EJ Scintillator Bar Run Summary ===
  Run ID                : 0
  Events run            : 44
  Events with ≥1 hit    : 28
  End-left  photons     : 16
  End-right photons     : 36
  Top SiPM  photons     : 0
  Scint photons generated: 895165
  Total photons detected : 52
  Detection efficiency   : 0.0058 %
  ROOT output           : photon_hits_run000.root
==============================

G4WT6 > 
=== EJ Scintillator Bar Run Summary ===
  Run ID                : 0
  Events run            : 44
  Events with ≥1 hit    : 28
  End-left  photons     : 10
  End-right photons     : 30
  Top SiPM  photons     : 0
  Scint photons generated: 833069
  Total photons detected : 40
  Detection efficiency   : 0.0048 %
  ROOT output           : photon_hits_run000.root
==============================

G4WT15 > 
=== EJ Scintillator Bar Run Summary ===
  Run ID                : 0
  Events run            : 44
  Events with ≥1 hit    : 23
  End-left  photons     : 16
  End-right photons     : 22
  Top SiPM  photons     : 0
  Scint photons generated: 874262
  Total photons detected : 38
  Detection efficiency   : 0.0043 %
  ROOT output           : photon_hits_run000.root
==============================

G4WT13 > 
=== EJ Scintillator Bar Run Summary ===
  Run ID                : 0
  Events run            : 22
  Events with ≥1 hit    : 13
  End-left  photons     : 8
  End-right photons     : 12
  Top SiPM  photons     : 0
  Scint photons generated: 449954
  Total photons detected : 20
  Detection efficiency   : 0.0044 %
  ROOT output           : photon_hits_run000.root
==============================

G4WT7 > 
=== EJ Scintillator Bar Run Summary ===
  Run ID                : 0
  Events run            : 22
  Events with ≥1 hit    : 12
  End-left  photons     : 7
  End-right photons     : 13
  Top SiPM  photons     : 0
  Scint photons generated: 419957
  Total photons detected : 20
  Detection efficiency   : 0.0048 %
  ROOT output           : photon_hits_run000.root
==============================

G4WT0 > 
=== EJ Scintillator Bar Run Summary ===
  Run ID                : 0
  Events run            : 44
  Events with ≥1 hit    : 23
  End-left  photons     : 6
  End-right photons     : 22
  Top SiPM  photons     : 0
  Scint photons generated: 849695
  Total photons detected : 28
  Detection efficiency   : 0.0033 %
  ROOT output           : photon_hits_run000.root
==============================

G4WT10 > 
=== EJ Scintillator Bar Run Summary ===
  Run ID                : 0
  Events run            : 44
  Events with ≥1 hit    : 23
  End-left  photons     : 15
  End-right photons     : 18
  Top SiPM  photons     : 0
  Scint photons generated: 842021
  Total photons detected : 33
  Detection efficiency   : 0.0039 %
  ROOT output           : photon_hits_run000.root
==============================


=== EJ Scintillator Bar Run Summary ===
  Run ID                : 0
  Events run            : 500
  Events with ≥1 hit    : 282
  End-left  photons     : 142
  End-right photons     : 294
  Top SiPM  photons     : 0
  Scint photons generated: 9868689
  Total photons detected : 436
  Detection efficiency   : 0.0044 %
  ROOT output           : photon_hits_run000.root
==============================


=== Boundary Census (diagnostic) ===
  Bar -> reflector panel   : 0
  Bar -> World (escaped)   : 9645967
  Bar -> Bar (TIR/refl)    : 0
  Bar -> SiPM (entering)   : 658
  Killed in WorldLV        : 9418877
====================================

