
**************************************************************
 Geant4 version Name: geant4-11-04 [MT]   (5-December-2025)
  << in Multi-threaded mode >> 
                       Copyright : Geant4 Collaboration
                      References : NIM A 506 (2003), 250-303
                                 : IEEE-TNS 53 (2006), 270-278
                                 : NIM A 835 (2016), 186-225
                             WWW : http://geant4.org/
**************************************************************

Accumulable registered as "NEndLeft"
Accumulable registered as "NEndRight"
Accumulable registered as "NTop"
Accumulable registered as "NEventsWithHits"
Accumulable registered as "NScintPhotons"
Checking overlaps for volume BarPV:0 (G4Box) ... OK! 
Checking overlaps for volume ReflectorYMinusPV:0 (G4Box) ... OK! 
Checking overlaps for volume ReflectorZMinusPV:3 (G4Box) ... OK! 
Checking overlaps for volume ReflectorZPlusPV:4 (G4Box) ... OK! 
Checking overlaps for volume ReflectorYPlusPV:5 (G4Box) ... OK! 
Checking overlaps for volume EndSiPMLeft_PV:0 (G4Box) ... OK! 
Checking overlaps for volume EndSiPMRight_PV:8 (G4Box) ... OK! 
Checking overlaps for volume EndSiPMLeft_PV:1 (G4Box) ... OK! 
Checking overlaps for volume EndSiPMRight_PV:9 (G4Box) ... OK! 
Checking overlaps for volume EndSiPMLeft_PV:2 (G4Box) ... OK! 
Checking overlaps for volume EndSiPMRight_PV:10 (G4Box) ... OK! 
Checking overlaps for volume EndSiPMLeft_PV:3 (G4Box) ... OK! 
Checking overlaps for volume EndSiPMRight_PV:11 (G4Box) ... OK! 
Checking overlaps for volume EndSiPMLeft_PV:4 (G4Box) ... OK! 
Checking overlaps for volume EndSiPMRight_PV:12 (G4Box) ... OK! 
Checking overlaps for volume EndSiPMLeft_PV:5 (G4Box) ... OK! 
Checking overlaps for volume EndSiPMRight_PV:13 (G4Box) ... OK! 
Checking overlaps for volume EndSiPMLeft_PV:6 (G4Box) ... OK! 
Checking overlaps for volume EndSiPMRight_PV:14 (G4Box) ... OK! 
Checking overlaps for volume EndSiPMLeft_PV:7 (G4Box) ... OK! 
Checking overlaps for volume EndSiPMRight_PV:15 (G4Box) ... OK! 
### Birks coefficients used in run time
G4WT15 > Accumulable registered as "NEndLeft"
G4WT15 > Accumulable registered as "NEndRight"
G4WT10 > Accumulable registered as "NEndLeft"
G4WT10 > Accumulable registered as "NEndRight"
G4WT10 > Accumulable registered as "NTop"
G4WT10 > Accumulable registered as "NEventsWithHits"
G4WT10 > Accumulable registered as "NScintPhotons"
G4WT1 > Accumulable registered as "NEndLeft"
G4WT1 > Accumulable registered as "NEndRight"
G4WT1 > Accumulable registered as "NTop"
G4WT1 > Accumulable registered as "NEventsWithHits"
G4WT1 > Accumulable registered as "NScintPhotons"
G4WT15 > Accumulable registered as "NTop"
G4WT8 > Accumulable registered as "NEndLeft"
G4WT14 > Accumulable registered as "NEndLeft"
G4WT14 > Accumulable registered as "NEndRight"
G4WT14 > Accumulable registered as "NTop"
G4WT14 > Accumulable registered as "NEventsWithHits"
G4WT14 > Accumulable registered as "NScintPhotons"
G4WT4 > Accumulable registered as "NEndLeft"
G4WT4 > Accumulable registered as "NEndRight"
G4WT5 > Accumulable registered as "NEndLeft"
G4WT5 > Accumulable registered as "NEndRight"
G4WT5 > Accumulable registered as "NTop"
G4WT5 > Accumulable registered as "NEventsWithHits"
G4WT5 > Accumulable registered as "NScintPhotons"
G4WT3 > Accumulable registered as "NEndLeft"
G4WT3 > Accumulable registered as "NEndRight"
G4WT3 > Accumulable registered as "NTop"
G4WT3 > Accumulable registered as "NEventsWithHits"
G4WT3 > Accumulable registered as "NScintPhotons"
G4WT0 > Accumulable registered as "NEndLeft"
G4WT0 > Accumulable registered as "NEndRight"
G4WT9 > Accumulable registered as "NEndLeft"
G4WT9 > Accumulable registered as "NEndRight"
G4WT13 > Accumulable registered as "NEndLeft"
G4WT13 > Accumulable registered as "NEndRight"
G4WT13 > Accumulable registered as "NTop"
G4WT13 > Accumulable registered as "NEventsWithHits"
G4WT13 > Accumulable registered as "NScintPhotons"
G4WT11 > Accumulable registered as "NEndLeft"
G4WT11 > Accumulable registered as "NEndRight"
G4WT6 > Accumulable registered as "NEndLeft"
G4WT6 > Accumulable registered as "NEndRight"
G4WT6 > Accumulable registered as "NTop"
G4WT6 > Accumulable registered as "NEventsWithHits"
G4WT6 > Accumulable registered as "NScintPhotons"
G4WT2 > Accumulable registered as "NEndLeft"
G4WT15 > Accumulable registered as "NEventsWithHits"
G4WT15 > Accumulable registered as "NScintPhotons"
G4WT4 > Accumulable registered as "NTop"
G4WT4 > Accumulable registered as "NEventsWithHits"
G4WT4 > Accumulable registered as "NScintPhotons"
G4WT7 > Accumulable registered as "NEndLeft"
G4WT7 > Accumulable registered as "NEndRight"
G4WT7 > Accumulable registered as "NTop"
G4WT7 > Accumulable registered as "NEventsWithHits"
G4WT7 > Accumulable registered as "NScintPhotons"
G4WT11 > Accumulable registered as "NTop"
G4WT11 > Accumulable registered as "NEventsWithHits"
G4WT11 > Accumulable registered as "NScintPhotons"
G4WT12 > Accumulable registered as "NEndLeft"
G4WT12 > Accumulable registered as "NEndRight"
G4WT12 > Accumulable registered as "NTop"
G4WT12 > Accumulable registered as "NEventsWithHits"
G4WT12 > Accumulable registered as "NScintPhotons"
G4WT2 > Accumulable registered as "NEndRight"
G4WT2 > Accumulable registered as "NTop"
G4WT2 > Accumulable registered as "NEventsWithHits"
G4WT2 > Accumulable registered as "NScintPhotons"
G4WT8 > Accumulable registered as "NEndRight"
G4WT8 > Accumulable registered as "NTop"
G4WT8 > Accumulable registered as "NEventsWithHits"
G4WT8 > Accumulable registered as "NScintPhotons"
G4WT9 > Accumulable registered as "NTop"
G4WT9 > Accumulable registered as "NEventsWithHits"
G4WT9 > Accumulable registered as "NScintPhotons"
G4WT0 > Accumulable registered as "NTop"
G4WT0 > Accumulable registered as "NEventsWithHits"
G4WT0 > Accumulable registered as "NScintPhotons"

=== Active Scintillator Baseline ===
  Material              : EJ204
  Yield                 : 10400 ph/MeV
  Rise time tau_r       : 0.7 ns
  Decay time tau_d      : 1.8 ns
  Attenuation length    : 160 cm
  Emission peak lambda  : 408 nm
  Finite rise time      : enabled
=====================================
G4WT3 > 
=== EJ Scintillator Bar Run Summary ===
  Run ID                : 0
  Events run            : 22
  Events with ≥1 hit    : 22
  End-left  photons     : 2099
  End-right photons     : 11179
  Top SiPM  photons     : 0
  Scint photons generated: 435893
  Total photons detected : 13278
  Detection efficiency   : 3.0462 %
  ROOT output           : photon_hits_run000.root
==============================

G4WT6 > 
=== EJ Scintillator Bar Run Summary ===
  Run ID                : 0
  Events run            : 22
  Events with ≥1 hit    : 22
  End-left  photons     : 2134
  End-right photons     : 11194
  Top SiPM  photons     : 0
  Scint photons generated: 436900
  Total photons detected : 13328
  Detection efficiency   : 3.0506 %
  ROOT output           : photon_hits_run000.root
==============================

G4WT14 > 
=== EJ Scintillator Bar Run Summary ===
  Run ID                : 0
  Events run            : 44
  Events with ≥1 hit    : 44
  End-left  photons     : 4265
  End-right photons     : 22583
  Top SiPM  photons     : 0
  Scint photons generated: 881607
  Total photons detected : 26848
  Detection efficiency   : 3.0453 %
  ROOT output           : photon_hits_run000.root
==============================

G4WT15 > 
=== EJ Scintillator Bar Run Summary ===
  Run ID                : 0
  Events run            : 22
  Events with ≥1 hit    : 22
  End-left  photons     : 2220
  End-right photons     : 11999
  Top SiPM  photons     : 0
  Scint photons generated: 465749
  Total photons detected : 14219
  Detection efficiency   : 3.0529 %
  ROOT output           : photon_hits_run000.root
==============================

G4WT11 > 
=== EJ Scintillator Bar Run Summary ===
  Run ID                : 0
  Events run            : 22
  Events with ≥1 hit    : 22
  End-left  photons     : 2172
  End-right photons     : 12130
  Top SiPM  photons     : 0
  Scint photons generated: 468458
  Total photons detected : 14302
  Detection efficiency   : 3.0530 %
  ROOT output           : photon_hits_run000.root
==============================

G4WT2 > 
=== EJ Scintillator Bar Run Summary ===
  Run ID                : 0
  Events run            : 22
  Events with ≥1 hit    : 22
  End-left  photons     : 2194
  End-right photons     : 11659
  Top SiPM  photons     : 0
  Scint photons generated: 460713
  Total photons detected : 13853
  Detection efficiency   : 3.0069 %
  ROOT output           : photon_hits_run000.root
==============================

G4WT0 > 
=== EJ Scintillator Bar Run Summary ===
  Run ID                : 0
  Events run            : 22
  Events with ≥1 hit    : 22
  End-left  photons     : 2503
  End-right photons     : 12663
  Top SiPM  photons     : 0
  Scint photons generated: 495747
  Total photons detected : 15166
  Detection efficiency   : 3.0592 %
  ROOT output           : photon_hits_run000.root
==============================

G4WT8 > 
=== EJ Scintillator Bar Run Summary ===
  Run ID                : 0
  Events run            : 44
  Events with ≥1 hit    : 44
  End-left  photons     : 4151
  End-right photons     : 21882
  Top SiPM  photons     : 0
  Scint photons generated: 849943
  Total photons detected : 26033
  Detection efficiency   : 3.0629 %
  ROOT output           : photon_hits_run000.root
==============================

G4WT1 > 
=== EJ Scintillator Bar Run Summary ===
  Run ID                : 0
  Events run            : 44
  Events with ≥1 hit    : 44
  End-left  photons     : 4129
  End-right photons     : 22150
  Top SiPM  photons     : 0
  Scint photons generated: 850021
  Total photons detected : 26279
  Detection efficiency   : 3.0916 %
  ROOT output           : photon_hits_run000.root
==============================

G4WT12 > 
=== EJ Scintillator Bar Run Summary ===
  Run ID                : 0
  Events run            : 22
  Events with ≥1 hit    : 22
  End-left  photons     : 2142
  End-right photons     : 11254
  Top SiPM  photons     : 0
  Scint photons generated: 440698
  Total photons detected : 13396
  Detection efficiency   : 3.0397 %
  ROOT output           : photon_hits_run000.root
==============================

G4WT10 > 
=== EJ Scintillator Bar Run Summary ===
  Run ID                : 0
  Events run            : 22
  Events with ≥1 hit    : 22
  End-left  photons     : 2335
  End-right photons     : 12377
  Top SiPM  photons     : 0
  Scint photons generated: 481133
  Total photons detected : 14712
  Detection efficiency   : 3.0578 %
  ROOT output           : photon_hits_run000.root
==============================

G4WT7 > 
=== EJ Scintillator Bar Run Summary ===
  Run ID                : 0
  Events run            : 38
  Events with ≥1 hit    : 38
  End-left  photons     : 3518
  End-right photons     : 19051
  Top SiPM  photons     : 0
  Scint photons generated: 739657
  Total photons detected : 22569
  Detection efficiency   : 3.0513 %
  ROOT output           : photon_hits_run000.root
==============================

G4WT5 > 
=== EJ Scintillator Bar Run Summary ===
  Run ID                : 0
  Events run            : 44
  Events with ≥1 hit    : 44
  End-left  photons     : 4037
  End-right photons     : 22297
  Top SiPM  photons     : 0
  Scint photons generated: 851679
  Total photons detected : 26334
  Detection efficiency   : 3.0920 %
  ROOT output           : photon_hits_run000.root
==============================

G4WT4 > 
=== EJ Scintillator Bar Run Summary ===
  Run ID                : 0
  Events run            : 44
  Events with ≥1 hit    : 44
  End-left  photons     : 3990
  End-right photons     : 21734
  Top SiPM  photons     : 0
  Scint photons generated: 833540
  Total photons detected : 25724
  Detection efficiency   : 3.0861 %
  ROOT output           : photon_hits_run000.root
==============================

G4WT9 > 
=== EJ Scintillator Bar Run Summary ===
  Run ID                : 0
  Events run            : 22
  Events with ≥1 hit    : 22
  End-left  photons     : 2257
  End-right photons     : 11566
  Top SiPM  photons     : 0
  Scint photons generated: 456665
  Total photons detected : 13823
  Detection efficiency   : 3.0269 %
  ROOT output           : photon_hits_run000.root
==============================

G4WT13 > 
=== EJ Scintillator Bar Run Summary ===
  Run ID                : 0
  Events run            : 44
  Events with ≥1 hit    : 44
  End-left  photons     : 4317
  End-right photons     : 23329
  Top SiPM  photons     : 0
  Scint photons generated: 902551
  Total photons detected : 27646
  Detection efficiency   : 3.0631 %
  ROOT output           : photon_hits_run000.root
==============================


=== EJ Scintillator Bar Run Summary ===
  Run ID                : 0
  Events run            : 500
  Events with ≥1 hit    : 500
  End-left  photons     : 48463
  End-right photons     : 259047
  Top SiPM  photons     : 0
  Scint photons generated: 10050954
  Total photons detected : 307510
  Detection efficiency   : 3.0595 %
  ROOT output           : photon_hits_run000.root
==============================


=== Boundary Census (diagnostic) ===
  Bar -> reflector panel   : 275313814
  Bar -> World (escaped)   : 789186
  Bar -> Bar (TIR/refl)    : 0
  Bar -> SiPM (entering)   : 884840
  Killed in WorldLV        : 1590447
====================================


=== Photon Budget Diagnostic ===
  Generated optical photons : 10285943
  Generated scintillation   : 10050954
  Generated Cherenkov       : 234989
  First reach of End face   : 1674029 (16.2749 %)
  Entered End SiPM volume   : 884840 (8.6024 %)
  Entered Top SiPM volume   : 0 (0.0000 %)
  Detected End PE           : 307510 (2.9896 %)
  Detected Top PE           : 0 (0.0000 %)
  PDE rejected End/Top      : 577330 / 0
  Bulk OpAbsorption         : 3104997 (30.1868 %)
  Surface absorption        : 5506920 (53.5383 %)
  Direct Bar -> World escape: 789186 (7.6725 %)
  Wavelength-filter killed  : 0
  TIR / boundary reflection : 724183 / 269889847
  NOTE: crossings/reflections are informative and not terminal-fate sums.
=================================

