
**************************************************************
 Geant4 version Name: geant4-11-04 [MT]   (5-December-2025)
  << in Multi-threaded mode >> 
                       Copyright : Geant4 Collaboration
                      References : NIM A 506 (2003), 250-303
                                 : IEEE-TNS 53 (2006), 270-278
                                 : NIM A 835 (2016), 186-225
                             WWW : http://geant4.org/
**************************************************************

[threads] source=cli count=16
Accumulable registered as "NEndLeft"
Accumulable registered as "NEndRight"
Accumulable registered as "NTop"
Accumulable registered as "NEventsWithHits"
Accumulable registered as "NScintPhotons"

-------- WWWW ------- G4Exception-START -------- WWWW -------
*** G4Exception : mat031
      issued by : G4Material::FillVectors()
For material opsc-101 sum of fractional masses 0.996667 is not 1 - results may be wrong

*** This is just a warning message. ***
-------- WWWW -------- G4Exception-END --------- WWWW -------

Checking overlaps for volume BarPV:0 (G4Box) ... OK! 
Checking overlaps for volume AirGapYPlusPV:0 (G4Box) ... OK! 
Checking overlaps for volume MylarYPlusPV:0 (G4Box) ... OK! 
Checking overlaps for volume AirGapYMinusPV:1 (G4Box) ... OK! 
Checking overlaps for volume MylarYMinusPV:1 (G4Box) ... OK! 
Checking overlaps for volume AirGapZPlusPV:2 (G4Box) ... OK! 
Checking overlaps for volume MylarZPlusPV:2 (G4Box) ... OK! 
Checking overlaps for volume AirGapZMinusPV:3 (G4Box) ... OK! 
Checking overlaps for volume MylarZMinusPV:3 (G4Box) ... OK! 
Checking overlaps for volume EndSiPMLeft_PV:0 (G4Box) ... OK! 
Checking overlaps for volume EndSiPMRight_PV:8 (G4Box) ... OK! 
Checking overlaps for volume EndSiPMLeft_PV:1 (G4Box) ... OK! 
Checking overlaps for volume EndSiPMRight_PV:9 (G4Box) ... OK! 
Checking overlaps for volume EndSiPMLeft_PV:2 (G4Box) ... OK! 
Checking overlaps for volume EndSiPMRight_PV:10 (G4Box) ... OK! 
Checking overlaps for volume EndSiPMLeft_PV:3 (G4Box) ... OK! 
Checking overlaps for volume EndSiPMRight_PV:11 (G4Box) ... OK! 
Checking overlaps for volume EndSiPMLeft_PV:4 (G4Box) ... OK! 
Checking overlaps for volume EndSiPMRight_PV:12 (G4Box) ... OK! 
Checking overlaps for volume EndSiPMLeft_PV:5 (G4Box) ... OK! 
Checking overlaps for volume EndSiPMRight_PV:13 (G4Box) ... OK! 
Checking overlaps for volume EndSiPMLeft_PV:6 (G4Box) ... OK! 
Checking overlaps for volume EndSiPMRight_PV:14 (G4Box) ... OK! 
Checking overlaps for volume EndSiPMLeft_PV:7 (G4Box) ... OK! 
Checking overlaps for volume EndSiPMRight_PV:15 (G4Box) ... OK! 
### Birks coefficients used in run time
G4WT4 > Accumulable registered as "NEndLeft"
G4WT4 > Accumulable registered as "NEndRight"
G4WT4 > Accumulable registered as "NTop"
G4WT14 > Accumulable registered as "NEndLeft"
G4WT14 > Accumulable registered as "NEndRight"
G4WT14 > Accumulable registered as "NTop"
G4WT8 > Accumulable registered as "NEndLeft"
G4WT8 > Accumulable registered as "NEndRight"
G4WT15 > Accumulable registered as "NEndLeft"
G4WT15 > Accumulable registered as "NEndRight"
G4WT15 > Accumulable registered as "NTop"
G4WT4 > Accumulable registered as "NEventsWithHits"
G4WT6 > Accumulable registered as "NEndLeft"
G4WT6 > Accumulable registered as "NEndRight"
G4WT6 > Accumulable registered as "NTop"
G4WT6 > Accumulable registered as "NEventsWithHits"
G4WT6 > Accumulable registered as "NScintPhotons"
G4WT2 > Accumulable registered as "NEndLeft"
G4WT7 > Accumulable registered as "NEndLeft"
G4WT7 > Accumulable registered as "NEndRight"
G4WT14 > Accumulable registered as "NEventsWithHits"
G4WT11 > Accumulable registered as "NEndLeft"
G4WT11 > Accumulable registered as "NEndRight"
G4WT8 > Accumulable registered as "NTop"
G4WT5 > Accumulable registered as "NEndLeft"
G4WT5 > Accumulable registered as "NEndRight"
G4WT5 > Accumulable registered as "NTop"
G4WT4 > Accumulable registered as "NScintPhotons"
G4WT9 > Accumulable registered as "NEndLeft"
G4WT1 > Accumulable registered as "NEndLeft"
G4WT1 > Accumulable registered as "NEndRight"
G4WT1 > Accumulable registered as "NTop"
G4WT1 > Accumulable registered as "NEventsWithHits"
G4WT10 > Accumulable registered as "NEndLeft"
G4WT10 > Accumulable registered as "NEndRight"
G4WT10 > Accumulable registered as "NTop"
G4WT3 > Accumulable registered as "NEndLeft"
G4WT3 > Accumulable registered as "NEndRight"
G4WT8 > Accumulable registered as "NEventsWithHits"
G4WT12 > Accumulable registered as "NEndLeft"
G4WT12 > Accumulable registered as "NEndRight"
G4WT5 > Accumulable registered as "NEventsWithHits"
G4WT9 > Accumulable registered as "NEndRight"
G4WT0 > Accumulable registered as "NEndLeft"
G4WT13 > Accumulable registered as "NEndLeft"
G4WT13 > Accumulable registered as "NEndRight"
G4WT1 > Accumulable registered as "NScintPhotons"
G4WT7 > Accumulable registered as "NTop"
G4WT14 > Accumulable registered as "NScintPhotons"
G4WT10 > Accumulable registered as "NEventsWithHits"
G4WT11 > Accumulable registered as "NTop"
G4WT3 > Accumulable registered as "NTop"
G4WT8 > Accumulable registered as "NScintPhotons"
G4WT15 > Accumulable registered as "NEventsWithHits"
G4WT15 > Accumulable registered as "NScintPhotons"
G4WT5 > Accumulable registered as "NScintPhotons"
G4WT9 > Accumulable registered as "NTop"
G4WT0 > Accumulable registered as "NEndRight"
G4WT2 > Accumulable registered as "NEndRight"
G4WT13 > Accumulable registered as "NTop"
G4WT7 > Accumulable registered as "NEventsWithHits"
G4WT10 > Accumulable registered as "NScintPhotons"
G4WT11 > Accumulable registered as "NEventsWithHits"
G4WT11 > Accumulable registered as "NScintPhotons"
G4WT12 > Accumulable registered as "NTop"
G4WT9 > Accumulable registered as "NEventsWithHits"
G4WT9 > Accumulable registered as "NScintPhotons"
G4WT2 > Accumulable registered as "NTop"
G4WT13 > Accumulable registered as "NEventsWithHits"
G4WT7 > Accumulable registered as "NScintPhotons"
G4WT3 > Accumulable registered as "NEventsWithHits"
G4WT3 > Accumulable registered as "NScintPhotons"
G4WT0 > Accumulable registered as "NTop"
G4WT2 > Accumulable registered as "NEventsWithHits"
G4WT2 > Accumulable registered as "NScintPhotons"
G4WT12 > Accumulable registered as "NEventsWithHits"
G4WT12 > Accumulable registered as "NScintPhotons"
G4WT13 > Accumulable registered as "NScintPhotons"
G4WT0 > Accumulable registered as "NEventsWithHits"
G4WT0 > Accumulable registered as "NScintPhotons"

=== Active Scintillator Baseline ===
  SSLG4 code            : OPSC-101
  Yield                 : 10400 ph/MeV
  Rise time tau_r       : 0.7 ns
  Decay time tau_d      : 1.8 ns
  Attenuation length    : 160 cm
  Emission peak lambda  : 408.8 nm
  Finite rise time      : enabled
=====================================

=== Active Readout / Wrapping Configuration ===
  Readout configuration : EndTop
  Top surface mode      : mylar
  SiPM model            : AFBR-S4N66P024M
  SiPM PDE file         : /mnt/d/SHiP/ej200_endonly/data/sipm/AFBR-S4N66P024M_pde.txt
  -X face               : instrumented
  +X face               : instrumented
  -Y face               : wrapped
  +Y face               : wrapped
  -Z face               : wrapped
  +Z face               : wrapped
  Reflector R           : 0.95
  SiPM efficiency mode  : nominal
  Mylar specular lobe   : 1
  Mylar sigma alpha     : 0.1 deg
  Mylar finish          : polished
  Mylar air gap         : 0.05 mm
  Active End SiPMs      : 16 (L=8, R=8)
  Active Top SiPMs      : 0
==============================================

-------- WWWW ------- G4Exception-START -------- WWWW -------
*** G4Exception : Run10035
      issued by : G4TaskRunManager::InitializeEventLoop()
Event modulo is reduced to 1 (was 4) to distribute events to all threads.
*** This is just a warning message. ***
-------- WWWW -------- G4Exception-END --------- WWWW -------


-------- WWWW ------- G4Exception-START -------- WWWW -------
*** G4Exception : Run10035
      issued by : G4TaskRunManager::InitializeEventLoop()
Event modulo is reduced to 1 (was 4) to distribute events to all threads.
*** This is just a warning message. ***
-------- WWWW -------- G4Exception-END --------- WWWW -------

G4WT11 > 
=== EJ Scintillator Bar Run Summary ===
  Run ID                : 0
  Events run            : 2
  Events with ≥1 hit    : 2
  End-left  photons     : 1782
  End-right photons     : 1813
  Top SiPM  photons     : 0
  Scint photons generated: 36771
  Total photons detected : 3595
  Detection efficiency   : 9.7767 %
  ROOT output           : photon_hits_run000.root
==============================

G4WT4 > 
=== EJ Scintillator Bar Run Summary ===
  Run ID                : 0
  Events run            : 2
  Events with ≥1 hit    : 2
  End-left  photons     : 1805
  End-right photons     : 1744
  Top SiPM  photons     : 0
  Scint photons generated: 35718
  Total photons detected : 3549
  Detection efficiency   : 9.9362 %
  ROOT output           : photon_hits_run000.root
==============================

G4WT3 > 
=== EJ Scintillator Bar Run Summary ===
  Run ID                : 0
  Events run            : 1
  Events with ≥1 hit    : 1
  End-left  photons     : 882
  End-right photons     : 886
  Top SiPM  photons     : 0
  Scint photons generated: 17937
  Total photons detected : 1768
  Detection efficiency   : 9.8567 %
  ROOT output           : photon_hits_run000.root
==============================

G4WT15 > 
=== EJ Scintillator Bar Run Summary ===
  Run ID                : 0
  Events run            : 1
  Events with ≥1 hit    : 1
  End-left  photons     : 965
  End-right photons     : 931
  Top SiPM  photons     : 0
  Scint photons generated: 19074
  Total photons detected : 1896
  Detection efficiency   : 9.9402 %
  ROOT output           : photon_hits_run000.root
==============================

G4WT14 > 
=== EJ Scintillator Bar Run Summary ===
  Run ID                : 0
  Events run            : 1
  Events with ≥1 hit    : 1
  End-left  photons     : 1096
  End-right photons     : 1116
  Top SiPM  photons     : 0
  Scint photons generated: 22250
  Total photons detected : 2212
  Detection efficiency   : 9.9416 %
  ROOT output           : photon_hits_run000.root
==============================

G4WT10 > 
=== EJ Scintillator Bar Run Summary ===
  Run ID                : 0
  Events run            : 1
  Events with ≥1 hit    : 1
  End-left  photons     : 1282
  End-right photons     : 1225
  Top SiPM  photons     : 0
  Scint photons generated: 26794
  Total photons detected : 2507
  Detection efficiency   : 9.3566 %
  ROOT output           : photon_hits_run000.root
==============================

G4WT5 > 
=== EJ Scintillator Bar Run Summary ===
  Run ID                : 0
  Events run            : 1
  Events with ≥1 hit    : 1
  End-left  photons     : 1036
  End-right photons     : 1071
  Top SiPM  photons     : 0
  Scint photons generated: 21004
  Total photons detected : 2107
  Detection efficiency   : 10.0314 %
  ROOT output           : photon_hits_run000.root
==============================

G4WT1 > 
=== EJ Scintillator Bar Run Summary ===
  Run ID                : 0
  Events run            : 2
  Events with ≥1 hit    : 2
  End-left  photons     : 1719
  End-right photons     : 1669
  Top SiPM  photons     : 0
  Scint photons generated: 34182
  Total photons detected : 3388
  Detection efficiency   : 9.9116 %
  ROOT output           : photon_hits_run000.root
==============================

G4WT0 > 
=== EJ Scintillator Bar Run Summary ===
  Run ID                : 0
  Events run            : 2
  Events with ≥1 hit    : 2
  End-left  photons     : 1702
  End-right photons     : 1675
  Top SiPM  photons     : 0
  Scint photons generated: 34608
  Total photons detected : 3377
  Detection efficiency   : 9.7579 %
  ROOT output           : photon_hits_run000.root
==============================

G4WT12 > 
=== EJ Scintillator Bar Run Summary ===
  Run ID                : 0
  Events run            : 1
  Events with ≥1 hit    : 1
  End-left  photons     : 937
  End-right photons     : 894
  Top SiPM  photons     : 0
  Scint photons generated: 18680
  Total photons detected : 1831
  Detection efficiency   : 9.8019 %
  ROOT output           : photon_hits_run000.root
==============================

G4WT9 > 
=== EJ Scintillator Bar Run Summary ===
  Run ID                : 0
  Events run            : 1
  Events with ≥1 hit    : 1
  End-left  photons     : 978
  End-right photons     : 1027
  Top SiPM  photons     : 0
  Scint photons generated: 20263
  Total photons detected : 2005
  Detection efficiency   : 9.8949 %
  ROOT output           : photon_hits_run000.root
==============================

G4WT2 > 
=== EJ Scintillator Bar Run Summary ===
  Run ID                : 0
  Events run            : 1
  Events with ≥1 hit    : 1
  End-left  photons     : 1160
  End-right photons     : 1250
  Top SiPM  photons     : 0
  Scint photons generated: 24510
  Total photons detected : 2410
  Detection efficiency   : 9.8327 %
  ROOT output           : photon_hits_run000.root
==============================

G4WT7 > 
=== EJ Scintillator Bar Run Summary ===
  Run ID                : 0
  Events run            : 1
  Events with ≥1 hit    : 1
  End-left  photons     : 886
  End-right photons     : 889
  Top SiPM  photons     : 0
  Scint photons generated: 19627
  Total photons detected : 1775
  Detection efficiency   : 9.0437 %
  ROOT output           : photon_hits_run000.root
==============================

G4WT6 > 
=== EJ Scintillator Bar Run Summary ===
  Run ID                : 0
  Events run            : 1
  Events with ≥1 hit    : 1
  End-left  photons     : 925
  End-right photons     : 918
  Top SiPM  photons     : 0
  Scint photons generated: 18633
  Total photons detected : 1843
  Detection efficiency   : 9.8911 %
  ROOT output           : photon_hits_run000.root
==============================

G4WT13 > 
=== EJ Scintillator Bar Run Summary ===
  Run ID                : 0
  Events run            : 1
  Events with ≥1 hit    : 1
  End-left  photons     : 1665
  End-right photons     : 1595
  Top SiPM  photons     : 0
  Scint photons generated: 34418
  Total photons detected : 3260
  Detection efficiency   : 9.4718 %
  ROOT output           : photon_hits_run000.root
==============================

G4WT8 > 
=== EJ Scintillator Bar Run Summary ===
  Run ID                : 0
  Events run            : 1
  Events with ≥1 hit    : 1
  End-left  photons     : 1082
  End-right photons     : 1095
  Top SiPM  photons     : 0
  Scint photons generated: 22287
  Total photons detected : 2177
  Detection efficiency   : 9.7680 %
  ROOT output           : photon_hits_run000.root
==============================


=== EJ Scintillator Bar Run Summary ===
  Run ID                : 0
  Events run            : 20
  Events with ≥1 hit    : 20
  End-left  photons     : 19902
  End-right photons     : 19798
  Top SiPM  photons     : 0
  Scint photons generated: 406756
  Total photons detected : 39700
  Detection efficiency   : 9.7602 %
  ROOT output           : photon_hits_run000.root
==============================


=== Boundary Census (diagnostic) ===
  Bar -> reflector panel   : 15177626
  Bar -> World (escaped)   : 56288
  Bar -> Bar (TIR/refl)    : 0
  Bar -> SiPM (entering)   : 63703
  Killed in WorldLV        : 56750
====================================

