
**************************************************************
 Geant4 version Name: geant4-11-04 [MT]   (5-December-2025)
  << in Multi-threaded mode >> 
                       Copyright : Geant4 Collaboration
                      References : NIM A 506 (2003), 250-303
                                 : IEEE-TNS 53 (2006), 270-278
                                 : NIM A 835 (2016), 186-225
                             WWW : http://geant4.org/
**************************************************************

[threads] source=cli count=16
Accumulable registered as "NEndLeft"
Accumulable registered as "NEndRight"
Accumulable registered as "NTop"
Accumulable registered as "NEventsWithHits"
Accumulable registered as "NScintPhotons"

-------- WWWW ------- G4Exception-START -------- WWWW -------
*** G4Exception : mat031
      issued by : G4Material::FillVectors()
For material opsc-101 sum of fractional masses 0.996667 is not 1 - results may be wrong

*** This is just a warning message. ***
-------- WWWW -------- G4Exception-END --------- WWWW -------

Checking overlaps for volume BarPV:0 (G4Box) ... OK! 
Checking overlaps for volume AirGapYPlusPV:0 (G4Box) ... OK! 
Checking overlaps for volume MylarYPlusPV:0 (G4Box) ... OK! 
Checking overlaps for volume AirGapYMinusPV:1 (G4Box) ... OK! 
Checking overlaps for volume MylarYMinusPV:1 (G4Box) ... OK! 
Checking overlaps for volume AirGapZPlusPV:2 (G4Box) ... OK! 
Checking overlaps for volume MylarZPlusPV:2 (G4Box) ... OK! 
Checking overlaps for volume AirGapZMinusPV:3 (G4Box) ... OK! 
Checking overlaps for volume MylarZMinusPV:3 (G4Box) ... OK! 
Checking overlaps for volume EndSiPMLeft_PV:0 (G4Box) ... OK! 
Checking overlaps for volume EndSiPMRight_PV:8 (G4Box) ... OK! 
Checking overlaps for volume EndSiPMLeft_PV:1 (G4Box) ... OK! 
Checking overlaps for volume EndSiPMRight_PV:9 (G4Box) ... OK! 
Checking overlaps for volume EndSiPMLeft_PV:2 (G4Box) ... OK! 
Checking overlaps for volume EndSiPMRight_PV:10 (G4Box) ... OK! 
Checking overlaps for volume EndSiPMLeft_PV:3 (G4Box) ... OK! 
Checking overlaps for volume EndSiPMRight_PV:11 (G4Box) ... OK! 
Checking overlaps for volume EndSiPMLeft_PV:4 (G4Box) ... OK! 
Checking overlaps for volume EndSiPMRight_PV:12 (G4Box) ... OK! 
Checking overlaps for volume EndSiPMLeft_PV:5 (G4Box) ... OK! 
Checking overlaps for volume EndSiPMRight_PV:13 (G4Box) ... OK! 
Checking overlaps for volume EndSiPMLeft_PV:6 (G4Box) ... OK! 
Checking overlaps for volume EndSiPMRight_PV:14 (G4Box) ... OK! 
Checking overlaps for volume EndSiPMLeft_PV:7 (G4Box) ... OK! 
Checking overlaps for volume EndSiPMRight_PV:15 (G4Box) ... OK! 
### Birks coefficients used in run time
G4WT6 > Accumulable registered as "NEndLeft"
G4WT6 > Accumulable registered as "NEndRight"
G4WT11 > Accumulable registered as "NEndLeft"
G4WT8 > Accumulable registered as "NEndLeft"
G4WT8 > Accumulable registered as "NEndRight"
G4WT8 > Accumulable registered as "NTop"
G4WT5 > Accumulable registered as "NEndLeft"
G4WT5 > Accumulable registered as "NEndRight"
G4WT5 > Accumulable registered as "NTop"
G4WT7 > Accumulable registered as "NEndLeft"
G4WT7 > Accumulable registered as "NEndRight"
G4WT0 > Accumulable registered as "NEndLeft"
G4WT14 > Accumulable registered as "NEndLeft"
G4WT14 > Accumulable registered as "NEndRight"
G4WT14 > Accumulable registered as "NTop"
G4WT8 > Accumulable registered as "NEventsWithHits"
G4WT3 > Accumulable registered as "NEndLeft"
G4WT1 > Accumulable registered as "NEndLeft"
G4WT10 > Accumulable registered as "NEndLeft"
G4WT15 > Accumulable registered as "NEndLeft"
G4WT15 > Accumulable registered as "NEndRight"
G4WT11 > Accumulable registered as "NEndRight"
G4WT11 > Accumulable registered as "NTop"
G4WT9 > Accumulable registered as "NEndLeft"
G4WT9 > Accumulable registered as "NEndRight"
G4WT9 > Accumulable registered as "NTop"
G4WT9 > Accumulable registered as "NEventsWithHits"
G4WT0 > Accumulable registered as "NEndRight"
G4WT6 > Accumulable registered as "NTop"
G4WT4 > Accumulable registered as "NEndLeft"
G4WT14 > Accumulable registered as "NEventsWithHits"
G4WT8 > Accumulable registered as "NScintPhotons"
G4WT3 > Accumulable registered as "NEndRight"
G4WT1 > Accumulable registered as "NEndRight"
G4WT10 > Accumulable registered as "NEndRight"
G4WT12 > Accumulable registered as "NEndLeft"
G4WT15 > Accumulable registered as "NTop"
G4WT13 > Accumulable registered as "NEndLeft"
G4WT11 > Accumulable registered as "NEventsWithHits"
G4WT11 > Accumulable registered as "NScintPhotons"
G4WT2 > Accumulable registered as "NEndLeft"
G4WT2 > Accumulable registered as "NEndRight"
G4WT2 > Accumulable registered as "NTop"
G4WT0 > Accumulable registered as "NTop"
G4WT6 > Accumulable registered as "NEventsWithHits"
G4WT4 > Accumulable registered as "NEndRight"
G4WT14 > Accumulable registered as "NScintPhotons"
G4WT3 > Accumulable registered as "NTop"
G4WT1 > Accumulable registered as "NTop"
G4WT10 > Accumulable registered as "NTop"
G4WT12 > Accumulable registered as "NEndRight"
G4WT15 > Accumulable registered as "NEventsWithHits"
G4WT13 > Accumulable registered as "NEndRight"
G4WT5 > Accumulable registered as "NEventsWithHits"
G4WT7 > Accumulable registered as "NTop"
G4WT9 > Accumulable registered as "NScintPhotons"
G4WT2 > Accumulable registered as "NEventsWithHits"
G4WT0 > Accumulable registered as "NEventsWithHits"
G4WT6 > Accumulable registered as "NScintPhotons"
G4WT4 > Accumulable registered as "NTop"
G4WT3 > Accumulable registered as "NEventsWithHits"
G4WT3 > Accumulable registered as "NScintPhotons"
G4WT10 > Accumulable registered as "NEventsWithHits"
G4WT12 > Accumulable registered as "NTop"
G4WT15 > Accumulable registered as "NScintPhotons"
G4WT13 > Accumulable registered as "NTop"
G4WT5 > Accumulable registered as "NScintPhotons"
G4WT7 > Accumulable registered as "NEventsWithHits"
G4WT7 > Accumulable registered as "NScintPhotons"
G4WT0 > Accumulable registered as "NScintPhotons"
G4WT4 > Accumulable registered as "NEventsWithHits"
G4WT4 > Accumulable registered as "NScintPhotons"
G4WT10 > Accumulable registered as "NScintPhotons"
G4WT12 > Accumulable registered as "NEventsWithHits"
G4WT12 > Accumulable registered as "NScintPhotons"
G4WT2 > Accumulable registered as "NScintPhotons"
G4WT1 > Accumulable registered as "NEventsWithHits"
G4WT13 > Accumulable registered as "NEventsWithHits"
G4WT1 > Accumulable registered as "NScintPhotons"
G4WT13 > Accumulable registered as "NScintPhotons"

=== Active Scintillator Baseline ===
  SSLG4 code            : OPSC-101
  Yield                 : 10400 ph/MeV
  Rise time tau_r       : 0.7 ns
  Decay time tau_d      : 1.8 ns
  Attenuation length    : 160 cm
  Emission peak lambda  : 408.8 nm
  Finite rise time      : enabled
=====================================

=== Active Readout / Wrapping Configuration ===
  Readout configuration : End
  Top surface mode      : mylar
  SiPM model            : AFBR-S4N66P024M
  SiPM PDE file         : /mnt/d/SHiP/ej200_endonly/data/sipm/AFBR-S4N66P024M_pde.txt
  -X face               : instrumented
  +X face               : instrumented
  -Y face               : wrapped
  +Y face               : wrapped
  -Z face               : wrapped
  +Z face               : wrapped
  Reflector R           : 0.95
  SiPM efficiency mode  : nominal
  Scint-air finish      : ground
  Scint-air sigma alpha : 0.2 rad
  Mylar specular lobe   : 1
  Mylar sigma alpha     : 0.1 deg
  Mylar finish          : polished
  Mylar air gap         : 0.1 mm
  Active End SiPMs      : 16 (L=8, R=8)
  Active Top SiPMs      : 0
==============================================

-------- WWWW ------- G4Exception-START -------- WWWW -------
*** G4Exception : Run10035
      issued by : G4TaskRunManager::InitializeEventLoop()
Event modulo is reduced to 12 (was 14) to distribute events to all threads.
*** This is just a warning message. ***
-------- WWWW -------- G4Exception-END --------- WWWW -------


-------- WWWW ------- G4Exception-START -------- WWWW -------
*** G4Exception : Run10035
      issued by : G4TaskRunManager::InitializeEventLoop()
Event modulo is reduced to 12 (was 14) to distribute events to all threads.
*** This is just a warning message. ***
-------- WWWW -------- G4Exception-END --------- WWWW -------

G4WT7 > 
=== EJ Scintillator Bar Run Summary ===
  Run ID                : 0
  Events run            : 12
  Events with ≥1 hit    : 12
  End-left  photons     : 30158
  End-right photons     : 74
  Top SiPM  photons     : 0
  Scint photons generated: 195387
  Total photons detected : 30232
  Detection efficiency   : 15.4729 %
  ROOT output           : photon_hits_run000.root
==============================

G4WT6 > 
=== EJ Scintillator Bar Run Summary ===
  Run ID                : 0
  Events run            : 20
  Events with ≥1 hit    : 20
  End-left  photons     : 54296
  End-right photons     : 88
  Top SiPM  photons     : 0
  Scint photons generated: 353138
  Total photons detected : 54384
  Detection efficiency   : 15.4002 %
  ROOT output           : photon_hits_run000.root
==============================

G4WT13 > 
=== EJ Scintillator Bar Run Summary ===
  Run ID                : 0
  Events run            : 12
  Events with ≥1 hit    : 12
  End-left  photons     : 37436
  End-right photons     : 49
  Top SiPM  photons     : 0
  Scint photons generated: 243553
  Total photons detected : 37485
  Detection efficiency   : 15.3909 %
  ROOT output           : photon_hits_run000.root
==============================

G4WT3 > 
=== EJ Scintillator Bar Run Summary ===
  Run ID                : 0
  Events run            : 12
  Events with ≥1 hit    : 12
  End-left  photons     : 32178
  End-right photons     : 61
  Top SiPM  photons     : 0
  Scint photons generated: 208845
  Total photons detected : 32239
  Detection efficiency   : 15.4368 %
  ROOT output           : photon_hits_run000.root
==============================

G4WT0 > 
=== EJ Scintillator Bar Run Summary ===
  Run ID                : 0
  Events run            : 12
  Events with ≥1 hit    : 12
  End-left  photons     : 31608
  End-right photons     : 60
  Top SiPM  photons     : 0
  Scint photons generated: 204466
  Total photons detected : 31668
  Detection efficiency   : 15.4881 %
  ROOT output           : photon_hits_run000.root
==============================

G4WT14 > 
=== EJ Scintillator Bar Run Summary ===
  Run ID                : 0
  Events run            : 12
  Events with ≥1 hit    : 12
  End-left  photons     : 31135
  End-right photons     : 62
  Top SiPM  photons     : 0
  Scint photons generated: 202111
  Total photons detected : 31197
  Detection efficiency   : 15.4356 %
  ROOT output           : photon_hits_run000.root
==============================

G4WT2 > 
=== EJ Scintillator Bar Run Summary ===
  Run ID                : 0
  Events run            : 12
  Events with ≥1 hit    : 12
  End-left  photons     : 34131
  End-right photons     : 39
  Top SiPM  photons     : 0
  Scint photons generated: 217062
  Total photons detected : 34170
  Detection efficiency   : 15.7420 %
  ROOT output           : photon_hits_run000.root
==============================

G4WT8 > 
=== EJ Scintillator Bar Run Summary ===
  Run ID                : 0
  Events run            : 12
  Events with ≥1 hit    : 12
  End-left  photons     : 35979
  End-right photons     : 72
  Top SiPM  photons     : 0
  Scint photons generated: 231744
  Total photons detected : 36051
  Detection efficiency   : 15.5564 %
  ROOT output           : photon_hits_run000.root
==============================

G4WT4 > 
=== EJ Scintillator Bar Run Summary ===
  Run ID                : 0
  Events run            : 12
  Events with ≥1 hit    : 12
  End-left  photons     : 35083
  End-right photons     : 57
  Top SiPM  photons     : 0
  Scint photons generated: 223902
  Total photons detected : 35140
  Detection efficiency   : 15.6944 %
  ROOT output           : photon_hits_run000.root
==============================

G4WT11 > 
=== EJ Scintillator Bar Run Summary ===
  Run ID                : 0
  Events run            : 12
  Events with ≥1 hit    : 12
  End-left  photons     : 31447
  End-right photons     : 49
  Top SiPM  photons     : 0
  Scint photons generated: 203124
  Total photons detected : 31496
  Detection efficiency   : 15.5058 %
  ROOT output           : photon_hits_run000.root
==============================

G4WT12 > 
=== EJ Scintillator Bar Run Summary ===
  Run ID                : 0
  Events run            : 12
  Events with ≥1 hit    : 12
  End-left  photons     : 30016
  End-right photons     : 60
  Top SiPM  photons     : 0
  Scint photons generated: 195501
  Total photons detected : 30076
  Detection efficiency   : 15.3841 %
  ROOT output           : photon_hits_run000.root
==============================

G4WT1 > 
=== EJ Scintillator Bar Run Summary ===
  Run ID                : 0
  Events run            : 12
  Events with ≥1 hit    : 12
  End-left  photons     : 31716
  End-right photons     : 55
  Top SiPM  photons     : 0
  Scint photons generated: 207281
  Total photons detected : 31771
  Detection efficiency   : 15.3275 %
  ROOT output           : photon_hits_run000.root
==============================

G4WT9 > 
=== EJ Scintillator Bar Run Summary ===
  Run ID                : 0
  Events run            : 12
  Events with ≥1 hit    : 12
  End-left  photons     : 31377
  End-right photons     : 62
  Top SiPM  photons     : 0
  Scint photons generated: 201728
  Total photons detected : 31439
  Detection efficiency   : 15.5848 %
  ROOT output           : photon_hits_run000.root
==============================

G4WT5 > 
=== EJ Scintillator Bar Run Summary ===
  Run ID                : 0
  Events run            : 12
  Events with ≥1 hit    : 12
  End-left  photons     : 34414
  End-right photons     : 53
  Top SiPM  photons     : 0
  Scint photons generated: 222231
  Total photons detected : 34467
  Detection efficiency   : 15.5095 %
  ROOT output           : photon_hits_run000.root
==============================

G4WT15 > 
=== EJ Scintillator Bar Run Summary ===
  Run ID                : 0
  Events run            : 12
  Events with ≥1 hit    : 12
  End-left  photons     : 30581
  End-right photons     : 51
  Top SiPM  photons     : 0
  Scint photons generated: 196960
  Total photons detected : 30632
  Detection efficiency   : 15.5524 %
  ROOT output           : photon_hits_run000.root
==============================

G4WT10 > 
=== EJ Scintillator Bar Run Summary ===
  Run ID                : 0
  Events run            : 12
  Events with ≥1 hit    : 12
  End-left  photons     : 34025
  End-right photons     : 64
  Top SiPM  photons     : 0
  Scint photons generated: 219822
  Total photons detected : 34089
  Detection efficiency   : 15.5075 %
  ROOT output           : photon_hits_run000.root
==============================


=== EJ Scintillator Bar Run Summary ===
  Run ID                : 0
  Events run            : 200
  Events with ≥1 hit    : 200
  End-left  photons     : 545580
  End-right photons     : 956
  Top SiPM  photons     : 0
  Scint photons generated: 3526855
  Total photons detected : 546536
  Detection efficiency   : 15.4964 %
  ROOT output           : photon_hits_run000.root
==============================


=== Boundary Census (diagnostic) ===
  Bar -> reflector panel   : 18159298
  Bar -> World (escaped)   : 730397
  Bar -> Bar (TIR/refl)    : 0
  Bar -> SiPM (entering)   : 874792
  Killed in WorldLV        : 751087
====================================

