
**************************************************************
 Geant4 version Name: geant4-11-04 [MT]   (5-December-2025)
  << in Multi-threaded mode >> 
                       Copyright : Geant4 Collaboration
                      References : NIM A 506 (2003), 250-303
                                 : IEEE-TNS 53 (2006), 270-278
                                 : NIM A 835 (2016), 186-225
                             WWW : http://geant4.org/
**************************************************************

Accumulable registered as "NEndLeft"
Accumulable registered as "NEndRight"
Accumulable registered as "NTop"
Accumulable registered as "NEventsWithHits"
Accumulable registered as "NScintPhotons"
Checking overlaps for volume BarPV:0 (G4Box) ... OK! 
Checking overlaps for volume ReflectorYMinusPV:0 (G4Box) ... OK! 
Checking overlaps for volume ReflectorZMinusPV:3 (G4Box) ... OK! 
Checking overlaps for volume ReflectorZPlusPV:4 (G4Box) ... OK! 
Checking overlaps for volume ReflectorYPlusPV:5 (G4Box) ... OK! 
Checking overlaps for volume EndSiPMLeft_PV:0 (G4Box) ... OK! 
Checking overlaps for volume EndSiPMRight_PV:8 (G4Box) ... OK! 
Checking overlaps for volume EndSiPMLeft_PV:1 (G4Box) ... OK! 
Checking overlaps for volume EndSiPMRight_PV:9 (G4Box) ... OK! 
Checking overlaps for volume EndSiPMLeft_PV:2 (G4Box) ... OK! 
Checking overlaps for volume EndSiPMRight_PV:10 (G4Box) ... OK! 
Checking overlaps for volume EndSiPMLeft_PV:3 (G4Box) ... OK! 
Checking overlaps for volume EndSiPMRight_PV:11 (G4Box) ... OK! 
Checking overlaps for volume EndSiPMLeft_PV:4 (G4Box) ... OK! 
Checking overlaps for volume EndSiPMRight_PV:12 (G4Box) ... OK! 
Checking overlaps for volume EndSiPMLeft_PV:5 (G4Box) ... OK! 
Checking overlaps for volume EndSiPMRight_PV:13 (G4Box) ... OK! 
Checking overlaps for volume EndSiPMLeft_PV:6 (G4Box) ... OK! 
Checking overlaps for volume EndSiPMRight_PV:14 (G4Box) ... OK! 
Checking overlaps for volume EndSiPMLeft_PV:7 (G4Box) ... OK! 
Checking overlaps for volume EndSiPMRight_PV:15 (G4Box) ... OK! 
### Birks coefficients used in run time
G4WT11 > Accumulable registered as "NEndLeft"
G4WT11 > Accumulable registered as "NEndRight"
G4WT11 > Accumulable registered as "NTop"
G4WT11 > Accumulable registered as "NEventsWithHits"
G4WT11 > Accumulable registered as "NScintPhotons"
G4WT3 > Accumulable registered as "NEndLeft"
G4WT3 > Accumulable registered as "NEndRight"
G4WT3 > Accumulable registered as "NTop"
G4WT3 > Accumulable registered as "NEventsWithHits"
G4WT3 > Accumulable registered as "NScintPhotons"
G4WT6 > Accumulable registered as "NEndLeft"
G4WT6 > Accumulable registered as "NEndRight"
G4WT8 > Accumulable registered as "NEndLeft"
G4WT8 > Accumulable registered as "NEndRight"
G4WT8 > Accumulable registered as "NTop"
G4WT8 > Accumulable registered as "NEventsWithHits"
G4WT8 > Accumulable registered as "NScintPhotons"
G4WT4 > Accumulable registered as "NEndLeft"
G4WT4 > Accumulable registered as "NEndRight"
G4WT4 > Accumulable registered as "NTop"
G4WT4 > Accumulable registered as "NEventsWithHits"
G4WT13 > Accumulable registered as "NEndLeft"
G4WT13 > Accumulable registered as "NEndRight"
G4WT13 > Accumulable registered as "NTop"
G4WT13 > Accumulable registered as "NEventsWithHits"
G4WT13 > Accumulable registered as "NScintPhotons"
G4WT6 > Accumulable registered as "NTop"
G4WT6 > Accumulable registered as "NEventsWithHits"
G4WT6 > Accumulable registered as "NScintPhotons"
G4WT15 > Accumulable registered as "NEndLeft"
G4WT15 > Accumulable registered as "NEndRight"
G4WT15 > Accumulable registered as "NTop"
G4WT15 > Accumulable registered as "NEventsWithHits"
G4WT15 > Accumulable registered as "NScintPhotons"
G4WT14 > Accumulable registered as "NEndLeft"
G4WT2 > Accumulable registered as "NEndLeft"
G4WT2 > Accumulable registered as "NEndRight"
G4WT2 > Accumulable registered as "NTop"
G4WT2 > Accumulable registered as "NEventsWithHits"
G4WT2 > Accumulable registered as "NScintPhotons"
G4WT4 > Accumulable registered as "NScintPhotons"
G4WT12 > Accumulable registered as "NEndLeft"
G4WT12 > Accumulable registered as "NEndRight"
G4WT12 > Accumulable registered as "NTop"
G4WT12 > Accumulable registered as "NEventsWithHits"
G4WT12 > Accumulable registered as "NScintPhotons"
G4WT10 > Accumulable registered as "NEndLeft"
G4WT1 > Accumulable registered as "NEndLeft"
G4WT1 > Accumulable registered as "NEndRight"
G4WT1 > Accumulable registered as "NTop"
G4WT1 > Accumulable registered as "NEventsWithHits"
G4WT1 > Accumulable registered as "NScintPhotons"
G4WT5 > Accumulable registered as "NEndLeft"
G4WT5 > Accumulable registered as "NEndRight"
G4WT5 > Accumulable registered as "NTop"
G4WT5 > Accumulable registered as "NEventsWithHits"
G4WT5 > Accumulable registered as "NScintPhotons"
G4WT14 > Accumulable registered as "NEndRight"
G4WT14 > Accumulable registered as "NTop"
G4WT14 > Accumulable registered as "NEventsWithHits"
G4WT7 > Accumulable registered as "NEndLeft"
G4WT7 > Accumulable registered as "NEndRight"
G4WT7 > Accumulable registered as "NTop"
G4WT7 > Accumulable registered as "NEventsWithHits"
G4WT7 > Accumulable registered as "NScintPhotons"
G4WT0 > Accumulable registered as "NEndLeft"
G4WT0 > Accumulable registered as "NEndRight"
G4WT0 > Accumulable registered as "NTop"
G4WT0 > Accumulable registered as "NEventsWithHits"
G4WT0 > Accumulable registered as "NScintPhotons"
G4WT9 > Accumulable registered as "NEndLeft"
G4WT9 > Accumulable registered as "NEndRight"
G4WT9 > Accumulable registered as "NTop"
G4WT9 > Accumulable registered as "NEventsWithHits"
G4WT9 > Accumulable registered as "NScintPhotons"
G4WT14 > Accumulable registered as "NScintPhotons"
G4WT10 > Accumulable registered as "NEndRight"
G4WT10 > Accumulable registered as "NTop"
G4WT10 > Accumulable registered as "NEventsWithHits"
G4WT10 > Accumulable registered as "NScintPhotons"

=== Active Scintillator Baseline ===
  Material              : EJ204
  Yield                 : 10400 ph/MeV
  Rise time tau_r       : 0.7 ns
  Decay time tau_d      : 1.8 ns
  Attenuation length    : 160 cm
  Emission peak lambda  : 408 nm
  Finite rise time      : enabled
=====================================
G4WT11 > 
=== EJ Scintillator Bar Run Summary ===
  Run ID                : 0
  Events run            : 44
  Events with ≥1 hit    : 44
  End-left  photons     : 2181
  End-right photons     : 64440
  Top SiPM  photons     : 0
  Scint photons generated: 827356
  Total photons detected : 66621
  Detection efficiency   : 8.0523 %
  ROOT output           : photon_hits_run000.root
==============================

G4WT14 > 
=== EJ Scintillator Bar Run Summary ===
  Run ID                : 0
  Events run            : 22
  Events with ≥1 hit    : 22
  End-left  photons     : 1245
  End-right photons     : 38852
  Top SiPM  photons     : 0
  Scint photons generated: 498009
  Total photons detected : 40097
  Detection efficiency   : 8.0515 %
  ROOT output           : photon_hits_run000.root
==============================

G4WT6 > 
=== EJ Scintillator Bar Run Summary ===
  Run ID                : 0
  Events run            : 22
  Events with ≥1 hit    : 22
  End-left  photons     : 1137
  End-right photons     : 35580
  Top SiPM  photons     : 0
  Scint photons generated: 454884
  Total photons detected : 36717
  Detection efficiency   : 8.0717 %
  ROOT output           : photon_hits_run000.root
==============================

G4WT5 > 
=== EJ Scintillator Bar Run Summary ===
  Run ID                : 0
  Events run            : 22
  Events with ≥1 hit    : 22
  End-left  photons     : 1147
  End-right photons     : 37035
  Top SiPM  photons     : 0
  Scint photons generated: 474148
  Total photons detected : 38182
  Detection efficiency   : 8.0528 %
  ROOT output           : photon_hits_run000.root
==============================

G4WT13 > 
=== EJ Scintillator Bar Run Summary ===
  Run ID                : 0
  Events run            : 44
  Events with ≥1 hit    : 44
  End-left  photons     : 2035
  End-right photons     : 65162
  Top SiPM  photons     : 0
  Scint photons generated: 831230
  Total photons detected : 67197
  Detection efficiency   : 8.0840 %
  ROOT output           : photon_hits_run000.root
==============================

G4WT4 > 
=== EJ Scintillator Bar Run Summary ===
  Run ID                : 0
  Events run            : 22
  Events with ≥1 hit    : 22
  End-left  photons     : 1251
  End-right photons     : 39166
  Top SiPM  photons     : 0
  Scint photons generated: 502228
  Total photons detected : 40417
  Detection efficiency   : 8.0475 %
  ROOT output           : photon_hits_run000.root
==============================

G4WT1 > 
=== EJ Scintillator Bar Run Summary ===
  Run ID                : 0
  Events run            : 44
  Events with ≥1 hit    : 44
  End-left  photons     : 2298
  End-right photons     : 68855
  Top SiPM  photons     : 0
  Scint photons generated: 881779
  Total photons detected : 71153
  Detection efficiency   : 8.0693 %
  ROOT output           : photon_hits_run000.root
==============================

G4WT9 > 
=== EJ Scintillator Bar Run Summary ===
  Run ID                : 0
  Events run            : 44
  Events with ≥1 hit    : 44
  End-left  photons     : 2133
  End-right photons     : 67130
  Top SiPM  photons     : 0
  Scint photons generated: 854357
  Total photons detected : 69263
  Detection efficiency   : 8.1070 %
  ROOT output           : photon_hits_run000.root
==============================

G4WT8 > 
=== EJ Scintillator Bar Run Summary ===
  Run ID                : 0
  Events run            : 22
  Events with ≥1 hit    : 22
  End-left  photons     : 1147
  End-right photons     : 36427
  Top SiPM  photons     : 0
  Scint photons generated: 464379
  Total photons detected : 37574
  Detection efficiency   : 8.0912 %
  ROOT output           : photon_hits_run000.root
==============================

G4WT0 > 
=== EJ Scintillator Bar Run Summary ===
  Run ID                : 0
  Events run            : 22
  Events with ≥1 hit    : 22
  End-left  photons     : 1239
  End-right photons     : 39748
  Top SiPM  photons     : 0
  Scint photons generated: 509088
  Total photons detected : 40987
  Detection efficiency   : 8.0511 %
  ROOT output           : photon_hits_run000.root
==============================

G4WT2 > 
=== EJ Scintillator Bar Run Summary ===
  Run ID                : 0
  Events run            : 38
  Events with ≥1 hit    : 38
  End-left  photons     : 1853
  End-right photons     : 59263
  Top SiPM  photons     : 0
  Scint photons generated: 759080
  Total photons detected : 61116
  Detection efficiency   : 8.0513 %
  ROOT output           : photon_hits_run000.root
==============================

G4WT3 > 
=== EJ Scintillator Bar Run Summary ===
  Run ID                : 0
  Events run            : 44
  Events with ≥1 hit    : 44
  End-left  photons     : 2139
  End-right photons     : 65890
  Top SiPM  photons     : 0
  Scint photons generated: 840196
  Total photons detected : 68029
  Detection efficiency   : 8.0968 %
  ROOT output           : photon_hits_run000.root
==============================

G4WT7 > 
=== EJ Scintillator Bar Run Summary ===
  Run ID                : 0
  Events run            : 22
  Events with ≥1 hit    : 22
  End-left  photons     : 1120
  End-right photons     : 34658
  Top SiPM  photons     : 0
  Scint photons generated: 443229
  Total photons detected : 35778
  Detection efficiency   : 8.0721 %
  ROOT output           : photon_hits_run000.root
==============================

G4WT12 > 
=== EJ Scintillator Bar Run Summary ===
  Run ID                : 0
  Events run            : 22
  Events with ≥1 hit    : 22
  End-left  photons     : 1135
  End-right photons     : 36314
  Top SiPM  photons     : 0
  Scint photons generated: 463252
  Total photons detected : 37449
  Detection efficiency   : 8.0839 %
  ROOT output           : photon_hits_run000.root
==============================

G4WT15 > 
=== EJ Scintillator Bar Run Summary ===
  Run ID                : 0
  Events run            : 44
  Events with ≥1 hit    : 44
  End-left  photons     : 2105
  End-right photons     : 68093
  Top SiPM  photons     : 0
  Scint photons generated: 869306
  Total photons detected : 70198
  Detection efficiency   : 8.0752 %
  ROOT output           : photon_hits_run000.root
==============================

G4WT10 > 
=== EJ Scintillator Bar Run Summary ===
  Run ID                : 0
  Events run            : 22
  Events with ≥1 hit    : 22
  End-left  photons     : 1136
  End-right photons     : 35353
  Top SiPM  photons     : 0
  Scint photons generated: 454915
  Total photons detected : 36489
  Detection efficiency   : 8.0211 %
  ROOT output           : photon_hits_run000.root
==============================


=== EJ Scintillator Bar Run Summary ===
  Run ID                : 0
  Events run            : 500
  Events with ≥1 hit    : 500
  End-left  photons     : 25301
  End-right photons     : 791966
  Top SiPM  photons     : 0
  Scint photons generated: 10127436
  Total photons detected : 817267
  Detection efficiency   : 8.0698 %
  ROOT output           : photon_hits_run000.root
==============================


=== Boundary Census (diagnostic) ===
  Bar -> reflector panel   : 199111190
  Bar -> World (escaped)   : 1792484
  Bar -> Bar (TIR/refl)    : 0
  Bar -> SiPM (entering)   : 2359307
  Killed in WorldLV        : 3753173
====================================


=== Photon Budget Diagnostic ===
  Generated optical photons : 10364867
  Generated scintillation   : 10127436
  Generated Cherenkov       : 237431
  First reach of End face   : 4151795 (40.0564 %)
  Entered End SiPM volume   : 2359307 (22.7625 %)
  Entered Top SiPM volume   : 0 (0.0000 %)
  Detected End PE           : 817267 (7.8850 %)
  Detected Top PE           : 0 (0.0000 %)
  PDE rejected End/Top      : 1542040 / 0
  Bulk OpAbsorption         : 2231181 (21.5264 %)
  Surface absorption        : 3981895 (38.4172 %)
  Direct Bar -> World escape: 1792484 (17.2938 %)
  Wavelength-filter killed  : 0
  TIR / boundary reflection : 2486316 / 195261613
  NOTE: crossings/reflections are informative and not terminal-fate sums.
=================================

