wrote results_ej230_analysis/tables/key_position_-690.tex
wrote results_ej230_analysis/tables/position_-670.tex
wrote results_ej230_analysis/tables/key_position_-650.tex
wrote results_ej230_analysis/tables/position_-600.tex
wrote results_ej230_analysis/tables/position_-550.tex
wrote results_ej230_analysis/tables/position_-500.tex
wrote results_ej230_analysis/tables/position_-450.tex
wrote results_ej230_analysis/tables/key_position_-400.tex
wrote results_ej230_analysis/tables/position_-350.tex
wrote results_ej230_analysis/tables/position_-300.tex
wrote results_ej230_analysis/tables/position_-250.tex
wrote results_ej230_analysis/tables/position_-200.tex
wrote results_ej230_analysis/tables/position_-150.tex
wrote results_ej230_analysis/tables/position_-100.tex
wrote results_ej230_analysis/tables/position_-50.tex
wrote results_ej230_analysis/tables/key_position_0.tex
wrote results_ej230_analysis/tables/position_50.tex
wrote results_ej230_analysis/tables/position_100.tex
wrote results_ej230_analysis/tables/position_150.tex
wrote results_ej230_analysis/tables/position_200.tex
wrote results_ej230_analysis/tables/position_250.tex
wrote results_ej230_analysis/tables/position_300.tex
wrote results_ej230_analysis/tables/position_350.tex
wrote results_ej230_analysis/tables/key_position_400.tex
wrote results_ej230_analysis/tables/position_450.tex
wrote results_ej230_analysis/tables/position_500.tex
wrote results_ej230_analysis/tables/position_550.tex
wrote results_ej230_analysis/tables/position_600.tex
wrote results_ej230_analysis/tables/key_position_650.tex
wrote results_ej230_analysis/tables/position_670.tex
wrote results_ej230_analysis/tables/key_position_690.tex
wrote results_ej230_analysis/tables/provenance.tex
wrote results_ej230_analysis/tables/exec14_macros.tex
wrote results_ej230_analysis/tables/attenuation_fit.tex
wrote results_ej230_analysis/tables/fano_fit.tex
wrote results_ej230_analysis/tables/top_localization_summary.tex
wrote results_ej230_analysis/tables/landau_key_positions.tex
wrote results_ej230_analysis/tables/velocity_estimators.tex
wrote results_ej230_analysis/tables/window_dip_test.tex
wrote results_ej230_analysis/tables/window_dip_mechanism.tex
wrote results_ej230_analysis/tables/window_dip_summary.tex
wrote results_ej230_analysis/tables/endtop_endonly_ratio.tex
wrote results_ej230_analysis/tables/endtop_endonly_tails.tex
wrote results_ej230_analysis/tables/top_timing_estimates.tex
wrote results_ej230_analysis/tables/top_timing_comparison.tex
wrote results_ej230_analysis/tables/sum4_timing.tex
wrote results_ej230_analysis/tables/tN_summary.tex
wrote results_ej230_analysis/tables/numerical_conclusions.tex
wrote results_ej230_analysis/tables/threshold_rationale.tex
wrote results_ej230_analysis/tables/validation_summary.tex
