t_N analysis: x = -690 mm
/usr/lib64/python3.9/site-packages/scipy/optimize/_minpack_py.py:881: OptimizeWarning: Covariance of the parameters could not be estimated
  warnings.warn('Covariance of the parameters could not be estimated',
  wrote results_ej230_analysis/figs/exec13_tN_-690mm.png
t_N analysis: x = -650 mm
  wrote results_ej230_analysis/figs/exec13_tN_-650mm.png
t_N analysis: x = -400 mm
  wrote results_ej230_analysis/figs/exec13_tN_-400mm.png
t_N analysis: x = +0 mm
  wrote results_ej230_analysis/figs/exec13_tN_0mm.png
t_N analysis: x = +400 mm
/usr/lib64/python3.9/site-packages/scipy/optimize/_minpack_py.py:881: OptimizeWarning: Covariance of the parameters could not be estimated
  warnings.warn('Covariance of the parameters could not be estimated',
  wrote results_ej230_analysis/figs/exec13_tN_400mm.png
t_N analysis: x = +650 mm
  wrote results_ej230_analysis/figs/exec13_tN_650mm.png
t_N analysis: x = +690 mm
/usr/lib64/python3.9/site-packages/scipy/optimize/_minpack_py.py:881: OptimizeWarning: Covariance of the parameters could not be estimated
  warnings.warn('Covariance of the parameters could not be estimated',
  wrote results_ej230_analysis/figs/exec13_tN_690mm.png
  wrote results_ej230_analysis/csv/exec13_tN_summary.csv
  wrote results_ej230_analysis/figs/exec13_tN_summary.png

EXEC_13 t_N analysis complete.
