Processing x = -690 mm …
  wrote results_ej230_analysis/figs/tn_-690mm_endL.png
  wrote results_ej230_analysis/figs/tn_-690mm_endR.png
  wrote results_ej230_analysis/figs/tn_-690mm_top.png
Processing x = -650 mm …
  wrote results_ej230_analysis/figs/tn_-650mm_endL.png
  wrote results_ej230_analysis/figs/tn_-650mm_endR.png
  wrote results_ej230_analysis/figs/tn_-650mm_top.png
Processing x = -400 mm …
  wrote results_ej230_analysis/figs/tn_-400mm_endL.png
  wrote results_ej230_analysis/figs/tn_-400mm_endR.png
  wrote results_ej230_analysis/figs/tn_-400mm_top.png
Processing x = +0 mm …
  wrote results_ej230_analysis/figs/tn_0mm_endL.png
  wrote results_ej230_analysis/figs/tn_0mm_endR.png
  wrote results_ej230_analysis/figs/tn_0mm_top.png
Processing x = +400 mm …
  wrote results_ej230_analysis/figs/tn_400mm_endL.png
  wrote results_ej230_analysis/figs/tn_400mm_endR.png
  wrote results_ej230_analysis/figs/tn_400mm_top.png
Processing x = +650 mm …
  wrote results_ej230_analysis/figs/tn_650mm_endL.png
  wrote results_ej230_analysis/figs/tn_650mm_endR.png
  wrote results_ej230_analysis/figs/tn_650mm_top.png
Processing x = +690 mm …
  wrote results_ej230_analysis/figs/tn_690mm_endL.png
  wrote results_ej230_analysis/figs/tn_690mm_endR.png
  wrote results_ej230_analysis/figs/tn_690mm_top.png
Done.
