Rc files read (in order):
  NONE
Latexmk: This is Latexmk, John Collins, 9 March 2026. Version 4.88.
Latexmk: applying rule 'pdflatex'...
Rule 'pdflatex':  Reasons for rerun
Changed files or newly in use/created:
  exec13_ej230_report_full.tex
Category 'changed_user':
  exec13_ej230_report_full.tex

------------
Run number 1 of rule 'pdflatex'
------------
------------
Running 'pdflatex  -interaction=nonstopmode -halt-on-error -file-line-error -recorder  "exec13_ej230_report_full.tex"'
------------
This is pdfTeX, Version 3.14159265-2.6-1.40.21 (TeX Live 2020) (preloaded format=pdflatex)
 restricted \write18 enabled.
entering extended mode
(./exec13_ej230_report_full.tex
LaTeX2e <2020-10-01> patch level 4
L3 programming layer <2021-02-18>
(/usr/share/texlive/texmf-dist/tex/latex/beamer/beamer.cls
Document Class: beamer 2021/03/19 v3.62 A class for typesetting presentations
(/usr/share/texlive/texmf-dist/tex/latex/beamer/beamerbasemodes.sty
(/usr/share/texlive/texmf-dist/tex/latex/etoolbox/etoolbox.sty)
(/usr/share/texlive/texmf-dist/tex/latex/beamer/beamerbasedecode.sty))
(/usr/share/texlive/texmf-dist/tex/generic/iftex/ifpdf.sty
(/usr/share/texlive/texmf-dist/tex/generic/iftex/iftex.sty))
(/usr/share/texlive/texmf-dist/tex/latex/beamer/beamerbaseoptions.sty
(/usr/share/texlive/texmf-dist/tex/latex/graphics/keyval.sty))
(/usr/share/texlive/texmf-dist/tex/latex/geometry/geometry.sty
(/usr/share/texlive/texmf-dist/tex/generic/iftex/ifvtex.sty))
(/usr/share/texlive/texmf-dist/tex/latex/base/size11.clo)
(/usr/share/texlive/texmf-dist/tex/latex/pgf/basiclayer/pgfcore.sty
(/usr/share/texlive/texmf-dist/tex/latex/graphics/graphicx.sty
(/usr/share/texlive/texmf-dist/tex/latex/graphics/graphics.sty
(/usr/share/texlive/texmf-dist/tex/latex/graphics/trig.sty)
(/usr/share/texlive/texmf-dist/tex/latex/graphics-cfg/graphics.cfg)
(/usr/share/texlive/texmf-dist/tex/latex/graphics-def/pdftex.def)))
(/usr/share/texlive/texmf-dist/tex/latex/pgf/systemlayer/pgfsys.sty
(/usr/share/texlive/texmf-dist/tex/latex/pgf/utilities/pgfrcs.sty
(/usr/share/texlive/texmf-dist/tex/generic/pgf/utilities/pgfutil-common.tex
(/usr/share/texlive/texmf-dist/tex/generic/pgf/utilities/pgfutil-common-lists.t
ex)) (/usr/share/texlive/texmf-dist/tex/generic/pgf/utilities/pgfutil-latex.def
) (/usr/share/texlive/texmf-dist/tex/generic/pgf/utilities/pgfrcs.code.tex
(/usr/share/texlive/texmf-dist/tex/generic/pgf/pgf.revision.tex)))
(/usr/share/texlive/texmf-dist/tex/generic/pgf/systemlayer/pgfsys.code.tex
(/usr/share/texlive/texmf-dist/tex/generic/pgf/utilities/pgfkeys.code.tex
(/usr/share/texlive/texmf-dist/tex/generic/pgf/utilities/pgfkeysfiltered.code.t
ex)) (/usr/share/texlive/texmf-dist/tex/generic/pgf/systemlayer/pgf.cfg)
(/usr/share/texlive/texmf-dist/tex/generic/pgf/systemlayer/pgfsys-pdftex.def
(/usr/share/texlive/texmf-dist/tex/generic/pgf/systemlayer/pgfsys-common-pdf.de
f)))
(/usr/share/texlive/texmf-dist/tex/generic/pgf/systemlayer/pgfsyssoftpath.code.
tex)
(/usr/share/texlive/texmf-dist/tex/generic/pgf/systemlayer/pgfsysprotocol.code.
tex)) (/usr/share/texlive/texmf-dist/tex/latex/xcolor/xcolor.sty
(/usr/share/texlive/texmf-dist/tex/latex/graphics-cfg/color.cfg))
(/usr/share/texlive/texmf-dist/tex/generic/pgf/basiclayer/pgfcore.code.tex
(/usr/share/texlive/texmf-dist/tex/generic/pgf/math/pgfmath.code.tex
(/usr/share/texlive/texmf-dist/tex/generic/pgf/math/pgfmathcalc.code.tex
(/usr/share/texlive/texmf-dist/tex/generic/pgf/math/pgfmathutil.code.tex)
(/usr/share/texlive/texmf-dist/tex/generic/pgf/math/pgfmathparser.code.tex)
(/usr/share/texlive/texmf-dist/tex/generic/pgf/math/pgfmathfunctions.code.tex
(/usr/share/texlive/texmf-dist/tex/generic/pgf/math/pgfmathfunctions.basic.code
.tex)
(/usr/share/texlive/texmf-dist/tex/generic/pgf/math/pgfmathfunctions.trigonomet
ric.code.tex)
(/usr/share/texlive/texmf-dist/tex/generic/pgf/math/pgfmathfunctions.random.cod
e.tex)
(/usr/share/texlive/texmf-dist/tex/generic/pgf/math/pgfmathfunctions.comparison
.code.tex)
(/usr/share/texlive/texmf-dist/tex/generic/pgf/math/pgfmathfunctions.base.code.
tex)
(/usr/share/texlive/texmf-dist/tex/generic/pgf/math/pgfmathfunctions.round.code
.tex)
(/usr/share/texlive/texmf-dist/tex/generic/pgf/math/pgfmathfunctions.misc.code.
tex)
(/usr/share/texlive/texmf-dist/tex/generic/pgf/math/pgfmathfunctions.integerari
thmetics.code.tex)))
(/usr/share/texlive/texmf-dist/tex/generic/pgf/math/pgfmathfloat.code.tex))
(/usr/share/texlive/texmf-dist/tex/generic/pgf/math/pgfint.code.tex)
(/usr/share/texlive/texmf-dist/tex/generic/pgf/basiclayer/pgfcorepoints.code.te
x)
(/usr/share/texlive/texmf-dist/tex/generic/pgf/basiclayer/pgfcorepathconstruct.
code.tex)
(/usr/share/texlive/texmf-dist/tex/generic/pgf/basiclayer/pgfcorepathusage.code
.tex)
(/usr/share/texlive/texmf-dist/tex/generic/pgf/basiclayer/pgfcorescopes.code.te
x)
(/usr/share/texlive/texmf-dist/tex/generic/pgf/basiclayer/pgfcoregraphicstate.c
ode.tex)
(/usr/share/texlive/texmf-dist/tex/generic/pgf/basiclayer/pgfcoretransformation
s.code.tex)
(/usr/share/texlive/texmf-dist/tex/generic/pgf/basiclayer/pgfcorequick.code.tex
)
(/usr/share/texlive/texmf-dist/tex/generic/pgf/basiclayer/pgfcoreobjects.code.t
ex)
(/usr/share/texlive/texmf-dist/tex/generic/pgf/basiclayer/pgfcorepathprocessing
.code.tex)
(/usr/share/texlive/texmf-dist/tex/generic/pgf/basiclayer/pgfcorearrows.code.te
x)
(/usr/share/texlive/texmf-dist/tex/generic/pgf/basiclayer/pgfcoreshade.code.tex
)
(/usr/share/texlive/texmf-dist/tex/generic/pgf/basiclayer/pgfcoreimage.code.tex

(/usr/share/texlive/texmf-dist/tex/generic/pgf/basiclayer/pgfcoreexternal.code.
tex))
(/usr/share/texlive/texmf-dist/tex/generic/pgf/basiclayer/pgfcorelayers.code.te
x)
(/usr/share/texlive/texmf-dist/tex/generic/pgf/basiclayer/pgfcoretransparency.c
ode.tex)
(/usr/share/texlive/texmf-dist/tex/generic/pgf/basiclayer/pgfcorepatterns.code.
tex)
(/usr/share/texlive/texmf-dist/tex/generic/pgf/basiclayer/pgfcorerdf.code.tex))
) (/usr/share/texlive/texmf-dist/tex/latex/pgf/utilities/xxcolor.sty)
(/usr/share/texlive/texmf-dist/tex/latex/base/atbegshi-ltx.sty)
(/usr/share/texlive/texmf-dist/tex/latex/hyperref/hyperref.sty
(/usr/share/texlive/texmf-dist/tex/generic/ltxcmds/ltxcmds.sty)
(/usr/share/texlive/texmf-dist/tex/generic/pdftexcmds/pdftexcmds.sty
(/usr/share/texlive/texmf-dist/tex/generic/infwarerr/infwarerr.sty))
(/usr/share/texlive/texmf-dist/tex/generic/kvsetkeys/kvsetkeys.sty)
(/usr/share/texlive/texmf-dist/tex/generic/kvdefinekeys/kvdefinekeys.sty)
(/usr/share/texlive/texmf-dist/tex/generic/pdfescape/pdfescape.sty)
(/usr/share/texlive/texmf-dist/tex/latex/hycolor/hycolor.sty)
(/usr/share/texlive/texmf-dist/tex/latex/letltxmacro/letltxmacro.sty)
(/usr/share/texlive/texmf-dist/tex/latex/auxhook/auxhook.sty)
(/usr/share/texlive/texmf-dist/tex/latex/kvoptions/kvoptions.sty)
(/usr/share/texlive/texmf-dist/tex/latex/hyperref/pd1enc.def)
(/usr/share/texlive/texmf-dist/tex/latex/hyperref/hyperref-langpatches.def)
(/usr/share/texlive/texmf-dist/tex/generic/intcalc/intcalc.sty)
(/usr/share/texlive/texmf-dist/tex/generic/etexcmds/etexcmds.sty)
(/usr/share/texlive/texmf-dist/tex/latex/hyperref/puenc.def)
(/usr/share/texlive/texmf-dist/tex/latex/url/url.sty)
(/usr/share/texlive/texmf-dist/tex/generic/bitset/bitset.sty
(/usr/share/texlive/texmf-dist/tex/generic/bigintcalc/bigintcalc.sty))

Package hyperref Message: Stopped early.

) (/usr/share/texlive/texmf-dist/tex/latex/hyperref/hpdftex.def
(/usr/share/texlive/texmf-dist/tex/latex/base/atveryend-ltx.sty)
(/usr/share/texlive/texmf-dist/tex/latex/rerunfilecheck/rerunfilecheck.sty
(/usr/share/texlive/texmf-dist/tex/generic/uniquecounter/uniquecounter.sty)))
(/usr/share/texlive/texmf-dist/tex/latex/beamer/beamerbaserequires.sty
(/usr/share/texlive/texmf-dist/tex/latex/beamer/beamerbasecompatibility.sty)
(/usr/share/texlive/texmf-dist/tex/latex/beamer/beamerbasefont.sty
(/usr/share/texlive/texmf-dist/tex/latex/amsfonts/amssymb.sty
(/usr/share/texlive/texmf-dist/tex/latex/amsfonts/amsfonts.sty))
(/usr/share/texlive/texmf-dist/tex/latex/sansmathaccent/sansmathaccent.sty
(/usr/share/texlive/texmf-dist/tex/latex/koma-script/scrlfile.sty
(/usr/share/texlive/texmf-dist/tex/latex/koma-script/scrlfile-hook.sty
(/usr/share/texlive/texmf-dist/tex/latex/koma-script/scrlogo.sty)))))
(/usr/share/texlive/texmf-dist/tex/latex/beamer/beamerbasetranslator.sty
(/usr/share/texlive/texmf-dist/tex/latex/translator/translator.sty))
(/usr/share/texlive/texmf-dist/tex/latex/beamer/beamerbasemisc.sty)
(/usr/share/texlive/texmf-dist/tex/latex/beamer/beamerbasetwoscreens.sty)
(/usr/share/texlive/texmf-dist/tex/latex/beamer/beamerbaseoverlay.sty)
(/usr/share/texlive/texmf-dist/tex/latex/beamer/beamerbasetitle.sty)
(/usr/share/texlive/texmf-dist/tex/latex/beamer/beamerbasesection.sty)
(/usr/share/texlive/texmf-dist/tex/latex/beamer/beamerbaseframe.sty)
(/usr/share/texlive/texmf-dist/tex/latex/beamer/beamerbaseverbatim.sty)
(/usr/share/texlive/texmf-dist/tex/latex/beamer/beamerbaseframesize.sty)
(/usr/share/texlive/texmf-dist/tex/latex/beamer/beamerbaseframecomponents.sty)
(/usr/share/texlive/texmf-dist/tex/latex/beamer/beamerbasecolor.sty)
(/usr/share/texlive/texmf-dist/tex/latex/beamer/beamerbasenotes.sty)
(/usr/share/texlive/texmf-dist/tex/latex/beamer/beamerbasetoc.sty)
(/usr/share/texlive/texmf-dist/tex/latex/beamer/beamerbasetemplates.sty
(/usr/share/texlive/texmf-dist/tex/latex/beamer/beamerbaseauxtemplates.sty
(/usr/share/texlive/texmf-dist/tex/latex/beamer/beamerbaseboxes.sty)))
(/usr/share/texlive/texmf-dist/tex/latex/beamer/beamerbaselocalstructure.sty
(/usr/share/texlive/texmf-dist/tex/latex/tools/enumerate.sty))
(/usr/share/texlive/texmf-dist/tex/latex/beamer/beamerbasenavigation.sty)
(/usr/share/texlive/texmf-dist/tex/latex/beamer/beamerbasetheorems.sty
(/usr/share/texlive/texmf-dist/tex/latex/amsmath/amsmath.sty
For additional information on amsmath, use the `?' option.
(/usr/share/texlive/texmf-dist/tex/latex/amsmath/amstext.sty
(/usr/share/texlive/texmf-dist/tex/latex/amsmath/amsgen.sty))
(/usr/share/texlive/texmf-dist/tex/latex/amsmath/amsbsy.sty)
(/usr/share/texlive/texmf-dist/tex/latex/amsmath/amsopn.sty))
(/usr/share/texlive/texmf-dist/tex/latex/amscls/amsthm.sty))
(/usr/share/texlive/texmf-dist/tex/latex/beamer/beamerbasethemes.sty))
(/usr/share/texlive/texmf-dist/tex/latex/beamer/beamerthemedefault.sty
(/usr/share/texlive/texmf-dist/tex/latex/beamer/beamerfontthemedefault.sty)
(/usr/share/texlive/texmf-dist/tex/latex/beamer/beamercolorthemedefault.sty)
(/usr/share/texlive/texmf-dist/tex/latex/beamer/beamerinnerthemedefault.sty)
(/usr/share/texlive/texmf-dist/tex/latex/beamer/beamerouterthemedefault.sty)))
(/usr/share/texlive/texmf-dist/tex/latex/base/inputenc.sty)
(/usr/share/texlive/texmf-dist/tex/latex/base/fontenc.sty)
(/usr/share/texlive/texmf-dist/tex/latex/booktabs/booktabs.sty)
(../tables/exec14_macros.tex)
(/usr/share/texlive/texmf-dist/tex/latex/pgf/frontendlayer/tikz.sty
(/usr/share/texlive/texmf-dist/tex/latex/pgf/basiclayer/pgf.sty
(/usr/share/texlive/texmf-dist/tex/generic/pgf/modules/pgfmoduleshapes.code.tex
) (/usr/share/texlive/texmf-dist/tex/generic/pgf/modules/pgfmoduleplot.code.tex
)
(/usr/share/texlive/texmf-dist/tex/latex/pgf/compatibility/pgfcomp-version-0-65
.sty)
(/usr/share/texlive/texmf-dist/tex/latex/pgf/compatibility/pgfcomp-version-1-18
.sty)) (/usr/share/texlive/texmf-dist/tex/latex/pgf/utilities/pgffor.sty
(/usr/share/texlive/texmf-dist/tex/latex/pgf/utilities/pgfkeys.sty
(/usr/share/texlive/texmf-dist/tex/generic/pgf/utilities/pgfkeys.code.tex))
(/usr/share/texlive/texmf-dist/tex/latex/pgf/math/pgfmath.sty
(/usr/share/texlive/texmf-dist/tex/generic/pgf/math/pgfmath.code.tex))
(/usr/share/texlive/texmf-dist/tex/generic/pgf/utilities/pgffor.code.tex
(/usr/share/texlive/texmf-dist/tex/generic/pgf/math/pgfmath.code.tex)))
(/usr/share/texlive/texmf-dist/tex/generic/pgf/frontendlayer/tikz/tikz.code.tex

(/usr/share/texlive/texmf-dist/tex/generic/pgf/libraries/pgflibraryplothandlers
.code.tex)
(/usr/share/texlive/texmf-dist/tex/generic/pgf/modules/pgfmodulematrix.code.tex
)
(/usr/share/texlive/texmf-dist/tex/generic/pgf/frontendlayer/tikz/libraries/tik
zlibrarytopaths.code.tex)))
(/usr/share/texlive/texmf-dist/tex/latex/l3backend/l3backend-pdftex.def)
(./exec13_ej230_report_full.aux)
*geometry* driver: auto-detecting
*geometry* detected driver: pdftex
(/usr/share/texlive/texmf-dist/tex/context/base/mkii/supp-pdf.mkii
[Loading MPS to PDF converter (version 2006.09.02).]
) (/usr/share/texlive/texmf-dist/tex/latex/epstopdf-pkg/epstopdf-base.sty
(/usr/share/texlive/texmf-dist/tex/latex/latexconfig/epstopdf-sys.cfg))
(/usr/share/texlive/texmf-dist/tex/latex/hyperref/nameref.sty
(/usr/share/texlive/texmf-dist/tex/latex/refcount/refcount.sty)
(/usr/share/texlive/texmf-dist/tex/generic/gettitlestring/gettitlestring.sty))
(./exec13_ej230_report_full.out) (./exec13_ej230_report_full.out)
(/usr/share/texlive/texmf-dist/tex/latex/translator/translator-basic-dictionary
-English.dict)
(/usr/share/texlive/texmf-dist/tex/latex/translator/translator-bibliography-dic
tionary-English.dict)
(/usr/share/texlive/texmf-dist/tex/latex/translator/translator-environment-dict
ionary-English.dict)
(/usr/share/texlive/texmf-dist/tex/latex/translator/translator-months-dictionar
y-English.dict)
(/usr/share/texlive/texmf-dist/tex/latex/translator/translator-numbers-dictiona
ry-English.dict)
(/usr/share/texlive/texmf-dist/tex/latex/translator/translator-theorem-dictiona
ry-English.dict) (./exec13_ej230_report_full.nav) (../tables/provenance.tex
(/usr/share/texlive/texmf-dist/tex/latex/base/t1cmtt.fd)
(/usr/share/texlive/texmf-dist/tex/latex/amsfonts/umsa.fd)
(/usr/share/texlive/texmf-dist/tex/latex/amsfonts/umsb.fd)
(/usr/share/texlive/texmf-dist/tex/latex/sansmathaccent/ot1mathkerncmss.fd))
[1{/usr/share/texlive/texmf-dist/fonts/map/pdftex/updmap/pdftex.map}] [2]
[3] [4] (../tables/key_position_-690.tex) [5 <..//figs/muon_-690mm_geometry.png
> <..//figs/muon_-690mm_top_profile.png>] [6 <..//figs/exec11_arrival_-690mm.pn
g>] [7 <..//figs/exec13_tN_-690mm.png>] [8 <..//figs/exec13_tn_-690mm_top.png> 
<..//figs/exec13_tn_-690mm_endL.png> <..//figs/exec13_tn_-690mm_endR.png>]
(../tables/key_position_-650.tex) [9 <..//figs/muon_-650mm_geometry.png> <..//f
igs/muon_-650mm_top_profile.png>] [10 <..//figs/exec11_arrival_-650mm.png>]
[11 <..//figs/exec13_tN_-650mm.png>] [12 <..//figs/exec13_tn_-650mm_top.png> <.
.//figs/exec13_tn_-650mm_endL.png> <..//figs/exec13_tn_-650mm_endR.png>]
(../tables/key_position_-400.tex) [13 <..//figs/muon_-400mm_geometry.png> <..//
figs/muon_-400mm_top_profile.png>] [14 <..//figs/exec11_arrival_-400mm.png>]
[15 <..//figs/exec13_tN_-400mm.png>] [16 <..//figs/exec13_tn_-400mm_top.png> <.
.//figs/exec13_tn_-400mm_endL.png> <..//figs/exec13_tn_-400mm_endR.png>]
(../tables/key_position_0.tex) [17 <..//figs/muon_0mm_geometry.png> <..//figs/m
uon_0mm_top_profile.png>] [18 <..//figs/exec11_arrival_0mm.png>] [19 <..//figs/
exec13_tN_0mm.png>] [20 <..//figs/exec13_tn_0mm_top.png> <..//figs/exec13_tn_0m
m_endL.png> <..//figs/exec13_tn_0mm_endR.png>] (../tables/key_position_400.tex)
 [21 <..//figs/muon_400mm_geometry.png> <..//figs/muon_400mm_top_profile.png>]
[22 <..//figs/exec11_arrival_400mm.png>] [23 <..//figs/exec13_tN_400mm.png>]
[24 <..//figs/exec13_tn_400mm_top.png> <..//figs/exec13_tn_400mm_endL.png> <../
/figs/exec13_tn_400mm_endR.png>] (../tables/key_position_650.tex) [25 <..//figs
/muon_650mm_geometry.png> <..//figs/muon_650mm_top_profile.png>] [26 <..//figs/
exec11_arrival_650mm.png>] [27 <..//figs/exec13_tN_650mm.png>] [28 <..//figs/ex
ec13_tn_650mm_top.png> <..//figs/exec13_tn_650mm_endL.png> <..//figs/exec13_tn_
650mm_endR.png>] (../tables/key_position_690.tex) [29 <..//figs/muon_690mm_geom
etry.png> <..//figs/muon_690mm_top_profile.png>] [30 <..//figs/exec11_arrival_6
90mm.png>] [31 <..//figs/exec13_tN_690mm.png>] [32 <..//figs/exec13_tn_690mm_to
p.png> <..//figs/exec13_tn_690mm_endL.png> <..//figs/exec13_tn_690mm_endR.png>]
(../tables/tN_summary.tex) [33 <..//figs/exec13_tN_summary.png>] [34] [35 <..//
figs/P1_npe_vs_x.png>] (../tables/top_localization_summary.tex) [36 <..//figs/P
2_npe_heatmap_top.png>] (../tables/attenuation_fit.tex) [37 <..//figs/fits_atte
nuation_velocity.png>] [38] (../tables/fano_fit.tex) [39 <..//figs/exec10_fano_
vs_mean.png>] [40] [41 <..//figs/exec10_landau_fit_example.png>] [42 <..//figs/
P5_tdist_examples.png>] [43 <..//figs/P6_tmean_vs_x.png>]
(../tables/landau_key_positions.tex) [44] (../tables/window_dip_mechanism.tex)
[45] (../tables/window_dip_test.tex) (../tables/window_dip_summary.tex)
[46 <..//figs/exec08b_window_dip_profiles.png>] (../tables/sum4_timing.tex)
[47 <..//figs/P7_deltaT_end.png>] (../tables/endtop_endonly_ratio.tex)
(../tables/endtop_endonly_tails.tex) [48 <..//figs/exec09_tail_comparison.png>]
(../tables/velocity_estimators.tex) [49 <..//figs/exec10_velocity_estimators.pn
g>] (../tables/top_timing_estimates.tex) (../tables/top_timing_comparison.tex)
[50] (../tables/numerical_conclusions.tex (../tables/sum4_timing.tex)) [51]
(../tables/key_position_-690.tex) [52] [53] (../tables/position_-670.tex)
[54 <..//figs/muon_-670mm_geometry.png> <..//figs/muon_-670mm_top_profile.png>]
[55 <..//figs/exec11_arrival_-670mm.png>] (../tables/key_position_-650.tex)
[56] [57] (../tables/position_-600.tex) [58 <..//figs/muon_-600mm_geometry.png>
 <..//figs/muon_-600mm_top_profile.png>] [59 <..//figs/exec11_arrival_-600mm.pn
g>] (../tables/position_-550.tex) [60 <..//figs/muon_-550mm_geometry.png> <..//
figs/muon_-550mm_top_profile.png>] [61 <..//figs/exec11_arrival_-550mm.png>]
(../tables/position_-500.tex) [62 <..//figs/muon_-500mm_geometry.png> <..//figs
/muon_-500mm_top_profile.png>] [63 <..//figs/exec11_arrival_-500mm.png>]
(../tables/position_-450.tex) [64 <..//figs/muon_-450mm_geometry.png> <..//figs
/muon_-450mm_top_profile.png>] [65 <..//figs/exec11_arrival_-450mm.png>]
(../tables/key_position_-400.tex) [66] [67] (../tables/position_-350.tex)
[68 <..//figs/muon_-350mm_geometry.png> <..//figs/muon_-350mm_top_profile.png>]
[69 <..//figs/exec11_arrival_-350mm.png>] (../tables/position_-300.tex)
[70 <..//figs/muon_-300mm_geometry.png> <..//figs/muon_-300mm_top_profile.png>]
[71 <..//figs/exec11_arrival_-300mm.png>] (../tables/position_-250.tex)
[72 <..//figs/muon_-250mm_geometry.png> <..//figs/muon_-250mm_top_profile.png>]
[73 <..//figs/exec11_arrival_-250mm.png>] (../tables/position_-200.tex)
[74 <..//figs/muon_-200mm_geometry.png> <..//figs/muon_-200mm_top_profile.png>]
[75 <..//figs/exec11_arrival_-200mm.png>] (../tables/position_-150.tex)
[76 <..//figs/muon_-150mm_geometry.png> <..//figs/muon_-150mm_top_profile.png>]
[77 <..//figs/exec11_arrival_-150mm.png>] (../tables/position_-100.tex)
[78 <..//figs/muon_-100mm_geometry.png> <..//figs/muon_-100mm_top_profile.png>]
[79 <..//figs/exec11_arrival_-100mm.png>] (../tables/position_-50.tex) [80 <../
/figs/muon_-50mm_geometry.png> <..//figs/muon_-50mm_top_profile.png>] [81 <..//
figs/exec11_arrival_-50mm.png>] (../tables/key_position_0.tex) [82] [83]
(../tables/position_50.tex) [84 <..//figs/muon_50mm_geometry.png> <..//figs/muo
n_50mm_top_profile.png>] [85 <..//figs/exec11_arrival_50mm.png>]
(../tables/position_100.tex) [86 <..//figs/muon_100mm_geometry.png> <..//figs/m
uon_100mm_top_profile.png>] [87 <..//figs/exec11_arrival_100mm.png>]
(../tables/position_150.tex) [88 <..//figs/muon_150mm_geometry.png> <..//figs/m
uon_150mm_top_profile.png>] [89 <..//figs/exec11_arrival_150mm.png>]
(../tables/position_200.tex) [90 <..//figs/muon_200mm_geometry.png> <..//figs/m
uon_200mm_top_profile.png>] [91 <..//figs/exec11_arrival_200mm.png>]
(../tables/position_250.tex) [92 <..//figs/muon_250mm_geometry.png> <..//figs/m
uon_250mm_top_profile.png>] [93 <..//figs/exec11_arrival_250mm.png>]
(../tables/position_300.tex) [94 <..//figs/muon_300mm_geometry.png> <..//figs/m
uon_300mm_top_profile.png>] [95 <..//figs/exec11_arrival_300mm.png>]
(../tables/position_350.tex) [96 <..//figs/muon_350mm_geometry.png> <..//figs/m
uon_350mm_top_profile.png>] [97 <..//figs/exec11_arrival_350mm.png>]
(../tables/key_position_400.tex) [98] [99] (../tables/position_450.tex)
[100 <..//figs/muon_450mm_geometry.png> <..//figs/muon_450mm_top_profile.png>]
[101 <..//figs/exec11_arrival_450mm.png>] (../tables/position_500.tex) [102 <..
//figs/muon_500mm_geometry.png> <..//figs/muon_500mm_top_profile.png>] [103 <..
//figs/exec11_arrival_500mm.png>] (../tables/position_550.tex) [104 <..//figs/m
uon_550mm_geometry.png> <..//figs/muon_550mm_top_profile.png>] [105 <..//figs/e
xec11_arrival_550mm.png>] (../tables/position_600.tex) [106 <..//figs/muon_600m
m_geometry.png> <..//figs/muon_600mm_top_profile.png>] [107 <..//figs/exec11_ar
rival_600mm.png>] (../tables/key_position_650.tex) [108] [109]
(../tables/position_670.tex) [110 <..//figs/muon_670mm_geometry.png> <..//figs/
muon_670mm_top_profile.png>] [111 <..//figs/exec11_arrival_670mm.png>]
(../tables/key_position_690.tex) [112] [113]

Package hyperref Warning: Token not allowed in a PDF string (Unicode):
(hyperref)                removing `\translate ' on input line 1110.

(../tables/validation_summary.tex) [114] [115 <..//figs/exec08b_id18_impact_map
s.png>] (../tables/threshold_rationale.tex) [116] [117]
(../tables/window_dip_summary.tex) [118] [119] (./exec13_ej230_report_full.aux)
 ){/usr/share/texlive/texmf-dist/fonts/enc/dvips/cm-super/cm-super-t1.enc}</usr
/share/texlive/texmf-dist/fonts/type1/public/amsfonts/cm/cmex10.pfb></usr/share
/texlive/texmf-dist/fonts/type1/public/amsfonts/cmextra/cmex8.pfb></usr/share/t
exlive/texmf-dist/fonts/type1/public/amsfonts/cm/cmmi10.pfb></usr/share/texlive
/texmf-dist/fonts/type1/public/amsfonts/cm/cmmi12.pfb></usr/share/texlive/texmf
-dist/fonts/type1/public/amsfonts/cm/cmmi5.pfb></usr/share/texlive/texmf-dist/f
onts/type1/public/amsfonts/cm/cmmi6.pfb></usr/share/texlive/texmf-dist/fonts/ty
pe1/public/amsfonts/cm/cmmi8.pfb></usr/share/texlive/texmf-dist/fonts/type1/pub
lic/amsfonts/cm/cmmi9.pfb></usr/share/texlive/texmf-dist/fonts/type1/public/ams
fonts/cm/cmss10.pfb></usr/share/texlive/texmf-dist/fonts/type1/public/amsfonts/
cm/cmss12.pfb></usr/share/texlive/texmf-dist/fonts/type1/public/amsfonts/cm/cms
s8.pfb></usr/share/texlive/texmf-dist/fonts/type1/public/amsfonts/cm/cmss9.pfb>
</usr/share/texlive/texmf-dist/fonts/type1/public/amsfonts/cm/cmssi10.pfb></usr
/share/texlive/texmf-dist/fonts/type1/public/amsfonts/cm/cmssi12.pfb></usr/shar
e/texlive/texmf-dist/fonts/type1/public/amsfonts/cm/cmssi8.pfb></usr/share/texl
ive/texmf-dist/fonts/type1/public/amsfonts/cm/cmssi9.pfb></usr/share/texlive/te
xmf-dist/fonts/type1/public/amsfonts/cm/cmsy10.pfb></usr/share/texlive/texmf-di
st/fonts/type1/public/amsfonts/cm/cmsy6.pfb></usr/share/texlive/texmf-dist/font
s/type1/public/amsfonts/cm/cmsy7.pfb></usr/share/texlive/texmf-dist/fonts/type1
/public/amsfonts/cm/cmsy8.pfb></usr/share/texlive/texmf-dist/fonts/type1/public
/amsfonts/cm/cmsy9.pfb></usr/share/texlive/texmf-dist/fonts/type1/public/amsfon
ts/symbols/msam10.pfb></usr/share/texlive/texmf-dist/fonts/type1/public/cm-supe
r/sfrm0500.pfb></usr/share/texlive/texmf-dist/fonts/type1/public/cm-super/sfrm0
600.pfb></usr/share/texlive/texmf-dist/fonts/type1/public/cm-super/sfrm0800.pfb
></usr/share/texlive/texmf-dist/fonts/type1/public/cm-super/sfrm0900.pfb></usr/
share/texlive/texmf-dist/fonts/type1/public/cm-super/sfrm1000.pfb></usr/share/t
exlive/texmf-dist/fonts/type1/public/cm-super/sfsi0900.pfb></usr/share/texlive/
texmf-dist/fonts/type1/public/cm-super/sfsi1095.pfb></usr/share/texlive/texmf-d
ist/fonts/type1/public/cm-super/sfss0500.pfb></usr/share/texlive/texmf-dist/fon
ts/type1/public/cm-super/sfss0600.pfb></usr/share/texlive/texmf-dist/fonts/type
1/public/cm-super/sfss0700.pfb></usr/share/texlive/texmf-dist/fonts/type1/publi
c/cm-super/sfss0800.pfb></usr/share/texlive/texmf-dist/fonts/type1/public/cm-su
per/sfss0900.pfb></usr/share/texlive/texmf-dist/fonts/type1/public/cm-super/sfs
s1000.pfb></usr/share/texlive/texmf-dist/fonts/type1/public/cm-super/sfss1095.p
fb></usr/share/texlive/texmf-dist/fonts/type1/public/cm-super/sfss1200.pfb></us
r/share/texlive/texmf-dist/fonts/type1/public/cm-super/sfss1440.pfb></usr/share
/texlive/texmf-dist/fonts/type1/public/cm-super/sfsx0800.pfb></usr/share/texliv
e/texmf-dist/fonts/type1/public/cm-super/sfsx1000.pfb></usr/share/texlive/texmf
-dist/fonts/type1/public/cm-super/sfsx1095.pfb></usr/share/texlive/texmf-dist/f
onts/type1/public/cm-super/sftt0800.pfb></usr/share/texlive/texmf-dist/fonts/ty
pe1/public/cm-super/sftt1000.pfb></usr/share/texlive/texmf-dist/fonts/type1/pub
lic/cm-super/sftt1095.pfb>
Output written on exec13_ej230_report_full.pdf (119 pages, 19467913 bytes).
Transcript written on exec13_ej230_report_full.log.
Latexmk: Getting log file 'exec13_ej230_report_full.log'
Latexmk: Examining 'exec13_ej230_report_full.fls'
Latexmk: Examining 'exec13_ej230_report_full.log'
Latexmk: Log file says output to 'exec13_ej230_report_full.pdf'
Latexmk: All targets (exec13_ej230_report_full.pdf) are up-to-date

