
**************************************************************
 Geant4 version Name: geant4-11-04 [MT]   (5-December-2025)
  << in Multi-threaded mode >> 
                       Copyright : Geant4 Collaboration
                      References : NIM A 506 (2003), 250-303
                                 : IEEE-TNS 53 (2006), 270-278
                                 : NIM A 835 (2016), 186-225
                             WWW : http://geant4.org/
**************************************************************

Accumulable registered as "NEndLeft"
Accumulable registered as "NEndRight"
Accumulable registered as "NTop"
Accumulable registered as "NEventsWithHits"
Accumulable registered as "NScintPhotons"

-------- WWWW ------- G4Exception-START -------- WWWW -------
*** G4Exception : mat031
      issued by : G4Material::FillVectors()
For material opsc-106 sum of fractional masses 0.998616 is not 1 - results may be wrong

*** This is just a warning message. ***
-------- WWWW -------- G4Exception-END --------- WWWW -------

Checking overlaps for volume BarPV:0 (G4Box) ... OK! 
Checking overlaps for volume ReflectorYMinusPV:0 (G4Box) ... OK! 
Checking overlaps for volume ReflectorZMinusPV:3 (G4Box) ... OK! 
Checking overlaps for volume ReflectorZPlusPV:4 (G4Box) ... OK! 
Checking overlaps for volume ReflectorYPlusPV:5 (G4SubtractionSolid) ... OK! 
Checking overlaps for volume EndSiPMLeft_PV:0 (G4Box) ... OK! 
Checking overlaps for volume EndSiPMRight_PV:8 (G4Box) ... OK! 
Checking overlaps for volume EndSiPMLeft_PV:1 (G4Box) ... OK! 
Checking overlaps for volume EndSiPMRight_PV:9 (G4Box) ... OK! 
Checking overlaps for volume EndSiPMLeft_PV:2 (G4Box) ... OK! 
Checking overlaps for volume EndSiPMRight_PV:10 (G4Box) ... OK! 
Checking overlaps for volume EndSiPMLeft_PV:3 (G4Box) ... OK! 
Checking overlaps for volume EndSiPMRight_PV:11 (G4Box) ... OK! 
Checking overlaps for volume EndSiPMLeft_PV:4 (G4Box) ... OK! 
Checking overlaps for volume EndSiPMRight_PV:12 (G4Box) ... OK! 
Checking overlaps for volume EndSiPMLeft_PV:5 (G4Box) ... OK! 
Checking overlaps for volume EndSiPMRight_PV:13 (G4Box) ... OK! 
Checking overlaps for volume EndSiPMLeft_PV:6 (G4Box) ... OK! 
Checking overlaps for volume EndSiPMRight_PV:14 (G4Box) ... OK! 
Checking overlaps for volume EndSiPMLeft_PV:7 (G4Box) ... OK! 
Checking overlaps for volume EndSiPMRight_PV:15 (G4Box) ... OK! 
Checking overlaps for volume TopSiPMPV:16 (G4Box) ... OK! 
Checking overlaps for volume TopSiPMPV:17 (G4Box) ... OK! 
Checking overlaps for volume TopSiPMPV:18 (G4Box) ... OK! 
Checking overlaps for volume TopSiPMPV:19 (G4Box) ... OK! 
Checking overlaps for volume TopSiPMPV:20 (G4Box) ... OK! 
Checking overlaps for volume TopSiPMPV:21 (G4Box) ... OK! 
Checking overlaps for volume TopSiPMPV:22 (G4Box) ... OK! 
Checking overlaps for volume TopSiPMPV:23 (G4Box) ... OK! 
Checking overlaps for volume TopSiPMPV:24 (G4Box) ... OK! 
Checking overlaps for volume TopSiPMPV:25 (G4Box) ... OK! 
Checking overlaps for volume TopSiPMPV:26 (G4Box) ... OK! 
Checking overlaps for volume TopSiPMPV:27 (G4Box) ... OK! 
Checking overlaps for volume TopSiPMPV:28 (G4Box) ... OK! 
Checking overlaps for volume TopSiPMPV:29 (G4Box) ... OK! 
Checking overlaps for volume TopSiPMPV:30 (G4Box) ... OK! 
Checking overlaps for volume TopSiPMPV:31 (G4Box) ... OK! 
Checking overlaps for volume TopSiPMPV:32 (G4Box) ... OK! 
Checking overlaps for volume TopSiPMPV:33 (G4Box) ... OK! 
Checking overlaps for volume TopSiPMPV:34 (G4Box) ... OK! 
Checking overlaps for volume TopSiPMPV:35 (G4Box) ... OK! 
Checking overlaps for volume TopSiPMPV:36 (G4Box) ... OK! 
Checking overlaps for volume TopSiPMPV:37 (G4Box) ... OK! 
Checking overlaps for volume TopSiPMPV:38 (G4Box) ... OK! 
Checking overlaps for volume TopSiPMPV:39 (G4Box) ... OK! 
Checking overlaps for volume TopSiPMPV:40 (G4Box) ... OK! 
Checking overlaps for volume TopSiPMPV:41 (G4Box) ... OK! 
Checking overlaps for volume TopSiPMPV:42 (G4Box) ... OK! 
Checking overlaps for volume TopSiPMPV:43 (G4Box) ... OK! 
Checking overlaps for volume TopSiPMPV:44 (G4Box) ... OK! 
Checking overlaps for volume TopSiPMPV:45 (G4Box) ... OK! 
Checking overlaps for volume TopSiPMPV:46 (G4Box) ... OK! 
Checking overlaps for volume TopSiPMPV:47 (G4Box) ... OK! 
Checking overlaps for volume TopSiPMPV:48 (G4Box) ... OK! 
Checking overlaps for volume TopSiPMPV:49 (G4Box) ... OK! 
Checking overlaps for volume TopSiPMPV:50 (G4Box) ... OK! 
Checking overlaps for volume TopSiPMPV:51 (G4Box) ... OK! 
Checking overlaps for volume TopSiPMPV:52 (G4Box) ... OK! 
Checking overlaps for volume TopSiPMPV:53 (G4Box) ... OK! 
Checking overlaps for volume TopSiPMPV:54 (G4Box) ... OK! 
Checking overlaps for volume TopSiPMPV:55 (G4Box) ... OK! 
Checking overlaps for volume TopSiPMPV:56 (G4Box) ... OK! 
Checking overlaps for volume TopSiPMPV:57 (G4Box) ... OK! 
Checking overlaps for volume TopSiPMPV:58 (G4Box) ... OK! 
Checking overlaps for volume TopSiPMPV:59 (G4Box) ... OK! 
Checking overlaps for volume TopSiPMPV:60 (G4Box) ... OK! 
Checking overlaps for volume TopSiPMPV:61 (G4Box) ... OK! 
Checking overlaps for volume TopSiPMPV:62 (G4Box) ... OK! 
Checking overlaps for volume TopSiPMPV:63 (G4Box) ... OK! 
Checking overlaps for volume TopSiPMPV:64 (G4Box) ... OK! 
Checking overlaps for volume TopSiPMPV:65 (G4Box) ... OK! 
Checking overlaps for volume TopSiPMPV:66 (G4Box) ... OK! 
Checking overlaps for volume TopSiPMPV:67 (G4Box) ... OK! 
Checking overlaps for volume TopSiPMPV:68 (G4Box) ... OK! 
Checking overlaps for volume TopSiPMPV:69 (G4Box) ... OK! 
Checking overlaps for volume TopSiPMPV:70 (G4Box) ... OK! 
Checking overlaps for volume TopSiPMPV:71 (G4Box) ... OK! 
Checking overlaps for volume TopSiPMPV:72 (G4Box) ... OK! 
Checking overlaps for volume TopSiPMPV:73 (G4Box) ... OK! 
Checking overlaps for volume TopSiPMPV:74 (G4Box) ... OK! 
Checking overlaps for volume TopSiPMPV:75 (G4Box) ... OK! 
Checking overlaps for volume TopSiPMPV:76 (G4Box) ... OK! 
Checking overlaps for volume TopSiPMPV:77 (G4Box) ... OK! 
Checking overlaps for volume TopSiPMPV:78 (G4Box) ... OK! 
Checking overlaps for volume TopSiPMPV:79 (G4Box) ... OK! 
Checking overlaps for volume TopSiPMPV:80 (G4Box) ... OK! 
Checking overlaps for volume TopSiPMPV:81 (G4Box) ... OK! 
Checking overlaps for volume TopSiPMPV:82 (G4Box) ... OK! 
Checking overlaps for volume TopSiPMPV:83 (G4Box) ... OK! 
Checking overlaps for volume TopSiPMPV:84 (G4Box) ... OK! 
Checking overlaps for volume TopSiPMPV:85 (G4Box) ... OK! 
### Birks coefficients used in run time
G4WT9 > Accumulable registered as "NEndLeft"
G4WT9 > Accumulable registered as "NEndRight"
G4WT9 > Accumulable registered as "NTop"
G4WT9 > Accumulable registered as "NEventsWithHits"
G4WT9 > Accumulable registered as "NScintPhotons"
G4WT1 > Accumulable registered as "NEndLeft"
G4WT1 > Accumulable registered as "NEndRight"
G4WT1 > Accumulable registered as "NTop"
G4WT1 > Accumulable registered as "NEventsWithHits"
G4WT1 > Accumulable registered as "NScintPhotons"
G4WT14 > Accumulable registered as "NEndLeft"
G4WT14 > Accumulable registered as "NEndRight"
G4WT14 > Accumulable registered as "NTop"
G4WT14 > Accumulable registered as "NEventsWithHits"
G4WT14 > Accumulable registered as "NScintPhotons"
G4WT5 > Accumulable registered as "NEndLeft"
G4WT5 > Accumulable registered as "NEndRight"
G4WT5 > Accumulable registered as "NTop"
G4WT5 > Accumulable registered as "NEventsWithHits"
G4WT5 > Accumulable registered as "NScintPhotons"
G4WT0 > Accumulable registered as "NEndLeft"
G4WT15 > Accumulable registered as "NEndLeft"
G4WT15 > Accumulable registered as "NEndRight"
G4WT15 > Accumulable registered as "NTop"
G4WT0 > Accumulable registered as "NEndRight"
G4WT0 > Accumulable registered as "NTop"
G4WT0 > Accumulable registered as "NEventsWithHits"
G4WT0 > Accumulable registered as "NScintPhotons"
G4WT15 > Accumulable registered as "NEventsWithHits"
G4WT15 > Accumulable registered as "NScintPhotons"
G4WT13 > Accumulable registered as "NEndLeft"
G4WT13 > Accumulable registered as "NEndRight"
G4WT13 > Accumulable registered as "NTop"
G4WT13 > Accumulable registered as "NEventsWithHits"
G4WT13 > Accumulable registered as "NScintPhotons"
G4WT3 > Accumulable registered as "NEndLeft"
G4WT3 > Accumulable registered as "NEndRight"
G4WT3 > Accumulable registered as "NTop"
G4WT3 > Accumulable registered as "NEventsWithHits"
G4WT3 > Accumulable registered as "NScintPhotons"
G4WT4 > Accumulable registered as "NEndLeft"
G4WT4 > Accumulable registered as "NEndRight"
G4WT4 > Accumulable registered as "NTop"
G4WT4 > Accumulable registered as "NEventsWithHits"
G4WT4 > Accumulable registered as "NScintPhotons"
G4WT8 > Accumulable registered as "NEndLeft"
G4WT8 > Accumulable registered as "NEndRight"
G4WT8 > Accumulable registered as "NTop"
G4WT8 > Accumulable registered as "NEventsWithHits"
G4WT8 > Accumulable registered as "NScintPhotons"
G4WT7 > Accumulable registered as "NEndLeft"
G4WT7 > Accumulable registered as "NEndRight"
G4WT7 > Accumulable registered as "NTop"
G4WT7 > Accumulable registered as "NEventsWithHits"
G4WT7 > Accumulable registered as "NScintPhotons"
G4WT2 > Accumulable registered as "NEndLeft"
G4WT2 > Accumulable registered as "NEndRight"
G4WT2 > Accumulable registered as "NTop"
G4WT2 > Accumulable registered as "NEventsWithHits"
G4WT2 > Accumulable registered as "NScintPhotons"
G4WT11 > Accumulable registered as "NEndLeft"
G4WT11 > Accumulable registered as "NEndRight"
G4WT11 > Accumulable registered as "NTop"
G4WT11 > Accumulable registered as "NEventsWithHits"
G4WT11 > Accumulable registered as "NScintPhotons"
G4WT12 > Accumulable registered as "NEndLeft"
G4WT12 > Accumulable registered as "NEndRight"
G4WT6 > Accumulable registered as "NEndLeft"
G4WT6 > Accumulable registered as "NEndRight"
G4WT12 > Accumulable registered as "NTop"
G4WT6 > Accumulable registered as "NTop"
G4WT12 > Accumulable registered as "NEventsWithHits"
G4WT12 > Accumulable registered as "NScintPhotons"
G4WT6 > Accumulable registered as "NEventsWithHits"
G4WT6 > Accumulable registered as "NScintPhotons"
G4WT10 > Accumulable registered as "NEndLeft"
G4WT10 > Accumulable registered as "NEndRight"
G4WT10 > Accumulable registered as "NTop"
G4WT10 > Accumulable registered as "NEventsWithHits"
G4WT10 > Accumulable registered as "NScintPhotons"

=== Active Scintillator Baseline ===
  SSLG4 code            : OPSC-106
  Yield                 : 9700 ph/MeV
  Rise time tau_r       : 0.5 ns
  Decay time tau_d      : 1.5 ns
  Attenuation length    : 120 cm
  Emission peak lambda  : 390.526 nm
  Finite rise time      : enabled
=====================================

=== Active Readout / Wrapping Configuration ===
  Readout configuration : EndTop
  SiPM model            : AFBR-S4N66P024M
  SiPM PDE file         : /home/reriosto/SHiP/ej230/data/sipm/AFBR-S4N66P024M_pde.txt
  -X face               : instrumented
  +X face               : instrumented
  -Y face               : wrapped
  +Y face               : instrumented
  -Z face               : wrapped
  +Z face               : wrapped
  Reflector R           : 0.98
  Active End SiPMs      : 16 (L=8, R=8)
  Active Top SiPMs      : 70
==============================================
G4WT6 > 
=== EJ Scintillator Bar Run Summary ===
  Run ID                : 0
  Events run            : 132
  Events with ≥1 hit    : 132
  End-left  photons     : 287850
  End-right photons     : 4091
  Top SiPM  photons     : 371459
  Scint photons generated: 2498155
  Total photons detected : 663400
  Detection efficiency   : 26.5556 %
  ROOT output           : photon_hits_run000.root
==============================

G4WT1 > 
=== EJ Scintillator Bar Run Summary ===
  Run ID                : 0
  Events run            : 88
  Events with ≥1 hit    : 88
  End-left  photons     : 193917
  End-right photons     : 2705
  Top SiPM  photons     : 250416
  Scint photons generated: 1687333
  Total photons detected : 447038
  Detection efficiency   : 26.4938 %
  ROOT output           : photon_hits_run000.root
==============================

G4WT4 > 
=== EJ Scintillator Bar Run Summary ===
  Run ID                : 0
  Events run            : 132
  Events with ≥1 hit    : 132
  End-left  photons     : 274576
  End-right photons     : 3827
  Top SiPM  photons     : 353451
  Scint photons generated: 2378907
  Total photons detected : 631854
  Detection efficiency   : 26.5607 %
  ROOT output           : photon_hits_run000.root
==============================

G4WT13 > 
=== EJ Scintillator Bar Run Summary ===
  Run ID                : 0
  Events run            : 88
  Events with ≥1 hit    : 88
  End-left  photons     : 197168
  End-right photons     : 2736
  Top SiPM  photons     : 253844
  Scint photons generated: 1708824
  Total photons detected : 453748
  Detection efficiency   : 26.5532 %
  ROOT output           : photon_hits_run000.root
==============================

G4WT14 > 
=== EJ Scintillator Bar Run Summary ===
  Run ID                : 0
  Events run            : 132
  Events with ≥1 hit    : 132
  End-left  photons     : 279223
  End-right photons     : 3826
  Top SiPM  photons     : 361062
  Scint photons generated: 2422074
  Total photons detected : 644111
  Detection efficiency   : 26.5934 %
  ROOT output           : photon_hits_run000.root
==============================

G4WT5 > 
=== EJ Scintillator Bar Run Summary ===
  Run ID                : 0
  Events run            : 132
  Events with ≥1 hit    : 132
  End-left  photons     : 279193
  End-right photons     : 3891
  Top SiPM  photons     : 360976
  Scint photons generated: 2424729
  Total photons detected : 644060
  Detection efficiency   : 26.5621 %
  ROOT output           : photon_hits_run000.root
==============================

G4WT11 > 
=== EJ Scintillator Bar Run Summary ===
  Run ID                : 0
  Events run            : 132
  Events with ≥1 hit    : 132
  End-left  photons     : 282045
  End-right photons     : 3941
  Top SiPM  photons     : 364973
  Scint photons generated: 2453669
  Total photons detected : 650959
  Detection efficiency   : 26.5300 %
  ROOT output           : photon_hits_run000.root
==============================

G4WT0 > 
=== EJ Scintillator Bar Run Summary ===
  Run ID                : 0
  Events run            : 132
  Events with ≥1 hit    : 132
  End-left  photons     : 283153
  End-right photons     : 3978
  Top SiPM  photons     : 364658
  Scint photons generated: 2457500
  Total photons detected : 651789
  Detection efficiency   : 26.5224 %
  ROOT output           : photon_hits_run000.root
==============================

G4WT10 > 
=== EJ Scintillator Bar Run Summary ===
  Run ID                : 0
  Events run            : 132
  Events with ≥1 hit    : 132
  End-left  photons     : 272180
  End-right photons     : 3890
  Top SiPM  photons     : 352866
  Scint photons generated: 2364381
  Total photons detected : 628936
  Detection efficiency   : 26.6005 %
  ROOT output           : photon_hits_run000.root
==============================

G4WT7 > 
=== EJ Scintillator Bar Run Summary ===
  Run ID                : 0
  Events run            : 108
  Events with ≥1 hit    : 108
  End-left  photons     : 233313
  End-right photons     : 3296
  Top SiPM  photons     : 301049
  Scint photons generated: 2027406
  Total photons detected : 537658
  Detection efficiency   : 26.5195 %
  ROOT output           : photon_hits_run000.root
==============================

G4WT8 > 
=== EJ Scintillator Bar Run Summary ===
  Run ID                : 0
  Events run            : 132
  Events with ≥1 hit    : 132
  End-left  photons     : 277991
  End-right photons     : 3904
  Top SiPM  photons     : 358644
  Scint photons generated: 2413720
  Total photons detected : 640539
  Detection efficiency   : 26.5374 %
  ROOT output           : photon_hits_run000.root
==============================

G4WT12 > 
=== EJ Scintillator Bar Run Summary ===
  Run ID                : 0
  Events run            : 132
  Events with ≥1 hit    : 132
  End-left  photons     : 283700
  End-right photons     : 3891
  Top SiPM  photons     : 366423
  Scint photons generated: 2461874
  Total photons detected : 654014
  Detection efficiency   : 26.5657 %
  ROOT output           : photon_hits_run000.root
==============================

G4WT15 > 
=== EJ Scintillator Bar Run Summary ===
  Run ID                : 0
  Events run            : 132
  Events with ≥1 hit    : 132
  End-left  photons     : 277202
  End-right photons     : 3886
  Top SiPM  photons     : 357755
  Scint photons generated: 2405501
  Total photons detected : 638843
  Detection efficiency   : 26.5576 %
  ROOT output           : photon_hits_run000.root
==============================

G4WT3 > 
=== EJ Scintillator Bar Run Summary ===
  Run ID                : 0
  Events run            : 132
  Events with ≥1 hit    : 132
  End-left  photons     : 284883
  End-right photons     : 4042
  Top SiPM  photons     : 367820
  Scint photons generated: 2471609
  Total photons detected : 656745
  Detection efficiency   : 26.5716 %
  ROOT output           : photon_hits_run000.root
==============================

G4WT2 > 
=== EJ Scintillator Bar Run Summary ===
  Run ID                : 0
  Events run            : 132
  Events with ≥1 hit    : 132
  End-left  photons     : 276665
  End-right photons     : 3850
  Top SiPM  photons     : 356385
  Scint photons generated: 2399251
  Total photons detected : 636900
  Detection efficiency   : 26.5458 %
  ROOT output           : photon_hits_run000.root
==============================

G4WT9 > 
=== EJ Scintillator Bar Run Summary ===
  Run ID                : 0
  Events run            : 132
  Events with ≥1 hit    : 132
  End-left  photons     : 286695
  End-right photons     : 4047
  Top SiPM  photons     : 371345
  Scint photons generated: 2491329
  Total photons detected : 662087
  Detection efficiency   : 26.5757 %
  ROOT output           : photon_hits_run000.root
==============================


=== EJ Scintillator Bar Run Summary ===
  Run ID                : 0
  Events run            : 2000
  Events with ≥1 hit    : 2000
  End-left  photons     : 4269754
  End-right photons     : 59801
  Top SiPM  photons     : 5513126
  Scint photons generated: 37066262
  Total photons detected : 9842681
  Detection efficiency   : 26.5543 %
  ROOT output           : photon_hits_run000.root
==============================


=== Boundary Census (diagnostic) ===
  Bar -> reflector panel   : 454426089
  Bar -> World (escaped)   : 5429810
  Bar -> Bar (TIR/refl)    : 0
  Bar -> SiPM (entering)   : 16005157
  Killed in WorldLV        : 5525833
====================================

