
**************************************************************
 Geant4 version Name: geant4-11-04 [MT]   (5-December-2025)
  << in Multi-threaded mode >> 
                       Copyright : Geant4 Collaboration
                      References : NIM A 506 (2003), 250-303
                                 : IEEE-TNS 53 (2006), 270-278
                                 : NIM A 835 (2016), 186-225
                             WWW : http://geant4.org/
**************************************************************

Accumulable registered as "NEndLeft"
Accumulable registered as "NEndRight"
Accumulable registered as "NTop"
Accumulable registered as "NEventsWithHits"
Accumulable registered as "NScintPhotons"

-------- WWWW ------- G4Exception-START -------- WWWW -------
*** G4Exception : mat031
      issued by : G4Material::FillVectors()
For material opsc-106 sum of fractional masses 0.998616 is not 1 - results may be wrong

*** This is just a warning message. ***
-------- WWWW -------- G4Exception-END --------- WWWW -------

Checking overlaps for volume BarPV:0 (G4Box) ... OK! 
Checking overlaps for volume ReflectorYMinusPV:0 (G4Box) ... OK! 
Checking overlaps for volume ReflectorZMinusPV:3 (G4Box) ... OK! 
Checking overlaps for volume ReflectorZPlusPV:4 (G4Box) ... OK! 
Checking overlaps for volume ReflectorYPlusPV:5 (G4SubtractionSolid) ... OK! 
Checking overlaps for volume EndSiPMLeft_PV:0 (G4Box) ... OK! 
Checking overlaps for volume EndSiPMRight_PV:8 (G4Box) ... OK! 
Checking overlaps for volume EndSiPMLeft_PV:1 (G4Box) ... OK! 
Checking overlaps for volume EndSiPMRight_PV:9 (G4Box) ... OK! 
Checking overlaps for volume EndSiPMLeft_PV:2 (G4Box) ... OK! 
Checking overlaps for volume EndSiPMRight_PV:10 (G4Box) ... OK! 
Checking overlaps for volume EndSiPMLeft_PV:3 (G4Box) ... OK! 
Checking overlaps for volume EndSiPMRight_PV:11 (G4Box) ... OK! 
Checking overlaps for volume EndSiPMLeft_PV:4 (G4Box) ... OK! 
Checking overlaps for volume EndSiPMRight_PV:12 (G4Box) ... OK! 
Checking overlaps for volume EndSiPMLeft_PV:5 (G4Box) ... OK! 
Checking overlaps for volume EndSiPMRight_PV:13 (G4Box) ... OK! 
Checking overlaps for volume EndSiPMLeft_PV:6 (G4Box) ... OK! 
Checking overlaps for volume EndSiPMRight_PV:14 (G4Box) ... OK! 
Checking overlaps for volume EndSiPMLeft_PV:7 (G4Box) ... OK! 
Checking overlaps for volume EndSiPMRight_PV:15 (G4Box) ... OK! 
Checking overlaps for volume TopSiPMPV:16 (G4Box) ... OK! 
Checking overlaps for volume TopSiPMPV:17 (G4Box) ... OK! 
Checking overlaps for volume TopSiPMPV:18 (G4Box) ... OK! 
Checking overlaps for volume TopSiPMPV:19 (G4Box) ... OK! 
Checking overlaps for volume TopSiPMPV:20 (G4Box) ... OK! 
Checking overlaps for volume TopSiPMPV:21 (G4Box) ... OK! 
Checking overlaps for volume TopSiPMPV:22 (G4Box) ... OK! 
Checking overlaps for volume TopSiPMPV:23 (G4Box) ... OK! 
Checking overlaps for volume TopSiPMPV:24 (G4Box) ... OK! 
Checking overlaps for volume TopSiPMPV:25 (G4Box) ... OK! 
Checking overlaps for volume TopSiPMPV:26 (G4Box) ... OK! 
Checking overlaps for volume TopSiPMPV:27 (G4Box) ... OK! 
Checking overlaps for volume TopSiPMPV:28 (G4Box) ... OK! 
Checking overlaps for volume TopSiPMPV:29 (G4Box) ... OK! 
Checking overlaps for volume TopSiPMPV:30 (G4Box) ... OK! 
Checking overlaps for volume TopSiPMPV:31 (G4Box) ... OK! 
Checking overlaps for volume TopSiPMPV:32 (G4Box) ... OK! 
Checking overlaps for volume TopSiPMPV:33 (G4Box) ... OK! 
Checking overlaps for volume TopSiPMPV:34 (G4Box) ... OK! 
Checking overlaps for volume TopSiPMPV:35 (G4Box) ... OK! 
Checking overlaps for volume TopSiPMPV:36 (G4Box) ... OK! 
Checking overlaps for volume TopSiPMPV:37 (G4Box) ... OK! 
Checking overlaps for volume TopSiPMPV:38 (G4Box) ... OK! 
Checking overlaps for volume TopSiPMPV:39 (G4Box) ... OK! 
Checking overlaps for volume TopSiPMPV:40 (G4Box) ... OK! 
Checking overlaps for volume TopSiPMPV:41 (G4Box) ... OK! 
Checking overlaps for volume TopSiPMPV:42 (G4Box) ... OK! 
Checking overlaps for volume TopSiPMPV:43 (G4Box) ... OK! 
Checking overlaps for volume TopSiPMPV:44 (G4Box) ... OK! 
Checking overlaps for volume TopSiPMPV:45 (G4Box) ... OK! 
Checking overlaps for volume TopSiPMPV:46 (G4Box) ... OK! 
Checking overlaps for volume TopSiPMPV:47 (G4Box) ... OK! 
Checking overlaps for volume TopSiPMPV:48 (G4Box) ... OK! 
Checking overlaps for volume TopSiPMPV:49 (G4Box) ... OK! 
Checking overlaps for volume TopSiPMPV:50 (G4Box) ... OK! 
Checking overlaps for volume TopSiPMPV:51 (G4Box) ... OK! 
Checking overlaps for volume TopSiPMPV:52 (G4Box) ... OK! 
Checking overlaps for volume TopSiPMPV:53 (G4Box) ... OK! 
Checking overlaps for volume TopSiPMPV:54 (G4Box) ... OK! 
Checking overlaps for volume TopSiPMPV:55 (G4Box) ... OK! 
Checking overlaps for volume TopSiPMPV:56 (G4Box) ... OK! 
Checking overlaps for volume TopSiPMPV:57 (G4Box) ... OK! 
Checking overlaps for volume TopSiPMPV:58 (G4Box) ... OK! 
Checking overlaps for volume TopSiPMPV:59 (G4Box) ... OK! 
Checking overlaps for volume TopSiPMPV:60 (G4Box) ... OK! 
Checking overlaps for volume TopSiPMPV:61 (G4Box) ... OK! 
Checking overlaps for volume TopSiPMPV:62 (G4Box) ... OK! 
Checking overlaps for volume TopSiPMPV:63 (G4Box) ... OK! 
Checking overlaps for volume TopSiPMPV:64 (G4Box) ... OK! 
Checking overlaps for volume TopSiPMPV:65 (G4Box) ... OK! 
Checking overlaps for volume TopSiPMPV:66 (G4Box) ... OK! 
Checking overlaps for volume TopSiPMPV:67 (G4Box) ... OK! 
Checking overlaps for volume TopSiPMPV:68 (G4Box) ... OK! 
Checking overlaps for volume TopSiPMPV:69 (G4Box) ... OK! 
Checking overlaps for volume TopSiPMPV:70 (G4Box) ... OK! 
Checking overlaps for volume TopSiPMPV:71 (G4Box) ... OK! 
Checking overlaps for volume TopSiPMPV:72 (G4Box) ... OK! 
Checking overlaps for volume TopSiPMPV:73 (G4Box) ... OK! 
Checking overlaps for volume TopSiPMPV:74 (G4Box) ... OK! 
Checking overlaps for volume TopSiPMPV:75 (G4Box) ... OK! 
Checking overlaps for volume TopSiPMPV:76 (G4Box) ... OK! 
Checking overlaps for volume TopSiPMPV:77 (G4Box) ... OK! 
Checking overlaps for volume TopSiPMPV:78 (G4Box) ... OK! 
Checking overlaps for volume TopSiPMPV:79 (G4Box) ... OK! 
Checking overlaps for volume TopSiPMPV:80 (G4Box) ... OK! 
Checking overlaps for volume TopSiPMPV:81 (G4Box) ... OK! 
Checking overlaps for volume TopSiPMPV:82 (G4Box) ... OK! 
Checking overlaps for volume TopSiPMPV:83 (G4Box) ... OK! 
Checking overlaps for volume TopSiPMPV:84 (G4Box) ... OK! 
Checking overlaps for volume TopSiPMPV:85 (G4Box) ... OK! 
### Birks coefficients used in run time
G4WT9 > Accumulable registered as "NEndLeft"
G4WT9 > Accumulable registered as "NEndRight"
G4WT9 > Accumulable registered as "NTop"
G4WT9 > Accumulable registered as "NEventsWithHits"
G4WT9 > Accumulable registered as "NScintPhotons"
G4WT7 > Accumulable registered as "NEndLeft"
G4WT7 > Accumulable registered as "NEndRight"
G4WT7 > Accumulable registered as "NTop"
G4WT5 > Accumulable registered as "NEndLeft"
G4WT5 > Accumulable registered as "NEndRight"
G4WT5 > Accumulable registered as "NTop"
G4WT7 > Accumulable registered as "NEventsWithHits"
G4WT7 > Accumulable registered as "NScintPhotons"
G4WT5 > Accumulable registered as "NEventsWithHits"
G4WT5 > Accumulable registered as "NScintPhotons"
G4WT6 > Accumulable registered as "NEndLeft"
G4WT6 > Accumulable registered as "NEndRight"
G4WT6 > Accumulable registered as "NTop"
G4WT6 > Accumulable registered as "NEventsWithHits"
G4WT6 > Accumulable registered as "NScintPhotons"
G4WT0 > Accumulable registered as "NEndLeft"
G4WT0 > Accumulable registered as "NEndRight"
G4WT0 > Accumulable registered as "NTop"
G4WT0 > Accumulable registered as "NEventsWithHits"
G4WT0 > Accumulable registered as "NScintPhotons"
G4WT15 > Accumulable registered as "NEndLeft"
G4WT15 > Accumulable registered as "NEndRight"
G4WT15 > Accumulable registered as "NTop"
G4WT15 > Accumulable registered as "NEventsWithHits"
G4WT15 > Accumulable registered as "NScintPhotons"
G4WT2 > Accumulable registered as "NEndLeft"
G4WT2 > Accumulable registered as "NEndRight"
G4WT2 > Accumulable registered as "NTop"
G4WT2 > Accumulable registered as "NEventsWithHits"
G4WT2 > Accumulable registered as "NScintPhotons"
G4WT11 > Accumulable registered as "NEndLeft"
G4WT11 > Accumulable registered as "NEndRight"
G4WT11 > Accumulable registered as "NTop"
G4WT13 > Accumulable registered as "NEndLeft"
G4WT13 > Accumulable registered as "NEndRight"
G4WT13 > Accumulable registered as "NTop"
G4WT11 > Accumulable registered as "NEventsWithHits"
G4WT11 > Accumulable registered as "NScintPhotons"
G4WT13 > Accumulable registered as "NEventsWithHits"
G4WT13 > Accumulable registered as "NScintPhotons"
G4WT10 > Accumulable registered as "NEndLeft"
G4WT10 > Accumulable registered as "NEndRight"
G4WT10 > Accumulable registered as "NTop"
G4WT10 > Accumulable registered as "NEventsWithHits"
G4WT10 > Accumulable registered as "NScintPhotons"
G4WT12 > Accumulable registered as "NEndLeft"
G4WT12 > Accumulable registered as "NEndRight"
G4WT12 > Accumulable registered as "NTop"
G4WT12 > Accumulable registered as "NEventsWithHits"
G4WT12 > Accumulable registered as "NScintPhotons"
G4WT4 > Accumulable registered as "NEndLeft"
G4WT4 > Accumulable registered as "NEndRight"
G4WT4 > Accumulable registered as "NTop"
G4WT4 > Accumulable registered as "NEventsWithHits"
G4WT4 > Accumulable registered as "NScintPhotons"
G4WT1 > Accumulable registered as "NEndLeft"
G4WT1 > Accumulable registered as "NEndRight"
G4WT1 > Accumulable registered as "NTop"
G4WT1 > Accumulable registered as "NEventsWithHits"
G4WT1 > Accumulable registered as "NScintPhotons"
G4WT8 > Accumulable registered as "NEndLeft"
G4WT8 > Accumulable registered as "NEndRight"
G4WT8 > Accumulable registered as "NTop"
G4WT8 > Accumulable registered as "NEventsWithHits"
G4WT8 > Accumulable registered as "NScintPhotons"
G4WT3 > Accumulable registered as "NEndLeft"
G4WT3 > Accumulable registered as "NEndRight"
G4WT3 > Accumulable registered as "NTop"
G4WT3 > Accumulable registered as "NEventsWithHits"
G4WT3 > Accumulable registered as "NScintPhotons"
G4WT14 > Accumulable registered as "NEndLeft"
G4WT14 > Accumulable registered as "NEndRight"
G4WT14 > Accumulable registered as "NTop"
G4WT14 > Accumulable registered as "NEventsWithHits"
G4WT14 > Accumulable registered as "NScintPhotons"

=== Active Scintillator Baseline ===
  SSLG4 code            : OPSC-106
  Yield                 : 9700 ph/MeV
  Rise time tau_r       : 0.5 ns
  Decay time tau_d      : 1.5 ns
  Attenuation length    : 120 cm
  Emission peak lambda  : 390.526 nm
  Finite rise time      : enabled
=====================================

=== Active Readout / Wrapping Configuration ===
  Readout configuration : EndTop
  SiPM model            : AFBR-S4N66P024M
  SiPM PDE file         : /home/reriosto/SHiP/ej230/data/sipm/AFBR-S4N66P024M_pde.txt
  -X face               : instrumented
  +X face               : instrumented
  -Y face               : wrapped
  +Y face               : instrumented
  -Z face               : wrapped
  +Z face               : wrapped
  Reflector R           : 0.98
  Active End SiPMs      : 16 (L=8, R=8)
  Active Top SiPMs      : 70
==============================================
G4WT11 > 
=== EJ Scintillator Bar Run Summary ===
  Run ID                : 0
  Events run            : 132
  Events with ≥1 hit    : 132
  End-left  photons     : 271317
  End-right photons     : 3979
  Top SiPM  photons     : 368405
  Scint photons generated: 2443087
  Total photons detected : 643701
  Detection efficiency   : 26.3479 %
  ROOT output           : photon_hits_run000.root
==============================

G4WT4 > 
=== EJ Scintillator Bar Run Summary ===
  Run ID                : 0
  Events run            : 132
  Events with ≥1 hit    : 132
  End-left  photons     : 267720
  End-right photons     : 3873
  Top SiPM  photons     : 363256
  Scint photons generated: 2413775
  Total photons detected : 634849
  Detection efficiency   : 26.3011 %
  ROOT output           : photon_hits_run000.root
==============================

G4WT10 > 
=== EJ Scintillator Bar Run Summary ===
  Run ID                : 0
  Events run            : 108
  Events with ≥1 hit    : 108
  End-left  photons     : 226004
  End-right photons     : 3239
  Top SiPM  photons     : 305444
  Scint photons generated: 2029880
  Total photons detected : 534687
  Detection efficiency   : 26.3408 %
  ROOT output           : photon_hits_run000.root
==============================

G4WT7 > 
=== EJ Scintillator Bar Run Summary ===
  Run ID                : 0
  Events run            : 132
  Events with ≥1 hit    : 132
  End-left  photons     : 270647
  End-right photons     : 3937
  Top SiPM  photons     : 367871
  Scint photons generated: 2438329
  Total photons detected : 642455
  Detection efficiency   : 26.3482 %
  ROOT output           : photon_hits_run000.root
==============================

G4WT0 > 
=== EJ Scintillator Bar Run Summary ===
  Run ID                : 0
  Events run            : 132
  Events with ≥1 hit    : 132
  End-left  photons     : 275854
  End-right photons     : 3983
  Top SiPM  photons     : 373667
  Scint photons generated: 2482625
  Total photons detected : 653504
  Detection efficiency   : 26.3231 %
  ROOT output           : photon_hits_run000.root
==============================

G4WT2 > 
=== EJ Scintillator Bar Run Summary ===
  Run ID                : 0
  Events run            : 88
  Events with ≥1 hit    : 88
  End-left  photons     : 188601
  End-right photons     : 2775
  Top SiPM  photons     : 254865
  Scint photons generated: 1694763
  Total photons detected : 446241
  Detection efficiency   : 26.3306 %
  ROOT output           : photon_hits_run000.root
==============================

G4WT5 > 
=== EJ Scintillator Bar Run Summary ===
  Run ID                : 0
  Events run            : 132
  Events with ≥1 hit    : 132
  End-left  photons     : 277464
  End-right photons     : 4123
  Top SiPM  photons     : 377427
  Scint photons generated: 2498215
  Total photons detected : 659014
  Detection efficiency   : 26.3794 %
  ROOT output           : photon_hits_run000.root
==============================

G4WT1 > 
=== EJ Scintillator Bar Run Summary ===
  Run ID                : 0
  Events run            : 132
  Events with ≥1 hit    : 132
  End-left  photons     : 267776
  End-right photons     : 3885
  Top SiPM  photons     : 361662
  Scint photons generated: 2403400
  Total photons detected : 633323
  Detection efficiency   : 26.3511 %
  ROOT output           : photon_hits_run000.root
==============================

G4WT14 > 
=== EJ Scintillator Bar Run Summary ===
  Run ID                : 0
  Events run            : 132
  Events with ≥1 hit    : 132
  End-left  photons     : 268662
  End-right photons     : 3848
  Top SiPM  photons     : 362068
  Scint photons generated: 2407911
  Total photons detected : 634578
  Detection efficiency   : 26.3539 %
  ROOT output           : photon_hits_run000.root
==============================

G4WT6 > 
=== EJ Scintillator Bar Run Summary ===
  Run ID                : 0
  Events run            : 132
  Events with ≥1 hit    : 132
  End-left  photons     : 269083
  End-right photons     : 4006
  Top SiPM  photons     : 365298
  Scint photons generated: 2425316
  Total photons detected : 638387
  Detection efficiency   : 26.3218 %
  ROOT output           : photon_hits_run000.root
==============================

G4WT13 > 
=== EJ Scintillator Bar Run Summary ===
  Run ID                : 0
  Events run            : 88
  Events with ≥1 hit    : 88
  End-left  photons     : 179874
  End-right photons     : 2484
  Top SiPM  photons     : 243575
  Scint photons generated: 1616545
  Total photons detected : 425933
  Detection efficiency   : 26.3484 %
  ROOT output           : photon_hits_run000.root
==============================

G4WT8 > 
=== EJ Scintillator Bar Run Summary ===
  Run ID                : 0
  Events run            : 132
  Events with ≥1 hit    : 132
  End-left  photons     : 274294
  End-right photons     : 4062
  Top SiPM  photons     : 371053
  Scint photons generated: 2467095
  Total photons detected : 649409
  Detection efficiency   : 26.3228 %
  ROOT output           : photon_hits_run000.root
==============================

G4WT9 > 
=== EJ Scintillator Bar Run Summary ===
  Run ID                : 0
  Events run            : 132
  Events with ≥1 hit    : 132
  End-left  photons     : 281596
  End-right photons     : 4078
  Top SiPM  photons     : 380418
  Scint photons generated: 2531434
  Total photons detected : 666092
  Detection efficiency   : 26.3128 %
  ROOT output           : photon_hits_run000.root
==============================

G4WT12 > 
=== EJ Scintillator Bar Run Summary ===
  Run ID                : 0
  Events run            : 132
  Events with ≥1 hit    : 132
  End-left  photons     : 280044
  End-right photons     : 4012
  Top SiPM  photons     : 378489
  Scint photons generated: 2515159
  Total photons detected : 662545
  Detection efficiency   : 26.3421 %
  ROOT output           : photon_hits_run000.root
==============================

G4WT15 > 
=== EJ Scintillator Bar Run Summary ===
  Run ID                : 0
  Events run            : 132
  Events with ≥1 hit    : 132
  End-left  photons     : 268026
  End-right photons     : 3852
  Top SiPM  photons     : 362934
  Scint photons generated: 2407254
  Total photons detected : 634812
  Detection efficiency   : 26.3708 %
  ROOT output           : photon_hits_run000.root
==============================

G4WT3 > 
=== EJ Scintillator Bar Run Summary ===
  Run ID                : 0
  Events run            : 132
  Events with ≥1 hit    : 132
  End-left  photons     : 273847
  End-right photons     : 3965
  Top SiPM  photons     : 371271
  Scint photons generated: 2455948
  Total photons detected : 649083
  Detection efficiency   : 26.4290 %
  ROOT output           : photon_hits_run000.root
==============================


=== EJ Scintillator Bar Run Summary ===
  Run ID                : 0
  Events run            : 2000
  Events with ≥1 hit    : 2000
  End-left  photons     : 4140809
  End-right photons     : 60101
  Top SiPM  photons     : 5607703
  Scint photons generated: 37230736
  Total photons detected : 9808613
  Detection efficiency   : 26.3455 %
  ROOT output           : photon_hits_run000.root
==============================


=== Boundary Census (diagnostic) ===
  Bar -> reflector panel   : 463705272
  Bar -> World (escaped)   : 5314405
  Bar -> Bar (TIR/refl)    : 0
  Bar -> SiPM (entering)   : 15924605
  Killed in WorldLV        : 5409981
====================================

