
**************************************************************
 Geant4 version Name: geant4-11-04 [MT]   (5-December-2025)
  << in Multi-threaded mode >> 
                       Copyright : Geant4 Collaboration
                      References : NIM A 506 (2003), 250-303
                                 : IEEE-TNS 53 (2006), 270-278
                                 : NIM A 835 (2016), 186-225
                             WWW : http://geant4.org/
**************************************************************

Accumulable registered as "NEndLeft"
Accumulable registered as "NEndRight"
Accumulable registered as "NTop"
Accumulable registered as "NEventsWithHits"
Accumulable registered as "NScintPhotons"

-------- WWWW ------- G4Exception-START -------- WWWW -------
*** G4Exception : mat031
      issued by : G4Material::FillVectors()
For material opsc-106 sum of fractional masses 0.998616 is not 1 - results may be wrong

*** This is just a warning message. ***
-------- WWWW -------- G4Exception-END --------- WWWW -------

Checking overlaps for volume BarPV:0 (G4Box) ... OK! 
Checking overlaps for volume ReflectorYMinusPV:0 (G4Box) ... OK! 
Checking overlaps for volume ReflectorZMinusPV:3 (G4Box) ... OK! 
Checking overlaps for volume ReflectorZPlusPV:4 (G4Box) ... OK! 
Checking overlaps for volume ReflectorYPlusPV:5 (G4SubtractionSolid) ... OK! 
Checking overlaps for volume EndSiPMLeft_PV:0 (G4Box) ... OK! 
Checking overlaps for volume EndSiPMRight_PV:8 (G4Box) ... OK! 
Checking overlaps for volume EndSiPMLeft_PV:1 (G4Box) ... OK! 
Checking overlaps for volume EndSiPMRight_PV:9 (G4Box) ... OK! 
Checking overlaps for volume EndSiPMLeft_PV:2 (G4Box) ... OK! 
Checking overlaps for volume EndSiPMRight_PV:10 (G4Box) ... OK! 
Checking overlaps for volume EndSiPMLeft_PV:3 (G4Box) ... OK! 
Checking overlaps for volume EndSiPMRight_PV:11 (G4Box) ... OK! 
Checking overlaps for volume EndSiPMLeft_PV:4 (G4Box) ... OK! 
Checking overlaps for volume EndSiPMRight_PV:12 (G4Box) ... OK! 
Checking overlaps for volume EndSiPMLeft_PV:5 (G4Box) ... OK! 
Checking overlaps for volume EndSiPMRight_PV:13 (G4Box) ... OK! 
Checking overlaps for volume EndSiPMLeft_PV:6 (G4Box) ... OK! 
Checking overlaps for volume EndSiPMRight_PV:14 (G4Box) ... OK! 
Checking overlaps for volume EndSiPMLeft_PV:7 (G4Box) ... OK! 
Checking overlaps for volume EndSiPMRight_PV:15 (G4Box) ... OK! 
Checking overlaps for volume TopSiPMPV:16 (G4Box) ... OK! 
Checking overlaps for volume TopSiPMPV:17 (G4Box) ... OK! 
Checking overlaps for volume TopSiPMPV:18 (G4Box) ... OK! 
Checking overlaps for volume TopSiPMPV:19 (G4Box) ... OK! 
Checking overlaps for volume TopSiPMPV:20 (G4Box) ... OK! 
Checking overlaps for volume TopSiPMPV:21 (G4Box) ... OK! 
Checking overlaps for volume TopSiPMPV:22 (G4Box) ... OK! 
Checking overlaps for volume TopSiPMPV:23 (G4Box) ... OK! 
Checking overlaps for volume TopSiPMPV:24 (G4Box) ... OK! 
Checking overlaps for volume TopSiPMPV:25 (G4Box) ... OK! 
Checking overlaps for volume TopSiPMPV:26 (G4Box) ... OK! 
Checking overlaps for volume TopSiPMPV:27 (G4Box) ... OK! 
Checking overlaps for volume TopSiPMPV:28 (G4Box) ... OK! 
Checking overlaps for volume TopSiPMPV:29 (G4Box) ... OK! 
Checking overlaps for volume TopSiPMPV:30 (G4Box) ... OK! 
Checking overlaps for volume TopSiPMPV:31 (G4Box) ... OK! 
Checking overlaps for volume TopSiPMPV:32 (G4Box) ... OK! 
Checking overlaps for volume TopSiPMPV:33 (G4Box) ... OK! 
Checking overlaps for volume TopSiPMPV:34 (G4Box) ... OK! 
Checking overlaps for volume TopSiPMPV:35 (G4Box) ... OK! 
Checking overlaps for volume TopSiPMPV:36 (G4Box) ... OK! 
Checking overlaps for volume TopSiPMPV:37 (G4Box) ... OK! 
Checking overlaps for volume TopSiPMPV:38 (G4Box) ... OK! 
Checking overlaps for volume TopSiPMPV:39 (G4Box) ... OK! 
Checking overlaps for volume TopSiPMPV:40 (G4Box) ... OK! 
Checking overlaps for volume TopSiPMPV:41 (G4Box) ... OK! 
Checking overlaps for volume TopSiPMPV:42 (G4Box) ... OK! 
Checking overlaps for volume TopSiPMPV:43 (G4Box) ... OK! 
Checking overlaps for volume TopSiPMPV:44 (G4Box) ... OK! 
Checking overlaps for volume TopSiPMPV:45 (G4Box) ... OK! 
Checking overlaps for volume TopSiPMPV:46 (G4Box) ... OK! 
Checking overlaps for volume TopSiPMPV:47 (G4Box) ... OK! 
Checking overlaps for volume TopSiPMPV:48 (G4Box) ... OK! 
Checking overlaps for volume TopSiPMPV:49 (G4Box) ... OK! 
Checking overlaps for volume TopSiPMPV:50 (G4Box) ... OK! 
Checking overlaps for volume TopSiPMPV:51 (G4Box) ... OK! 
Checking overlaps for volume TopSiPMPV:52 (G4Box) ... OK! 
Checking overlaps for volume TopSiPMPV:53 (G4Box) ... OK! 
Checking overlaps for volume TopSiPMPV:54 (G4Box) ... OK! 
Checking overlaps for volume TopSiPMPV:55 (G4Box) ... OK! 
Checking overlaps for volume TopSiPMPV:56 (G4Box) ... OK! 
Checking overlaps for volume TopSiPMPV:57 (G4Box) ... OK! 
Checking overlaps for volume TopSiPMPV:58 (G4Box) ... OK! 
Checking overlaps for volume TopSiPMPV:59 (G4Box) ... OK! 
Checking overlaps for volume TopSiPMPV:60 (G4Box) ... OK! 
Checking overlaps for volume TopSiPMPV:61 (G4Box) ... OK! 
Checking overlaps for volume TopSiPMPV:62 (G4Box) ... OK! 
Checking overlaps for volume TopSiPMPV:63 (G4Box) ... OK! 
Checking overlaps for volume TopSiPMPV:64 (G4Box) ... OK! 
Checking overlaps for volume TopSiPMPV:65 (G4Box) ... OK! 
Checking overlaps for volume TopSiPMPV:66 (G4Box) ... OK! 
Checking overlaps for volume TopSiPMPV:67 (G4Box) ... OK! 
Checking overlaps for volume TopSiPMPV:68 (G4Box) ... OK! 
Checking overlaps for volume TopSiPMPV:69 (G4Box) ... OK! 
Checking overlaps for volume TopSiPMPV:70 (G4Box) ... OK! 
Checking overlaps for volume TopSiPMPV:71 (G4Box) ... OK! 
Checking overlaps for volume TopSiPMPV:72 (G4Box) ... OK! 
Checking overlaps for volume TopSiPMPV:73 (G4Box) ... OK! 
Checking overlaps for volume TopSiPMPV:74 (G4Box) ... OK! 
Checking overlaps for volume TopSiPMPV:75 (G4Box) ... OK! 
Checking overlaps for volume TopSiPMPV:76 (G4Box) ... OK! 
Checking overlaps for volume TopSiPMPV:77 (G4Box) ... OK! 
Checking overlaps for volume TopSiPMPV:78 (G4Box) ... OK! 
Checking overlaps for volume TopSiPMPV:79 (G4Box) ... OK! 
Checking overlaps for volume TopSiPMPV:80 (G4Box) ... OK! 
Checking overlaps for volume TopSiPMPV:81 (G4Box) ... OK! 
Checking overlaps for volume TopSiPMPV:82 (G4Box) ... OK! 
Checking overlaps for volume TopSiPMPV:83 (G4Box) ... OK! 
Checking overlaps for volume TopSiPMPV:84 (G4Box) ... OK! 
Checking overlaps for volume TopSiPMPV:85 (G4Box) ... OK! 
### Birks coefficients used in run time
G4WT5 > Accumulable registered as "NEndLeft"
G4WT5 > Accumulable registered as "NEndRight"
G4WT5 > Accumulable registered as "NTop"
G4WT5 > Accumulable registered as "NEventsWithHits"
G4WT5 > Accumulable registered as "NScintPhotons"
G4WT4 > Accumulable registered as "NEndLeft"
G4WT4 > Accumulable registered as "NEndRight"
G4WT4 > Accumulable registered as "NTop"
G4WT4 > Accumulable registered as "NEventsWithHits"
G4WT4 > Accumulable registered as "NScintPhotons"
G4WT1 > Accumulable registered as "NEndLeft"
G4WT1 > Accumulable registered as "NEndRight"
G4WT1 > Accumulable registered as "NTop"
G4WT1 > Accumulable registered as "NEventsWithHits"
G4WT1 > Accumulable registered as "NScintPhotons"
G4WT9 > Accumulable registered as "NEndLeft"
G4WT9 > Accumulable registered as "NEndRight"
G4WT9 > Accumulable registered as "NTop"
G4WT9 > Accumulable registered as "NEventsWithHits"
G4WT9 > Accumulable registered as "NScintPhotons"
G4WT6 > Accumulable registered as "NEndLeft"
G4WT6 > Accumulable registered as "NEndRight"
G4WT6 > Accumulable registered as "NTop"
G4WT6 > Accumulable registered as "NEventsWithHits"
G4WT6 > Accumulable registered as "NScintPhotons"
G4WT8 > Accumulable registered as "NEndLeft"
G4WT8 > Accumulable registered as "NEndRight"
G4WT8 > Accumulable registered as "NTop"
G4WT8 > Accumulable registered as "NEventsWithHits"
G4WT8 > Accumulable registered as "NScintPhotons"
G4WT7 > Accumulable registered as "NEndLeft"
G4WT7 > Accumulable registered as "NEndRight"
G4WT7 > Accumulable registered as "NTop"
G4WT7 > Accumulable registered as "NEventsWithHits"
G4WT7 > Accumulable registered as "NScintPhotons"
G4WT10 > Accumulable registered as "NEndLeft"
G4WT10 > Accumulable registered as "NEndRight"
G4WT10 > Accumulable registered as "NTop"
G4WT10 > Accumulable registered as "NEventsWithHits"
G4WT10 > Accumulable registered as "NScintPhotons"
G4WT2 > Accumulable registered as "NEndLeft"
G4WT2 > Accumulable registered as "NEndRight"
G4WT13 > Accumulable registered as "NEndLeft"
G4WT13 > Accumulable registered as "NEndRight"
G4WT13 > Accumulable registered as "NTop"
G4WT3 > Accumulable registered as "NEndLeft"
G4WT13 > Accumulable registered as "NEventsWithHits"
G4WT13 > Accumulable registered as "NScintPhotons"
G4WT3 > Accumulable registered as "NEndRight"
G4WT3 > Accumulable registered as "NTop"
G4WT3 > Accumulable registered as "NEventsWithHits"
G4WT3 > Accumulable registered as "NScintPhotons"
G4WT2 > Accumulable registered as "NTop"
G4WT2 > Accumulable registered as "NEventsWithHits"
G4WT2 > Accumulable registered as "NScintPhotons"
G4WT15 > Accumulable registered as "NEndLeft"
G4WT15 > Accumulable registered as "NEndRight"
G4WT15 > Accumulable registered as "NTop"
G4WT15 > Accumulable registered as "NEventsWithHits"
G4WT15 > Accumulable registered as "NScintPhotons"
G4WT0 > Accumulable registered as "NEndLeft"
G4WT0 > Accumulable registered as "NEndRight"
G4WT0 > Accumulable registered as "NTop"
G4WT0 > Accumulable registered as "NEventsWithHits"
G4WT0 > Accumulable registered as "NScintPhotons"
G4WT12 > Accumulable registered as "NEndLeft"
G4WT12 > Accumulable registered as "NEndRight"
G4WT12 > Accumulable registered as "NTop"
G4WT12 > Accumulable registered as "NEventsWithHits"
G4WT12 > Accumulable registered as "NScintPhotons"
G4WT14 > Accumulable registered as "NEndLeft"
G4WT14 > Accumulable registered as "NEndRight"
G4WT14 > Accumulable registered as "NTop"
G4WT14 > Accumulable registered as "NEventsWithHits"
G4WT14 > Accumulable registered as "NScintPhotons"
G4WT11 > Accumulable registered as "NEndLeft"
G4WT11 > Accumulable registered as "NEndRight"
G4WT11 > Accumulable registered as "NTop"
G4WT11 > Accumulable registered as "NEventsWithHits"
G4WT11 > Accumulable registered as "NScintPhotons"

=== Active Scintillator Baseline ===
  SSLG4 code            : OPSC-106
  Yield                 : 9700 ph/MeV
  Rise time tau_r       : 0.5 ns
  Decay time tau_d      : 1.5 ns
  Attenuation length    : 120 cm
  Emission peak lambda  : 390.526 nm
  Finite rise time      : enabled
=====================================

=== Active Readout / Wrapping Configuration ===
  Readout configuration : EndTop
  SiPM model            : AFBR-S4N66P024M
  SiPM PDE file         : /home/reriosto/SHiP/ej230/data/sipm/AFBR-S4N66P024M_pde.txt
  -X face               : instrumented
  +X face               : instrumented
  -Y face               : wrapped
  +Y face               : instrumented
  -Z face               : wrapped
  +Z face               : wrapped
  Reflector R           : 0.98
  Active End SiPMs      : 16 (L=8, R=8)
  Active Top SiPMs      : 70
==============================================
G4WT11 > 
=== EJ Scintillator Bar Run Summary ===
  Run ID                : 0
  Events run            : 132
  Events with ≥1 hit    : 132
  End-left  photons     : 283311
  End-right photons     : 3859
  Top SiPM  photons     : 355756
  Scint photons generated: 2422478
  Total photons detected : 642926
  Detection efficiency   : 26.5400 %
  ROOT output           : photon_hits_run000.root
==============================

G4WT8 > 
=== EJ Scintillator Bar Run Summary ===
  Run ID                : 0
  Events run            : 132
  Events with ≥1 hit    : 132
  End-left  photons     : 286057
  End-right photons     : 3809
  Top SiPM  photons     : 358271
  Scint photons generated: 2446040
  Total photons detected : 648137
  Detection efficiency   : 26.4974 %
  ROOT output           : photon_hits_run000.root
==============================

G4WT10 > 
=== EJ Scintillator Bar Run Summary ===
  Run ID                : 0
  Events run            : 132
  Events with ≥1 hit    : 132
  End-left  photons     : 296170
  End-right photons     : 4034
  Top SiPM  photons     : 370848
  Scint photons generated: 2529069
  Total photons detected : 671052
  Detection efficiency   : 26.5336 %
  ROOT output           : photon_hits_run000.root
==============================

G4WT12 > 
=== EJ Scintillator Bar Run Summary ===
  Run ID                : 0
  Events run            : 132
  Events with ≥1 hit    : 132
  End-left  photons     : 293401
  End-right photons     : 4033
  Top SiPM  photons     : 367106
  Scint photons generated: 2506311
  Total photons detected : 664540
  Detection efficiency   : 26.5147 %
  ROOT output           : photon_hits_run000.root
==============================

G4WT3 > 
=== EJ Scintillator Bar Run Summary ===
  Run ID                : 0
  Events run            : 132
  Events with ≥1 hit    : 132
  End-left  photons     : 288780
  End-right photons     : 4053
  Top SiPM  photons     : 363326
  Scint photons generated: 2476099
  Total photons detected : 656159
  Detection efficiency   : 26.4997 %
  ROOT output           : photon_hits_run000.root
==============================

G4WT13 > 
=== EJ Scintillator Bar Run Summary ===
  Run ID                : 0
  Events run            : 132
  Events with ≥1 hit    : 132
  End-left  photons     : 282625
  End-right photons     : 3882
  Top SiPM  photons     : 355135
  Scint photons generated: 2416559
  Total photons detected : 641642
  Detection efficiency   : 26.5519 %
  ROOT output           : photon_hits_run000.root
==============================

G4WT0 > 
=== EJ Scintillator Bar Run Summary ===
  Run ID                : 0
  Events run            : 132
  Events with ≥1 hit    : 132
  End-left  photons     : 280960
  End-right photons     : 3782
  Top SiPM  photons     : 352885
  Scint photons generated: 2402837
  Total photons detected : 637627
  Detection efficiency   : 26.5364 %
  ROOT output           : photon_hits_run000.root
==============================

G4WT6 > 
=== EJ Scintillator Bar Run Summary ===
  Run ID                : 0
  Events run            : 132
  Events with ≥1 hit    : 132
  End-left  photons     : 295365
  End-right photons     : 4140
  Top SiPM  photons     : 370515
  Scint photons generated: 2528676
  Total photons detected : 670020
  Detection efficiency   : 26.4969 %
  ROOT output           : photon_hits_run000.root
==============================

G4WT7 > 
=== EJ Scintillator Bar Run Summary ===
  Run ID                : 0
  Events run            : 108
  Events with ≥1 hit    : 108
  End-left  photons     : 236943
  End-right photons     : 3278
  Top SiPM  photons     : 298731
  Scint photons generated: 2029551
  Total photons detected : 538952
  Detection efficiency   : 26.5552 %
  ROOT output           : photon_hits_run000.root
==============================

G4WT5 > 
=== EJ Scintillator Bar Run Summary ===
  Run ID                : 0
  Events run            : 132
  Events with ≥1 hit    : 132
  End-left  photons     : 279533
  End-right photons     : 3879
  Top SiPM  photons     : 350512
  Scint photons generated: 2390604
  Total photons detected : 633924
  Detection efficiency   : 26.5173 %
  ROOT output           : photon_hits_run000.root
==============================

G4WT1 > 
=== EJ Scintillator Bar Run Summary ===
  Run ID                : 0
  Events run            : 132
  Events with ≥1 hit    : 132
  End-left  photons     : 289388
  End-right photons     : 3974
  Top SiPM  photons     : 362007
  Scint photons generated: 2467180
  Total photons detected : 655369
  Detection efficiency   : 26.5635 %
  ROOT output           : photon_hits_run000.root
==============================

G4WT9 > 
=== EJ Scintillator Bar Run Summary ===
  Run ID                : 0
  Events run            : 132
  Events with ≥1 hit    : 132
  End-left  photons     : 283948
  End-right photons     : 3953
  Top SiPM  photons     : 356581
  Scint photons generated: 2432664
  Total photons detected : 644482
  Detection efficiency   : 26.4928 %
  ROOT output           : photon_hits_run000.root
==============================

G4WT4 > 
=== EJ Scintillator Bar Run Summary ===
  Run ID                : 0
  Events run            : 132
  Events with ≥1 hit    : 132
  End-left  photons     : 282672
  End-right photons     : 3716
  Top SiPM  photons     : 354724
  Scint photons generated: 2413645
  Total photons detected : 641112
  Detection efficiency   : 26.5620 %
  ROOT output           : photon_hits_run000.root
==============================

G4WT2 > 
=== EJ Scintillator Bar Run Summary ===
  Run ID                : 0
  Events run            : 88
  Events with ≥1 hit    : 88
  End-left  photons     : 198802
  End-right photons     : 2693
  Top SiPM  photons     : 249846
  Scint photons generated: 1702343
  Total photons detected : 451341
  Detection efficiency   : 26.5129 %
  ROOT output           : photon_hits_run000.root
==============================

G4WT15 > 
=== EJ Scintillator Bar Run Summary ===
  Run ID                : 0
  Events run            : 88
  Events with ≥1 hit    : 88
  End-left  photons     : 198506
  End-right photons     : 2768
  Top SiPM  photons     : 249184
  Scint photons generated: 1695124
  Total photons detected : 450458
  Detection efficiency   : 26.5737 %
  ROOT output           : photon_hits_run000.root
==============================

G4WT14 > 
=== EJ Scintillator Bar Run Summary ===
  Run ID                : 0
  Events run            : 132
  Events with ≥1 hit    : 132
  End-left  photons     : 282598
  End-right photons     : 3800
  Top SiPM  photons     : 352027
  Scint photons generated: 2407733
  Total photons detected : 638425
  Detection efficiency   : 26.5156 %
  ROOT output           : photon_hits_run000.root
==============================


=== EJ Scintillator Bar Run Summary ===
  Run ID                : 0
  Events run            : 2000
  Events with ≥1 hit    : 2000
  End-left  photons     : 4359059
  End-right photons     : 59653
  Top SiPM  photons     : 5467454
  Scint photons generated: 37266913
  Total photons detected : 9886166
  Detection efficiency   : 26.5280 %
  ROOT output           : photon_hits_run000.root
==============================


=== Boundary Census (diagnostic) ===
  Bar -> reflector panel   : 455739533
  Bar -> World (escaped)   : 5509965
  Bar -> Bar (TIR/refl)    : 0
  Bar -> SiPM (entering)   : 16055057
  Killed in WorldLV        : 5605633
====================================

