
**************************************************************
 Geant4 version Name: geant4-11-04 [MT]   (5-December-2025)
  << in Multi-threaded mode >> 
                       Copyright : Geant4 Collaboration
                      References : NIM A 506 (2003), 250-303
                                 : IEEE-TNS 53 (2006), 270-278
                                 : NIM A 835 (2016), 186-225
                             WWW : http://geant4.org/
**************************************************************

[threads] source=cli count=16
Accumulable registered as "NEndLeft"
Accumulable registered as "NEndRight"
Accumulable registered as "NTop"
Accumulable registered as "NEventsWithHits"
Accumulable registered as "NScintPhotons"

-------- WWWW ------- G4Exception-START -------- WWWW -------
*** G4Exception : mat031
      issued by : G4Material::FillVectors()
For material opsc-101 sum of fractional masses 0.996667 is not 1 - results may be wrong

*** This is just a warning message. ***
-------- WWWW -------- G4Exception-END --------- WWWW -------

Checking overlaps for volume BarPV:0 (G4Box) ... OK! 
Checking overlaps for volume EndSiPMLeft_PV:0 (G4Box) ... OK! 
Checking overlaps for volume EndSiPMRight_PV:8 (G4Box) ... OK! 
Checking overlaps for volume EndSiPMLeft_PV:1 (G4Box) ... OK! 
Checking overlaps for volume EndSiPMRight_PV:9 (G4Box) ... OK! 
Checking overlaps for volume EndSiPMLeft_PV:2 (G4Box) ... OK! 
Checking overlaps for volume EndSiPMRight_PV:10 (G4Box) ... OK! 
Checking overlaps for volume EndSiPMLeft_PV:3 (G4Box) ... OK! 
Checking overlaps for volume EndSiPMRight_PV:11 (G4Box) ... OK! 
Checking overlaps for volume EndSiPMLeft_PV:4 (G4Box) ... OK! 
Checking overlaps for volume EndSiPMRight_PV:12 (G4Box) ... OK! 
Checking overlaps for volume EndSiPMLeft_PV:5 (G4Box) ... OK! 
Checking overlaps for volume EndSiPMRight_PV:13 (G4Box) ... OK! 
Checking overlaps for volume EndSiPMLeft_PV:6 (G4Box) ... OK! 
Checking overlaps for volume EndSiPMRight_PV:14 (G4Box) ... OK! 
Checking overlaps for volume EndSiPMLeft_PV:7 (G4Box) ... OK! 
Checking overlaps for volume EndSiPMRight_PV:15 (G4Box) ... OK! 
### Birks coefficients used in run time
G4WT6 > Accumulable registered as "NEndLeft"
G4WT6 > Accumulable registered as "NEndRight"
G4WT6 > Accumulable registered as "NTop"
G4WT15 > Accumulable registered as "NEndLeft"
G4WT15 > Accumulable registered as "NEndRight"
G4WT15 > Accumulable registered as "NTop"
G4WT15 > Accumulable registered as "NEventsWithHits"
G4WT15 > Accumulable registered as "NScintPhotons"
G4WT5 > Accumulable registered as "NEndLeft"
G4WT5 > Accumulable registered as "NEndRight"
G4WT5 > Accumulable registered as "NTop"
G4WT5 > Accumulable registered as "NEventsWithHits"
G4WT5 > Accumulable registered as "NScintPhotons"
G4WT7 > Accumulable registered as "NEndLeft"
G4WT7 > Accumulable registered as "NEndRight"
G4WT7 > Accumulable registered as "NTop"
G4WT14 > Accumulable registered as "NEndLeft"
G4WT14 > Accumulable registered as "NEndRight"
G4WT4 > Accumulable registered as "NEndLeft"
G4WT8 > Accumulable registered as "NEndLeft"
G4WT8 > Accumulable registered as "NEndRight"
G4WT2 > Accumulable registered as "NEndLeft"
G4WT2 > Accumulable registered as "NEndRight"
G4WT2 > Accumulable registered as "NTop"
G4WT6 > Accumulable registered as "NEventsWithHits"
G4WT6 > Accumulable registered as "NScintPhotons"
G4WT12 > Accumulable registered as "NEndLeft"
G4WT11 > Accumulable registered as "NEndLeft"
G4WT11 > Accumulable registered as "NEndRight"
G4WT11 > Accumulable registered as "NTop"
G4WT10 > Accumulable registered as "NEndLeft"
G4WT14 > Accumulable registered as "NTop"
G4WT4 > Accumulable registered as "NEndRight"
G4WT4 > Accumulable registered as "NTop"
G4WT8 > Accumulable registered as "NTop"
G4WT8 > Accumulable registered as "NEventsWithHits"
G4WT8 > Accumulable registered as "NScintPhotons"
G4WT2 > Accumulable registered as "NEventsWithHits"
G4WT2 > Accumulable registered as "NScintPhotons"
G4WT12 > Accumulable registered as "NEndRight"
G4WT0 > Accumulable registered as "NEndLeft"
G4WT7 > Accumulable registered as "NEventsWithHits"
G4WT7 > Accumulable registered as "NScintPhotons"
G4WT10 > Accumulable registered as "NEndRight"
G4WT14 > Accumulable registered as "NEventsWithHits"
G4WT14 > Accumulable registered as "NScintPhotons"
G4WT4 > Accumulable registered as "NEventsWithHits"
G4WT4 > Accumulable registered as "NScintPhotons"
G4WT13 > Accumulable registered as "NEndLeft"
G4WT1 > Accumulable registered as "NEndLeft"
G4WT12 > Accumulable registered as "NTop"
G4WT0 > Accumulable registered as "NEndRight"
G4WT11 > Accumulable registered as "NEventsWithHits"
G4WT10 > Accumulable registered as "NTop"
G4WT9 > Accumulable registered as "NEndLeft"
G4WT9 > Accumulable registered as "NEndRight"
G4WT9 > Accumulable registered as "NTop"
G4WT1 > Accumulable registered as "NEndRight"
G4WT12 > Accumulable registered as "NEventsWithHits"
G4WT0 > Accumulable registered as "NTop"
G4WT11 > Accumulable registered as "NScintPhotons"
G4WT10 > Accumulable registered as "NEventsWithHits"
G4WT10 > Accumulable registered as "NScintPhotons"
G4WT13 > Accumulable registered as "NEndRight"
G4WT9 > Accumulable registered as "NEventsWithHits"
G4WT1 > Accumulable registered as "NTop"
G4WT12 > Accumulable registered as "NScintPhotons"
G4WT0 > Accumulable registered as "NEventsWithHits"
G4WT0 > Accumulable registered as "NScintPhotons"
G4WT13 > Accumulable registered as "NTop"
G4WT9 > Accumulable registered as "NScintPhotons"
G4WT1 > Accumulable registered as "NEventsWithHits"
G4WT1 > Accumulable registered as "NScintPhotons"
G4WT13 > Accumulable registered as "NEventsWithHits"
G4WT13 > Accumulable registered as "NScintPhotons"
G4WT3 > Accumulable registered as "NEndLeft"
G4WT3 > Accumulable registered as "NEndRight"
G4WT3 > Accumulable registered as "NTop"
G4WT3 > Accumulable registered as "NEventsWithHits"
G4WT3 > Accumulable registered as "NScintPhotons"

=== Active Scintillator Baseline ===
  SSLG4 code            : OPSC-101
  Yield                 : 10400 ph/MeV
  Rise time tau_r       : 0.7 ns
  Decay time tau_d      : 1.8 ns
  Attenuation length    : 160 cm
  Emission peak lambda  : 408.8 nm
  Finite rise time      : enabled
=====================================

=== Active Readout / Wrapping Configuration ===
  Readout configuration : EndTop
  Top surface mode      : mylar
  SiPM model            : AFBR-S4N66P024M
  SiPM PDE file         : /mnt/d/SHiP/ej200_endonly/data/sipm/AFBR-S4N66P024M_pde.txt
  -X face               : instrumented
  +X face               : instrumented
  -Y face               : OPEN/UNDEFINED
  +Y face               : OPEN/UNDEFINED
  -Z face               : OPEN/UNDEFINED
  +Z face               : OPEN/UNDEFINED
  Reflector R           : 0
  Mylar specular lobe   : 1
  Mylar sigma alpha     : 0.1 deg
  Active End SiPMs      : 16 (L=8, R=8)
  Active Top SiPMs      : 0
==============================================
G4WT10 > 
=== EJ Scintillator Bar Run Summary ===
  Run ID                : 0
  Events run            : 22
  Events with ≥1 hit    : 19
  End-left  photons     : 3
  End-right photons     : 40
  Top SiPM  photons     : 0
  Scint photons generated: 447850
  Total photons detected : 43
  Detection efficiency   : 0.0096 %
  ROOT output           : photon_hits_run000.root
==============================

G4WT12 > 
=== EJ Scintillator Bar Run Summary ===
  Run ID                : 0
  Events run            : 22
  Events with ≥1 hit    : 15
  End-left  photons     : 4
  End-right photons     : 30
  Top SiPM  photons     : 0
  Scint photons generated: 440667
  Total photons detected : 34
  Detection efficiency   : 0.0077 %
  ROOT output           : photon_hits_run000.root
==============================

G4WT8 > 
=== EJ Scintillator Bar Run Summary ===
  Run ID                : 0
  Events run            : 22
  Events with ≥1 hit    : 17
  End-left  photons     : 4
  End-right photons     : 30
  Top SiPM  photons     : 0
  Scint photons generated: 404817
  Total photons detected : 34
  Detection efficiency   : 0.0084 %
  ROOT output           : photon_hits_run000.root
==============================

G4WT13 > 
=== EJ Scintillator Bar Run Summary ===
  Run ID                : 0
  Events run            : 22
  Events with ≥1 hit    : 15
  End-left  photons     : 3
  End-right photons     : 20
  Top SiPM  photons     : 0
  Scint photons generated: 461197
  Total photons detected : 23
  Detection efficiency   : 0.0050 %
  ROOT output           : photon_hits_run000.root
==============================

G4WT11 > 
=== EJ Scintillator Bar Run Summary ===
  Run ID                : 0
  Events run            : 22
  Events with ≥1 hit    : 15
  End-left  photons     : 6
  End-right photons     : 29
  Top SiPM  photons     : 0
  Scint photons generated: 486021
  Total photons detected : 35
  Detection efficiency   : 0.0072 %
  ROOT output           : photon_hits_run000.root
==============================

G4WT1 > 
=== EJ Scintillator Bar Run Summary ===
  Run ID                : 0
  Events run            : 44
  Events with ≥1 hit    : 35
  End-left  photons     : 6
  End-right photons     : 70
  Top SiPM  photons     : 0
  Scint photons generated: 826984
  Total photons detected : 76
  Detection efficiency   : 0.0092 %
  ROOT output           : photon_hits_run000.root
==============================

G4WT3 > 
=== EJ Scintillator Bar Run Summary ===
  Run ID                : 0
  Events run            : 38
  Events with ≥1 hit    : 32
  End-left  photons     : 8
  End-right photons     : 50
  Top SiPM  photons     : 0
  Scint photons generated: 763880
  Total photons detected : 58
  Detection efficiency   : 0.0076 %
  ROOT output           : photon_hits_run000.root
==============================

G4WT7 > 
=== EJ Scintillator Bar Run Summary ===
  Run ID                : 0
  Events run            : 44
  Events with ≥1 hit    : 32
  End-left  photons     : 11
  End-right photons     : 61
  Top SiPM  photons     : 0
  Scint photons generated: 900507
  Total photons detected : 72
  Detection efficiency   : 0.0080 %
  ROOT output           : photon_hits_run000.root
==============================

G4WT14 > 
=== EJ Scintillator Bar Run Summary ===
  Run ID                : 0
  Events run            : 44
  Events with ≥1 hit    : 37
  End-left  photons     : 8
  End-right photons     : 59
  Top SiPM  photons     : 0
  Scint photons generated: 843267
  Total photons detected : 67
  Detection efficiency   : 0.0079 %
  ROOT output           : photon_hits_run000.root
==============================

G4WT9 > 
=== EJ Scintillator Bar Run Summary ===
  Run ID                : 0
  Events run            : 22
  Events with ≥1 hit    : 21
  End-left  photons     : 5
  End-right photons     : 31
  Top SiPM  photons     : 0
  Scint photons generated: 403843
  Total photons detected : 36
  Detection efficiency   : 0.0089 %
  ROOT output           : photon_hits_run000.root
==============================

G4WT5 > 
=== EJ Scintillator Bar Run Summary ===
  Run ID                : 0
  Events run            : 22
  Events with ≥1 hit    : 17
  End-left  photons     : 2
  End-right photons     : 31
  Top SiPM  photons     : 0
  Scint photons generated: 460378
  Total photons detected : 33
  Detection efficiency   : 0.0072 %
  ROOT output           : photon_hits_run000.root
==============================

G4WT15 > 
=== EJ Scintillator Bar Run Summary ===
  Run ID                : 0
  Events run            : 44
  Events with ≥1 hit    : 36
  End-left  photons     : 7
  End-right photons     : 61
  Top SiPM  photons     : 0
  Scint photons generated: 829649
  Total photons detected : 68
  Detection efficiency   : 0.0082 %
  ROOT output           : photon_hits_run000.root
==============================

G4WT0 > 
=== EJ Scintillator Bar Run Summary ===
  Run ID                : 0
  Events run            : 22
  Events with ≥1 hit    : 13
  End-left  photons     : 2
  End-right photons     : 25
  Top SiPM  photons     : 0
  Scint photons generated: 433917
  Total photons detected : 27
  Detection efficiency   : 0.0062 %
  ROOT output           : photon_hits_run000.root
==============================

G4WT2 > 
=== EJ Scintillator Bar Run Summary ===
  Run ID                : 0
  Events run            : 44
  Events with ≥1 hit    : 33
  End-left  photons     : 6
  End-right photons     : 54
  Top SiPM  photons     : 0
  Scint photons generated: 848570
  Total photons detected : 60
  Detection efficiency   : 0.0071 %
  ROOT output           : photon_hits_run000.root
==============================

G4WT6 > 
=== EJ Scintillator Bar Run Summary ===
  Run ID                : 0
  Events run            : 22
  Events with ≥1 hit    : 16
  End-left  photons     : 4
  End-right photons     : 39
  Top SiPM  photons     : 0
  Scint photons generated: 436077
  Total photons detected : 43
  Detection efficiency   : 0.0099 %
  ROOT output           : photon_hits_run000.root
==============================

G4WT4 > 
=== EJ Scintillator Bar Run Summary ===
  Run ID                : 0
  Events run            : 44
  Events with ≥1 hit    : 37
  End-left  photons     : 10
  End-right photons     : 63
  Top SiPM  photons     : 0
  Scint photons generated: 934196
  Total photons detected : 73
  Detection efficiency   : 0.0078 %
  ROOT output           : photon_hits_run000.root
==============================


=== EJ Scintillator Bar Run Summary ===
  Run ID                : 0
  Events run            : 500
  Events with ≥1 hit    : 390
  End-left  photons     : 89
  End-right photons     : 693
  Top SiPM  photons     : 0
  Scint photons generated: 9921820
  Total photons detected : 782
  Detection efficiency   : 0.0079 %
  ROOT output           : photon_hits_run000.root
==============================


=== Boundary Census (diagnostic) ===
  Bar -> reflector panel   : 0
  Bar -> World (escaped)   : 10351305
  Bar -> Bar (TIR/refl)    : 0
  Bar -> SiPM (entering)   : 1207
  Killed in WorldLV        : 10108738
====================================

