
**************************************************************
 Geant4 version Name: geant4-11-04 [MT]   (5-December-2025)
  << in Multi-threaded mode >> 
                       Copyright : Geant4 Collaboration
                      References : NIM A 506 (2003), 250-303
                                 : IEEE-TNS 53 (2006), 270-278
                                 : NIM A 835 (2016), 186-225
                             WWW : http://geant4.org/
**************************************************************

[threads] source=cli count=16
Accumulable registered as "NEndLeft"
Accumulable registered as "NEndRight"
Accumulable registered as "NTop"
Accumulable registered as "NEventsWithHits"
Accumulable registered as "NScintPhotons"

-------- WWWW ------- G4Exception-START -------- WWWW -------
*** G4Exception : mat031
      issued by : G4Material::FillVectors()
For material opsc-101 sum of fractional masses 0.996667 is not 1 - results may be wrong

*** This is just a warning message. ***
-------- WWWW -------- G4Exception-END --------- WWWW -------

Checking overlaps for volume BarPV:0 (G4Box) ... OK! 
Checking overlaps for volume AirGapYPlusPV:0 (G4Box) ... OK! 
Checking overlaps for volume MylarYPlusPV:0 (G4Box) ... OK! 
Checking overlaps for volume AirGapYMinusPV:1 (G4Box) ... OK! 
Checking overlaps for volume MylarYMinusPV:1 (G4Box) ... OK! 
Checking overlaps for volume AirGapZPlusPV:2 (G4Box) ... OK! 
Checking overlaps for volume MylarZPlusPV:2 (G4Box) ... OK! 
Checking overlaps for volume AirGapZMinusPV:3 (G4Box) ... OK! 
Checking overlaps for volume MylarZMinusPV:3 (G4Box) ... OK! 
Checking overlaps for volume EndSiPMLeft_PV:0 (G4Box) ... OK! 
Checking overlaps for volume EndSiPMRight_PV:8 (G4Box) ... OK! 
Checking overlaps for volume EndSiPMLeft_PV:1 (G4Box) ... OK! 
Checking overlaps for volume EndSiPMRight_PV:9 (G4Box) ... OK! 
Checking overlaps for volume EndSiPMLeft_PV:2 (G4Box) ... OK! 
Checking overlaps for volume EndSiPMRight_PV:10 (G4Box) ... OK! 
Checking overlaps for volume EndSiPMLeft_PV:3 (G4Box) ... OK! 
Checking overlaps for volume EndSiPMRight_PV:11 (G4Box) ... OK! 
Checking overlaps for volume EndSiPMLeft_PV:4 (G4Box) ... OK! 
Checking overlaps for volume EndSiPMRight_PV:12 (G4Box) ... OK! 
Checking overlaps for volume EndSiPMLeft_PV:5 (G4Box) ... OK! 
Checking overlaps for volume EndSiPMRight_PV:13 (G4Box) ... OK! 
Checking overlaps for volume EndSiPMLeft_PV:6 (G4Box) ... OK! 
Checking overlaps for volume EndSiPMRight_PV:14 (G4Box) ... OK! 
Checking overlaps for volume EndSiPMLeft_PV:7 (G4Box) ... OK! 
Checking overlaps for volume EndSiPMRight_PV:15 (G4Box) ... OK! 
### Birks coefficients used in run time
G4WT10 > Accumulable registered as "NEndLeft"
G4WT10 > Accumulable registered as "NEndRight"
G4WT10 > Accumulable registered as "NTop"
G4WT10 > Accumulable registered as "NEventsWithHits"
G4WT11 > Accumulable registered as "NEndLeft"
G4WT15 > Accumulable registered as "NEndLeft"
G4WT15 > Accumulable registered as "NEndRight"
G4WT12 > Accumulable registered as "NEndLeft"
G4WT1 > Accumulable registered as "NEndLeft"
G4WT1 > Accumulable registered as "NEndRight"
G4WT1 > Accumulable registered as "NTop"
G4WT9 > Accumulable registered as "NEndLeft"
G4WT10 > Accumulable registered as "NScintPhotons"
G4WT4 > Accumulable registered as "NEndLeft"
G4WT4 > Accumulable registered as "NEndRight"
G4WT4 > Accumulable registered as "NTop"
G4WT4 > Accumulable registered as "NEventsWithHits"
G4WT4 > Accumulable registered as "NScintPhotons"
G4WT7 > Accumulable registered as "NEndLeft"
G4WT7 > Accumulable registered as "NEndRight"
G4WT7 > Accumulable registered as "NTop"
G4WT14 > Accumulable registered as "NEndLeft"
G4WT15 > Accumulable registered as "NTop"
G4WT12 > Accumulable registered as "NEndRight"
G4WT12 > Accumulable registered as "NTop"
G4WT5 > Accumulable registered as "NEndLeft"
G4WT1 > Accumulable registered as "NEventsWithHits"
G4WT9 > Accumulable registered as "NEndRight"
G4WT8 > Accumulable registered as "NEndLeft"
G4WT13 > Accumulable registered as "NEndLeft"
G4WT13 > Accumulable registered as "NEndRight"
G4WT13 > Accumulable registered as "NTop"
G4WT0 > Accumulable registered as "NEndLeft"
G4WT3 > Accumulable registered as "NEndLeft"
G4WT7 > Accumulable registered as "NEventsWithHits"
G4WT7 > Accumulable registered as "NScintPhotons"
G4WT15 > Accumulable registered as "NEventsWithHits"
G4WT15 > Accumulable registered as "NScintPhotons"
G4WT12 > Accumulable registered as "NEventsWithHits"
G4WT12 > Accumulable registered as "NScintPhotons"
G4WT1 > Accumulable registered as "NScintPhotons"
G4WT9 > Accumulable registered as "NTop"
G4WT8 > Accumulable registered as "NEndRight"
G4WT11 > Accumulable registered as "NEndRight"
G4WT2 > Accumulable registered as "NEndLeft"
G4WT13 > Accumulable registered as "NEventsWithHits"
G4WT0 > Accumulable registered as "NEndRight"
G4WT3 > Accumulable registered as "NEndRight"
G4WT3 > Accumulable registered as "NTop"
G4WT6 > Accumulable registered as "NEndLeft"
G4WT5 > Accumulable registered as "NEndRight"
G4WT9 > Accumulable registered as "NEventsWithHits"
G4WT8 > Accumulable registered as "NTop"
G4WT11 > Accumulable registered as "NTop"
G4WT2 > Accumulable registered as "NEndRight"
G4WT13 > Accumulable registered as "NScintPhotons"
G4WT0 > Accumulable registered as "NTop"
G4WT0 > Accumulable registered as "NEventsWithHits"
G4WT3 > Accumulable registered as "NEventsWithHits"
G4WT3 > Accumulable registered as "NScintPhotons"
G4WT5 > Accumulable registered as "NTop"
G4WT5 > Accumulable registered as "NEventsWithHits"
G4WT8 > Accumulable registered as "NEventsWithHits"
G4WT11 > Accumulable registered as "NEventsWithHits"
G4WT2 > Accumulable registered as "NTop"
G4WT14 > Accumulable registered as "NEndRight"
G4WT0 > Accumulable registered as "NScintPhotons"
G4WT6 > Accumulable registered as "NEndRight"
G4WT9 > Accumulable registered as "NScintPhotons"
G4WT5 > Accumulable registered as "NScintPhotons"
G4WT8 > Accumulable registered as "NScintPhotons"
G4WT11 > Accumulable registered as "NScintPhotons"
G4WT2 > Accumulable registered as "NEventsWithHits"
G4WT2 > Accumulable registered as "NScintPhotons"
G4WT6 > Accumulable registered as "NTop"
G4WT14 > Accumulable registered as "NTop"
G4WT6 > Accumulable registered as "NEventsWithHits"
G4WT14 > Accumulable registered as "NEventsWithHits"
G4WT6 > Accumulable registered as "NScintPhotons"
G4WT14 > Accumulable registered as "NScintPhotons"

=== Active Scintillator Baseline ===
  SSLG4 code            : OPSC-101
  Yield                 : 10400 ph/MeV
  Rise time tau_r       : 0.7 ns
  Decay time tau_d      : 1.8 ns
  Attenuation length    : 160 cm
  Emission peak lambda  : 408.8 nm
  Finite rise time      : enabled
=====================================

=== Active Readout / Wrapping Configuration ===
  Readout configuration : EndTop
  Top surface mode      : mylar
  SiPM model            : AFBR-S4N66P024M
  SiPM PDE file         : /mnt/d/SHiP/ej200_endonly/data/sipm/AFBR-S4N66P024M_pde.txt
  -X face               : instrumented
  +X face               : instrumented
  -Y face               : wrapped
  +Y face               : wrapped
  -Z face               : wrapped
  +Z face               : wrapped
  Reflector R           : 0.95
  SiPM efficiency mode  : nominal
  Mylar specular lobe   : 1
  Mylar sigma alpha     : 0.1 deg
  Mylar finish          : polished
  Mylar air gap         : 0.1 mm
  Active End SiPMs      : 16 (L=8, R=8)
  Active Top SiPMs      : 0
==============================================

-------- WWWW ------- G4Exception-START -------- WWWW -------
*** G4Exception : Run10035
      issued by : G4TaskRunManager::InitializeEventLoop()
Event modulo is reduced to 1 (was 3) to distribute events to all threads.
*** This is just a warning message. ***
-------- WWWW -------- G4Exception-END --------- WWWW -------


-------- WWWW ------- G4Exception-START -------- WWWW -------
*** G4Exception : Run10035
      issued by : G4TaskRunManager::InitializeEventLoop()
Event modulo is reduced to 1 (was 3) to distribute events to all threads.
*** This is just a warning message. ***
-------- WWWW -------- G4Exception-END --------- WWWW -------

G4WT9 > 
=== EJ Scintillator Bar Run Summary ===
  Run ID                : 0
  Events run            : 1
  Events with ≥1 hit    : 1
  End-left  photons     : 1381
  End-right photons     : 1293
  Top SiPM  photons     : 0
  Scint photons generated: 27625
  Total photons detected : 2674
  Detection efficiency   : 9.6796 %
  ROOT output           : photon_hits_run000.root
==============================

G4WT14 > 
=== EJ Scintillator Bar Run Summary ===
  Run ID                : 0
  Events run            : 1
  Events with ≥1 hit    : 1
  End-left  photons     : 1101
  End-right photons     : 1089
  Top SiPM  photons     : 0
  Scint photons generated: 22834
  Total photons detected : 2190
  Detection efficiency   : 9.5910 %
  ROOT output           : photon_hits_run000.root
==============================

G4WT7 > 
=== EJ Scintillator Bar Run Summary ===
  Run ID                : 0
  Events run            : 1
  Events with ≥1 hit    : 1
  End-left  photons     : 783
  End-right photons     : 731
  Top SiPM  photons     : 0
  Scint photons generated: 15419
  Total photons detected : 1514
  Detection efficiency   : 9.8191 %
  ROOT output           : photon_hits_run000.root
==============================

G4WT8 > 
=== EJ Scintillator Bar Run Summary ===
  Run ID                : 0
  Events run            : 1
  Events with ≥1 hit    : 1
  End-left  photons     : 877
  End-right photons     : 925
  Top SiPM  photons     : 0
  Scint photons generated: 17515
  Total photons detected : 1802
  Detection efficiency   : 10.2883 %
  ROOT output           : photon_hits_run000.root
==============================

G4WT10 > 
=== EJ Scintillator Bar Run Summary ===
  Run ID                : 0
  Events run            : 1
  Events with ≥1 hit    : 1
  End-left  photons     : 1024
  End-right photons     : 1007
  Top SiPM  photons     : 0
  Scint photons generated: 20971
  Total photons detected : 2031
  Detection efficiency   : 9.6848 %
  ROOT output           : photon_hits_run000.root
==============================

G4WT11 > 
=== EJ Scintillator Bar Run Summary ===
  Run ID                : 0
  Events run            : 1
  Events with ≥1 hit    : 1
  End-left  photons     : 842
  End-right photons     : 897
  Top SiPM  photons     : 0
  Scint photons generated: 17476
  Total photons detected : 1739
  Detection efficiency   : 9.9508 %
  ROOT output           : photon_hits_run000.root
==============================

G4WT13 > 
=== EJ Scintillator Bar Run Summary ===
  Run ID                : 0
  Events run            : 1
  Events with ≥1 hit    : 1
  End-left  photons     : 974
  End-right photons     : 1044
  Top SiPM  photons     : 0
  Scint photons generated: 20636
  Total photons detected : 2018
  Detection efficiency   : 9.7790 %
  ROOT output           : photon_hits_run000.root
==============================

G4WT6 > 
=== EJ Scintillator Bar Run Summary ===
  Run ID                : 0
  Events run            : 1
  Events with ≥1 hit    : 1
  End-left  photons     : 789
  End-right photons     : 883
  Top SiPM  photons     : 0
  Scint photons generated: 17562
  Total photons detected : 1672
  Detection efficiency   : 9.5206 %
  ROOT output           : photon_hits_run000.root
==============================

G4WT5 > 
=== EJ Scintillator Bar Run Summary ===
  Run ID                : 0
  Events run            : 1
  Events with ≥1 hit    : 1
  End-left  photons     : 912
  End-right photons     : 877
  Top SiPM  photons     : 0
  Scint photons generated: 18194
  Total photons detected : 1789
  Detection efficiency   : 9.8329 %
  ROOT output           : photon_hits_run000.root
==============================

G4WT1 > 
=== EJ Scintillator Bar Run Summary ===
  Run ID                : 0
  Events run            : 1
  Events with ≥1 hit    : 1
  End-left  photons     : 1010
  End-right photons     : 990
  Top SiPM  photons     : 0
  Scint photons generated: 19971
  Total photons detected : 2000
  Detection efficiency   : 10.0145 %
  ROOT output           : photon_hits_run000.root
==============================


=== EJ Scintillator Bar Run Summary ===
  Run ID                : 0
  Events run            : 10
  Events with ≥1 hit    : 10
  End-left  photons     : 9693
  End-right photons     : 9736
  Top SiPM  photons     : 0
  Scint photons generated: 198203
  Total photons detected : 19429
  Detection efficiency   : 9.8026 %
  ROOT output           : photon_hits_run000.root
==============================


=== Boundary Census (diagnostic) ===
  Bar -> reflector panel   : 7314110
  Bar -> World (escaped)   : 27124
  Bar -> Bar (TIR/refl)    : 0
  Bar -> SiPM (entering)   : 31045
  Killed in WorldLV        : 27340
====================================

