
Processing analysis/congruent_sum4_timing.C("results/scan_hi_2026-06-08","results/congruent_metric_2026-06-08",10000)...
Run 0: x=-690 mm, N_eff End/Top=1382/1475, sigma_single End/Top=802.835/740.517 ps
Run 1: x=-670 mm, N_eff End/Top=956/1115, sigma_single End/Top=662.658/849.958 ps
Run 2: x=-650 mm, N_eff End/Top=901/1141, sigma_single End/Top=819.931/770.054 ps
Run 3: x=-600 mm, N_eff End/Top=891/1697, sigma_single End/Top=720.794/768.91 ps
Run 4: x=-550 mm, N_eff End/Top=1162/2429, sigma_single End/Top=714.438/819.279 ps
Run 5: x=-500 mm, N_eff End/Top=1521/3316, sigma_single End/Top=704.634/760.566 ps
Run 6: x=-450 mm, N_eff End/Top=1974/4684, sigma_single End/Top=752.47/774.538 ps
Run 7: x=-400 mm, N_eff End/Top=2522/6346, sigma_single End/Top=721.651/748.516 ps
Run 8: x=-350 mm, N_eff End/Top=3373/7971, sigma_single End/Top=751.369/639.679 ps
Run 9: x=-300 mm, N_eff End/Top=4356/9259, sigma_single End/Top=787.606/522.916 ps
Run 10: x=-250 mm, N_eff End/Top=5468/9826, sigma_single End/Top=619.114/376.529 ps
Run 11: x=-200 mm, N_eff End/Top=6715/9989, sigma_single End/Top=614.225/290.156 ps
Run 12: x=-150 mm, N_eff End/Top=7961/10000, sigma_single End/Top=514.031/222.412 ps
Run 13: x=-100 mm, N_eff End/Top=8861/10000, sigma_single End/Top=502.48/161.89 ps
Run 14: x=-50 mm, N_eff End/Top=9558/10000, sigma_single End/Top=471.838/117.35 ps
Run 15: x=0 mm, N_eff End/Top=9732/10000, sigma_single End/Top=467.46/93.1844 ps
Run 16: x=50 mm, N_eff End/Top=9491/10000, sigma_single End/Top=470.917/115.873 ps
Run 17: x=100 mm, N_eff End/Top=8882/10000, sigma_single End/Top=496.722/159.915 ps
Run 18: x=150 mm, N_eff End/Top=7978/10000, sigma_single End/Top=529.488/216.061 ps
Run 19: x=200 mm, N_eff End/Top=6733/9995, sigma_single End/Top=599.801/294.92 ps
Run 20: x=250 mm, N_eff End/Top=5516/9850, sigma_single End/Top=667.151/378.168 ps
Run 21: x=300 mm, N_eff End/Top=4308/9202, sigma_single End/Top=742.859/476.953 ps
Run 22: x=350 mm, N_eff End/Top=3412/7992, sigma_single End/Top=758.524/682.989 ps
Run 23: x=400 mm, N_eff End/Top=2516/6275, sigma_single End/Top=761.575/694.515 ps
Run 24: x=450 mm, N_eff End/Top=1858/4830, sigma_single End/Top=681.336/766.633 ps
Run 25: x=500 mm, N_eff End/Top=1546/3338, sigma_single End/Top=680/776.485 ps
Run 26: x=550 mm, N_eff End/Top=1176/2458, sigma_single End/Top=736.391/777.275 ps
Run 27: x=600 mm, N_eff End/Top=907/1765, sigma_single End/Top=678.969/808.375 ps
Run 28: x=650 mm, N_eff End/Top=879/1170, sigma_single End/Top=829.433/765.101 ps
Run 29: x=670 mm, N_eff End/Top=957/1111, sigma_single End/Top=686.083/805.82 ps
Run 30: x=690 mm, N_eff End/Top=1358/1452, sigma_single End/Top=652.682/775.656 ps
Info in <TCanvas::Print>: pdf file results/congruent_metric_2026-06-08/sigma_single_vs_position.pdf has been created
Info in <TCanvas::Print>: png file results/congruent_metric_2026-06-08/sigma_single_vs_position.png has been created
Info in <TCanvas::Print>: pdf file results/congruent_metric_2026-06-08/trigger_efficiency_vs_position.pdf has been created
Info in <TCanvas::Print>: png file results/congruent_metric_2026-06-08/trigger_efficiency_vs_position.png has been created
Analisis SUM4 congruente completado: 31 posiciones; salida en results/congruent_metric_2026-06-08
