
**************************************************************
 Geant4 version Name: geant4-11-04 [MT]   (5-December-2025)
  << in Multi-threaded mode >> 
                       Copyright : Geant4 Collaboration
                      References : NIM A 506 (2003), 250-303
                                 : IEEE-TNS 53 (2006), 270-278
                                 : NIM A 835 (2016), 186-225
                             WWW : http://geant4.org/
**************************************************************

[threads] source=cli count=16
Accumulable registered as "NEndLeft"
Accumulable registered as "NEndRight"
Accumulable registered as "NTop"
Accumulable registered as "NEventsWithHits"
Accumulable registered as "NScintPhotons"

-------- WWWW ------- G4Exception-START -------- WWWW -------
*** G4Exception : mat031
      issued by : G4Material::FillVectors()
For material opsc-101 sum of fractional masses 0.996667 is not 1 - results may be wrong

*** This is just a warning message. ***
-------- WWWW -------- G4Exception-END --------- WWWW -------

Checking overlaps for volume BarPV:0 (G4Box) ... OK! 
Checking overlaps for volume AirGapYPlusPV:0 (G4Box) ... OK! 
Checking overlaps for volume MylarYPlusPV:0 (G4Box) ... OK! 
Checking overlaps for volume AirGapYMinusPV:1 (G4Box) ... OK! 
Checking overlaps for volume MylarYMinusPV:1 (G4Box) ... OK! 
Checking overlaps for volume AirGapZPlusPV:2 (G4Box) ... OK! 
Checking overlaps for volume MylarZPlusPV:2 (G4Box) ... OK! 
Checking overlaps for volume AirGapZMinusPV:3 (G4Box) ... OK! 
Checking overlaps for volume MylarZMinusPV:3 (G4Box) ... OK! 
Checking overlaps for volume EndSiPMLeft_PV:0 (G4Box) ... OK! 
Checking overlaps for volume EndSiPMRight_PV:8 (G4Box) ... OK! 
Checking overlaps for volume EndSiPMLeft_PV:1 (G4Box) ... OK! 
Checking overlaps for volume EndSiPMRight_PV:9 (G4Box) ... OK! 
Checking overlaps for volume EndSiPMLeft_PV:2 (G4Box) ... OK! 
Checking overlaps for volume EndSiPMRight_PV:10 (G4Box) ... OK! 
Checking overlaps for volume EndSiPMLeft_PV:3 (G4Box) ... OK! 
Checking overlaps for volume EndSiPMRight_PV:11 (G4Box) ... OK! 
Checking overlaps for volume EndSiPMLeft_PV:4 (G4Box) ... OK! 
Checking overlaps for volume EndSiPMRight_PV:12 (G4Box) ... OK! 
Checking overlaps for volume EndSiPMLeft_PV:5 (G4Box) ... OK! 
Checking overlaps for volume EndSiPMRight_PV:13 (G4Box) ... OK! 
Checking overlaps for volume EndSiPMLeft_PV:6 (G4Box) ... OK! 
Checking overlaps for volume EndSiPMRight_PV:14 (G4Box) ... OK! 
Checking overlaps for volume EndSiPMLeft_PV:7 (G4Box) ... OK! 
Checking overlaps for volume EndSiPMRight_PV:15 (G4Box) ... OK! 
### Birks coefficients used in run time
G4WT7 > Accumulable registered as "NEndLeft"
G4WT8 > Accumulable registered as "NEndLeft"
G4WT8 > Accumulable registered as "NEndRight"
G4WT9 > Accumulable registered as "NEndLeft"
G4WT9 > Accumulable registered as "NEndRight"
G4WT9 > Accumulable registered as "NTop"
G4WT15 > Accumulable registered as "NEndLeft"
G4WT15 > Accumulable registered as "NEndRight"
G4WT12 > Accumulable registered as "NEndLeft"
G4WT12 > Accumulable registered as "NEndRight"
G4WT2 > Accumulable registered as "NEndLeft"
G4WT2 > Accumulable registered as "NEndRight"
G4WT2 > Accumulable registered as "NTop"
G4WT7 > Accumulable registered as "NEndRight"
G4WT0 > Accumulable registered as "NEndLeft"
G4WT0 > Accumulable registered as "NEndRight"
G4WT0 > Accumulable registered as "NTop"
G4WT6 > Accumulable registered as "NEndLeft"
G4WT8 > Accumulable registered as "NTop"
G4WT8 > Accumulable registered as "NEventsWithHits"
G4WT8 > Accumulable registered as "NScintPhotons"
G4WT15 > Accumulable registered as "NTop"
G4WT15 > Accumulable registered as "NEventsWithHits"
G4WT11 > Accumulable registered as "NEndLeft"
G4WT3 > Accumulable registered as "NEndLeft"
G4WT12 > Accumulable registered as "NTop"
G4WT4 > Accumulable registered as "NEndLeft"
G4WT14 > Accumulable registered as "NEndLeft"
G4WT2 > Accumulable registered as "NEventsWithHits"
G4WT7 > Accumulable registered as "NTop"
G4WT5 > Accumulable registered as "NEndLeft"
G4WT9 > Accumulable registered as "NEventsWithHits"
G4WT0 > Accumulable registered as "NEventsWithHits"
G4WT6 > Accumulable registered as "NEndRight"
G4WT6 > Accumulable registered as "NTop"
G4WT10 > Accumulable registered as "NEndLeft"
G4WT10 > Accumulable registered as "NEndRight"
G4WT15 > Accumulable registered as "NScintPhotons"
G4WT11 > Accumulable registered as "NEndRight"
G4WT11 > Accumulable registered as "NTop"
G4WT12 > Accumulable registered as "NEventsWithHits"
G4WT12 > Accumulable registered as "NScintPhotons"
G4WT14 > Accumulable registered as "NEndRight"
G4WT14 > Accumulable registered as "NTop"
G4WT7 > Accumulable registered as "NEventsWithHits"
G4WT5 > Accumulable registered as "NEndRight"
G4WT9 > Accumulable registered as "NScintPhotons"
G4WT0 > Accumulable registered as "NScintPhotons"
G4WT1 > Accumulable registered as "NEndLeft"
G4WT6 > Accumulable registered as "NEventsWithHits"
G4WT13 > Accumulable registered as "NEndLeft"
G4WT10 > Accumulable registered as "NTop"
G4WT3 > Accumulable registered as "NEndRight"
G4WT11 > Accumulable registered as "NEventsWithHits"
G4WT11 > Accumulable registered as "NScintPhotons"
G4WT2 > Accumulable registered as "NScintPhotons"
G4WT14 > Accumulable registered as "NEventsWithHits"
G4WT7 > Accumulable registered as "NScintPhotons"
G4WT5 > Accumulable registered as "NTop"
G4WT5 > Accumulable registered as "NEventsWithHits"
G4WT6 > Accumulable registered as "NScintPhotons"
G4WT13 > Accumulable registered as "NEndRight"
G4WT10 > Accumulable registered as "NEventsWithHits"
G4WT3 > Accumulable registered as "NTop"
G4WT4 > Accumulable registered as "NEndRight"
G4WT4 > Accumulable registered as "NTop"
G4WT1 > Accumulable registered as "NEndRight"
G4WT5 > Accumulable registered as "NScintPhotons"
G4WT13 > Accumulable registered as "NTop"
G4WT10 > Accumulable registered as "NScintPhotons"
G4WT3 > Accumulable registered as "NEventsWithHits"
G4WT14 > Accumulable registered as "NScintPhotons"
G4WT4 > Accumulable registered as "NEventsWithHits"
G4WT1 > Accumulable registered as "NTop"
G4WT13 > Accumulable registered as "NEventsWithHits"
G4WT13 > Accumulable registered as "NScintPhotons"
G4WT4 > Accumulable registered as "NScintPhotons"
G4WT1 > Accumulable registered as "NEventsWithHits"
G4WT1 > Accumulable registered as "NScintPhotons"
G4WT3 > Accumulable registered as "NScintPhotons"

=== Active Scintillator Baseline ===
  SSLG4 code            : OPSC-101
  Yield                 : 10400 ph/MeV
  Rise time tau_r       : 0.7 ns
  Decay time tau_d      : 1.8 ns
  Attenuation length    : 160 cm
  Emission peak lambda  : 408.8 nm
  Finite rise time      : enabled
=====================================

=== Active Readout / Wrapping Configuration ===
  Readout configuration : End
  Top surface mode      : mylar
  SiPM model            : AFBR-S4N66P024M
  SiPM PDE file         : /mnt/d/SHiP/ej200_endonly/data/sipm/AFBR-S4N66P024M_pde.txt
  -X face               : instrumented
  +X face               : instrumented
  -Y face               : wrapped
  +Y face               : wrapped
  -Z face               : wrapped
  +Z face               : wrapped
  Reflector R           : 0.95
  SiPM efficiency mode  : nominal
  Scint-air finish      : ground
  Scint-air sigma alpha : 0.2 rad
  Mylar specular lobe   : 1
  Mylar sigma alpha     : 0.1 deg
  Mylar finish          : polished
  Mylar air gap         : 0.1 mm
  Active End SiPMs      : 16 (L=8, R=8)
  Active Top SiPMs      : 0
==============================================

-------- WWWW ------- G4Exception-START -------- WWWW -------
*** G4Exception : Run10035
      issued by : G4TaskRunManager::InitializeEventLoop()
Event modulo is reduced to 12 (was 14) to distribute events to all threads.
*** This is just a warning message. ***
-------- WWWW -------- G4Exception-END --------- WWWW -------


-------- WWWW ------- G4Exception-START -------- WWWW -------
*** G4Exception : Run10035
      issued by : G4TaskRunManager::InitializeEventLoop()
Event modulo is reduced to 12 (was 14) to distribute events to all threads.
*** This is just a warning message. ***
-------- WWWW -------- G4Exception-END --------- WWWW -------

G4WT2 > 
=== EJ Scintillator Bar Run Summary ===
  Run ID                : 0
  Events run            : 12
  Events with ≥1 hit    : 12
  End-left  photons     : 58
  End-right photons     : 32442
  Top SiPM  photons     : 0
  Scint photons generated: 211420
  Total photons detected : 32500
  Detection efficiency   : 15.3722 %
  ROOT output           : photon_hits_run000.root
==============================

G4WT15 > 
=== EJ Scintillator Bar Run Summary ===
  Run ID                : 0
  Events run            : 12
  Events with ≥1 hit    : 12
  End-left  photons     : 66
  End-right photons     : 31714
  Top SiPM  photons     : 0
  Scint photons generated: 206339
  Total photons detected : 31780
  Detection efficiency   : 15.4018 %
  ROOT output           : photon_hits_run000.root
==============================

G4WT8 > 
=== EJ Scintillator Bar Run Summary ===
  Run ID                : 0
  Events run            : 12
  Events with ≥1 hit    : 12
  End-left  photons     : 42
  End-right photons     : 32021
  Top SiPM  photons     : 0
  Scint photons generated: 207971
  Total photons detected : 32063
  Detection efficiency   : 15.4171 %
  ROOT output           : photon_hits_run000.root
==============================

G4WT7 > 
=== EJ Scintillator Bar Run Summary ===
  Run ID                : 0
  Events run            : 12
  Events with ≥1 hit    : 12
  End-left  photons     : 39
  End-right photons     : 30873
  Top SiPM  photons     : 0
  Scint photons generated: 200278
  Total photons detected : 30912
  Detection efficiency   : 15.4345 %
  ROOT output           : photon_hits_run000.root
==============================

G4WT10 > 
=== EJ Scintillator Bar Run Summary ===
  Run ID                : 0
  Events run            : 12
  Events with ≥1 hit    : 12
  End-left  photons     : 46
  End-right photons     : 36330
  Top SiPM  photons     : 0
  Scint photons generated: 234628
  Total photons detected : 36376
  Detection efficiency   : 15.5037 %
  ROOT output           : photon_hits_run000.root
==============================

G4WT9 > 
=== EJ Scintillator Bar Run Summary ===
  Run ID                : 0
  Events run            : 12
  Events with ≥1 hit    : 12
  End-left  photons     : 50
  End-right photons     : 30242
  Top SiPM  photons     : 0
  Scint photons generated: 194540
  Total photons detected : 30292
  Detection efficiency   : 15.5711 %
  ROOT output           : photon_hits_run000.root
==============================

G4WT12 > 
=== EJ Scintillator Bar Run Summary ===
  Run ID                : 0
  Events run            : 12
  Events with ≥1 hit    : 12
  End-left  photons     : 67
  End-right photons     : 33451
  Top SiPM  photons     : 0
  Scint photons generated: 218422
  Total photons detected : 33518
  Detection efficiency   : 15.3455 %
  ROOT output           : photon_hits_run000.root
==============================

G4WT3 > 
=== EJ Scintillator Bar Run Summary ===
  Run ID                : 0
  Events run            : 20
  Events with ≥1 hit    : 20
  End-left  photons     : 83
  End-right photons     : 56175
  Top SiPM  photons     : 0
  Scint photons generated: 361514
  Total photons detected : 56258
  Detection efficiency   : 15.5618 %
  ROOT output           : photon_hits_run000.root
==============================

G4WT1 > 
=== EJ Scintillator Bar Run Summary ===
  Run ID                : 0
  Events run            : 12
  Events with ≥1 hit    : 12
  End-left  photons     : 68
  End-right photons     : 38479
  Top SiPM  photons     : 0
  Scint photons generated: 245259
  Total photons detected : 38547
  Detection efficiency   : 15.7169 %
  ROOT output           : photon_hits_run000.root
==============================

G4WT6 > 
=== EJ Scintillator Bar Run Summary ===
  Run ID                : 0
  Events run            : 12
  Events with ≥1 hit    : 12
  End-left  photons     : 58
  End-right photons     : 38305
  Top SiPM  photons     : 0
  Scint photons generated: 247195
  Total photons detected : 38363
  Detection efficiency   : 15.5193 %
  ROOT output           : photon_hits_run000.root
==============================

G4WT13 > 
=== EJ Scintillator Bar Run Summary ===
  Run ID                : 0
  Events run            : 12
  Events with ≥1 hit    : 12
  End-left  photons     : 65
  End-right photons     : 33019
  Top SiPM  photons     : 0
  Scint photons generated: 212985
  Total photons detected : 33084
  Detection efficiency   : 15.5335 %
  ROOT output           : photon_hits_run000.root
==============================

G4WT0 > 
=== EJ Scintillator Bar Run Summary ===
  Run ID                : 0
  Events run            : 12
  Events with ≥1 hit    : 12
  End-left  photons     : 64
  End-right photons     : 33711
  Top SiPM  photons     : 0
  Scint photons generated: 217463
  Total photons detected : 33775
  Detection efficiency   : 15.5314 %
  ROOT output           : photon_hits_run000.root
==============================

G4WT4 > 
=== EJ Scintillator Bar Run Summary ===
  Run ID                : 0
  Events run            : 12
  Events with ≥1 hit    : 12
  End-left  photons     : 62
  End-right photons     : 31478
  Top SiPM  photons     : 0
  Scint photons generated: 203632
  Total photons detected : 31540
  Detection efficiency   : 15.4887 %
  ROOT output           : photon_hits_run000.root
==============================

G4WT5 > 
=== EJ Scintillator Bar Run Summary ===
  Run ID                : 0
  Events run            : 12
  Events with ≥1 hit    : 12
  End-left  photons     : 77
  End-right photons     : 32254
  Top SiPM  photons     : 0
  Scint photons generated: 208553
  Total photons detected : 32331
  Detection efficiency   : 15.5025 %
  ROOT output           : photon_hits_run000.root
==============================

G4WT11 > 
=== EJ Scintillator Bar Run Summary ===
  Run ID                : 0
  Events run            : 12
  Events with ≥1 hit    : 12
  End-left  photons     : 52
  End-right photons     : 30895
  Top SiPM  photons     : 0
  Scint photons generated: 201390
  Total photons detected : 30947
  Detection efficiency   : 15.3667 %
  ROOT output           : photon_hits_run000.root
==============================

G4WT14 > 
=== EJ Scintillator Bar Run Summary ===
  Run ID                : 0
  Events run            : 12
  Events with ≥1 hit    : 12
  End-left  photons     : 43
  End-right photons     : 32221
  Top SiPM  photons     : 0
  Scint photons generated: 207399
  Total photons detected : 32264
  Detection efficiency   : 15.5565 %
  ROOT output           : photon_hits_run000.root
==============================


=== EJ Scintillator Bar Run Summary ===
  Run ID                : 0
  Events run            : 200
  Events with ≥1 hit    : 200
  End-left  photons     : 940
  End-right photons     : 553610
  Top SiPM  photons     : 0
  Scint photons generated: 3578988
  Total photons detected : 554550
  Detection efficiency   : 15.4946 %
  ROOT output           : photon_hits_run000.root
==============================


=== Boundary Census (diagnostic) ===
  Bar -> reflector panel   : 18438948
  Bar -> World (escaped)   : 740357
  Bar -> Bar (TIR/refl)    : 0
  Bar -> SiPM (entering)   : 887819
  Killed in WorldLV        : 761906
====================================

